

***********************************************************************************************************************
*                                                                                                                     *
*                                                     EOSFIT7c                                                        *
*                                                                                                                     *
*             Authors: RJ ANGEL, J GONZALEZ-PLATAS, M ALVARO, ML MAZZUCCHELLI                                         *
*        Version date: 13-May-2021                                                                                    *
*             Version:  7.60                                                                                          *
*                                                                                                                     *
*                                                                                                                     *
*        INCLUDING LEAST SQUARES BY I.G. WOOD & J. PIPER AND USING THE CrysFML EOS MODULE.                            *
*                                                                                                                     *
*        EosFit7c: Angel, Gonzalez-Platas, Alvaro (2014) Zeitschrift fuer Kristallographie, 229:405-419.              *
*        Phase Transitions: Angel et al (2017) Contribs Min Pet, DOI:10.1007/s00410-017-1349-x                        *
*        Fitting Moduli: Milani et al. (2017) Amer Min, DOI:10.2138/am-2017-5855                                      *
*                                                                                                                     *
*        Development currently supported by ERC grant 714936, TrueDepths to M. Alvaro, and                            *
*                          Agencia Estatal de Investigacion under                                                     *
*        National Program of Sciences and Technological Materials (PID2019-106383GB-C44) to J. Gonzalez-Platas        *
*        For more information see the help system                                                                     *
*                                                                                                                     *
*                                                                                                                     *
*        Current date and time:  3-OCT-2026 13:28                                                                     *
*                                                                                                                     *
***********************************************************************************************************************

EOSFIT-7.6>read /Users/clemens/Programming/peritheos/docs/data/fes-eosfit7c-q-compromise/combined-unit/input.dat





        The title on the file is: FeS audit combined unchanged observations
             The data in the file is for:T  ,P  ,V
               with esds in the file for:T  ,P  ,V

Only data available is for V: This will be selected

           The title on the data file is:  FeS audit combined unchanged observations

  THE 159 LOADED DATA ARE AS FOLLOWS:
<------------------------Observed Values-------------------------->
  N USE         P      esdP      T(K)      esdT       V      esd(V)
              GPA                                  CM^3/MOL
  1  1    29.5964   1.29360   1450.00   150.000   13.6915   0.00301
  2  1    29.6173   1.38320   1530.00   150.000   13.7501   0.00330
  3  1    29.6810   1.47280   1610.00   150.000   13.7997   0.00363
  4  1    29.9049   1.58480   1710.00   150.000   13.8950   0.00426
  5  1    33.1277   1.09200   1270.00   150.000   13.3755   0.00163
  6  1    33.2312   1.18160   1350.00   150.000   13.4022   0.00199
  7  1    33.4179   1.31600   1470.00   150.000   13.4598   0.00519
  8  1    33.4179   1.31600   1470.00   150.000   13.4598   0.00519
  9  1    41.6518   1.03600   1220.00   150.000   12.8114   0.00274
 10  1    41.7693   1.15920   1330.00   150.000   12.8353   0.00263
 11  1    41.6736   1.26000   1420.00   150.000   12.8651   0.00241
 12  1    41.9291   1.36080   1510.00   150.000   12.9205   0.00185
 13  1    41.8033   1.43920   1580.00   150.000   12.9557   0.00343
 14  1    41.9176   1.50640   1640.00   150.000   12.9755   0.00226
 15  1    42.1986   1.62960   1750.00   150.000   13.0099   0.00374
 16  1    42.6556   1.78640   1890.00   150.000   13.0421   0.00396
 17  1    45.1681   1.06960   1250.00   150.000   12.6352   0.00424
 18  1    44.9994   1.17040   1340.00   150.000   12.6738   0.00406
 19  1    44.9909   1.24880   1410.00   150.000   12.6940   0.00419
 20  1    44.9010   1.38320   1530.00   150.000   12.7795   0.00235
 21  1    44.8590   1.52880   1660.00   150.000   12.8028   0.00322
 22  1    44.9072   1.64080   1760.00   150.000   12.8582   0.00294
 23  1    44.9390   1.74160   1850.00   150.000   12.9173   0.00362
 24  1    45.0022   1.84240   1940.00   150.000   12.9427   0.00392
 25  1    45.0678   1.90960   2000.00   150.000   12.9834   0.00433
 26  1    45.1985   2.02160   2100.00   150.000   13.0166   0.00520
 27  1    45.2392   2.12240   2190.00   150.000   13.1062   0.00466
 28  1    45.3343   2.23440   2290.00   150.000   13.1220   0.00493
 29  1    54.1843   1.03600   1220.00   150.000   12.2175   0.00381
 30  1    54.2740   1.08080   1260.00   150.000   12.2301   0.00219
 31  1    54.2970   1.17040   1340.00   150.000   12.2500   0.00200
 32  1    54.2284   1.27120   1430.00   150.000   12.2737   0.00174
 33  1    54.1407   1.32720   1480.00   150.000   12.3063   0.00205
 34  1    54.1687   1.43920   1580.00   150.000   12.3363   0.00247
 35  1    54.2215   1.55120   1680.00   150.000   12.3764   0.00333
 36  1    54.2202   1.62960   1750.00   150.000   12.4062   0.00459
 37  1    54.2211   1.69680   1810.00   150.000   12.4249   0.00480
 38  1    54.2430   1.77520   1880.00   150.000   12.4580   0.00387
 39  1    54.2302   1.84240   1940.00   150.000   12.4695   0.00403
 40  1    54.2358   1.93200   2020.00   150.000   12.4931   0.00415
 41  1    54.2892   2.04400   2120.00   150.000   12.5415   0.00433
 42  1    54.2243   2.13360   2200.00   150.000   12.5877   0.00492
 43  1    57.9981   1.12560   1300.00   150.000   12.0885   0.00309
 44  1    58.0563   1.24880   1410.00   150.000   12.1192   0.00340
 45  1    58.0852   1.30480   1460.00   150.000   12.1072   0.00322
 46  1    58.1264   1.37200   1520.00   150.000   12.1205   0.00278
 47  1    58.2363   1.49520   1630.00   150.000   12.1345   0.00286
 48  1    58.3077   1.57360   1700.00   150.000   12.1414   0.00286
 49  1    58.5404   1.65200   1770.00   150.000   12.1618   0.00263
 50  1    58.6663   1.74160   1850.00   150.000   12.2158   0.00254
<------------------------Observed Values-------------------------->
  N USE         P      esdP      T(K)      esdT       V      esd(V)
              GPA                                  CM^3/MOL
 51  1    58.8002   1.83120   1930.00   150.000   12.2296   0.00340
 52  1    58.8179   1.92080   2010.00   150.000   12.2413   0.00282
 53  1    58.9342   1.98800   2070.00   150.000   12.2520   0.00379
 54  1    59.1212   2.11120   2180.00   150.000   12.2584   0.00401
 55  1    59.2891   2.18960   2250.00   150.000   12.2828   0.00503
 56  1    59.3838   2.27920   2330.00   150.000   12.2963   0.00797
 57  1    63.7709   1.12560   1300.00   150.000   11.9339   0.00325
 58  1    63.6024   1.17040   1340.00   150.000   11.9447   0.00340
 59  1    63.4838   1.26000   1420.00   150.000   11.9513   0.00291
 60  1    63.4353   1.32720   1480.00   150.000   11.9543   0.00321
 61  1    63.4263   1.40560   1550.00   150.000   11.9587   0.00173
 62  1    63.4708   1.49520   1630.00   150.000   11.9641   0.00191
 63  1    63.4788   1.55120   1680.00   150.000   11.9715   0.00200
 64  1    63.4561   1.64080   1760.00   150.000   11.9934   0.00234
 65  1    63.4578   1.71920   1830.00   150.000   12.0151   0.00190
 66  1    63.4820   1.79760   1900.00   150.000   12.0372   0.00200
 67  1    63.4522   1.88720   1980.00   150.000   12.0589   0.00209
 68  1    63.5647   1.97680   2060.00   150.000   12.0863   0.00276
 69  1    63.7663   2.11120   2180.00   150.000   12.1088   0.00246
 70  1    63.8600   2.22320   2280.00   150.000   12.1322   0.00476
 71  1    63.9175   2.32400   2370.00   150.000   12.1588   0.00333
 72  1    64.2285   2.38000   2420.00   150.000   12.1796   0.00397
 73  1    64.2644   2.48080   2510.00   150.000   12.2196   0.00305
 74  1    64.1073   2.51440   2540.00   150.000   12.2416   0.00389
 75  1    83.7593   1.26000   1420.00   150.000   11.3323   0.00310
 76  1    83.8346   1.33840   1490.00   150.000   11.3411   0.00342
 77  1    83.9210   1.41680   1560.00   150.000   11.3796   0.00341
 78  1    84.2479   1.55120   1680.00   150.000   11.3835   0.00317
 79  1    84.3992   1.61840   1740.00   150.000   11.3960   0.00245
 80  1    84.4442   1.69680   1810.00   150.000   11.4172   0.00298
 81  1    84.4649   1.77520   1880.00   150.000   11.4407   0.00254
 82  1    84.4635   1.86480   1960.00   150.000   11.4700   0.00311
 83  1    84.4695   1.97680   2060.00   150.000   11.4938   0.00347
 84  1    84.3718   2.10000   2170.00   150.000   11.5203   0.00710
 85  1    84.3526   2.17840   2240.00   150.000   11.5095   0.00636
 86  1    84.3375   2.27920   2330.00   150.000   11.5130   0.00536
 87  1    84.6732   2.40240   2440.00   150.000   11.5496   0.00623
 88  1    84.6227   2.48080   2510.00   150.000   11.5596   0.00717
 89  1    92.4086   1.47280   1610.00   150.000   11.2253   0.00678
 90  1    92.4186   1.69680   1810.00   150.000   11.2230   0.00358
 91  1    92.8268   1.80880   1910.00   150.000   11.2114   0.00237
 92  1    92.8125   1.57360   1700.00   150.000   11.1689   0.00178
 93  1    92.7971   1.46160   1600.00   150.000   11.1518   0.00176
 94  1    93.0799   1.75280   1860.00   150.000   11.1819   0.00201
 95  1    93.2651   1.84240   1940.00   150.000   11.1915   0.00212
 96  1    93.4954   1.95440   2040.00   150.000   11.2112   0.00321
 97  1    93.6135   2.04400   2120.00   150.000   11.2305   0.00254
 98  1    93.7267   2.16720   2230.00   150.000   11.2545   0.00216
 99  1    94.0063   2.34640   2390.00   150.000   11.2763   0.00251
100  1    94.0082   2.44720   2480.00   150.000   11.3218   0.00372
<------------------------Observed Values-------------------------->
  N USE         P      esdP      T(K)      esdT       V      esd(V)
              GPA                                  CM^3/MOL
101  1    94.2592   2.52560   2550.00   150.000   11.3218   0.00436
102  1    108.263   1.60720   1730.00   150.000   10.7924   0.00317
103  1    108.554   1.68560   1800.00   150.000   10.7941   0.00283
104  1    109.100   1.87600   1970.00   150.000   10.8122   0.00211
105  1    109.347   1.61840   1740.00   150.000   10.7958   0.00192
106  1    109.266   1.49520   1630.00   150.000   10.7874   0.00176
107  1    109.210   1.39440   1540.00   150.000   10.7763   0.00180
108  1    109.146   1.28240   1440.00   150.000   10.7660   0.00176
109  1    109.052   1.17040   1340.00   150.000   10.7582   0.00195
110  1    109.097   1.17040   1340.00   150.000   10.7565   0.00201
111  1    109.504   1.57360   1700.00   150.000   10.7856   0.00200
112  1    109.609   1.68560   1800.00   150.000   10.7949   0.00190
113  1    109.780   1.74160   1850.00   150.000   10.7970   0.00186
114  1    109.961   1.89840   1990.00   150.000   10.8106   0.00205
115  1    110.057   1.98800   2070.00   150.000   10.8249   0.00238
116  1    110.219   2.08880   2160.00   150.000   10.8502   0.00258
117  1    110.303   2.18960   2250.00   150.000   10.8687   0.00300
118  1    110.562   2.26800   2320.00   150.000   10.8740   0.00369
119  1    110.756   2.36880   2410.00   150.000   10.8899   0.00549
120  1    110.707   2.49200   2520.00   150.000   10.9344   0.00455
121  1    110.928   2.57040   2590.00   150.000   10.9509   0.00494
122  1    115.855   1.70800   1820.00   150.000   10.6053   0.00627
123  1    116.306   1.71920   1830.00   150.000   10.5870   0.00644
124  1    116.740   1.90960   2000.00   150.000   10.6021   0.00547
125  1    117.407   1.97680   2060.00   150.000   10.6257   0.00423
126  1    117.832   2.13360   2200.00   150.000   10.6405   0.00487
127  1    118.498   2.30160   2350.00   150.000   10.6947   0.00651
128  1    118.847   2.39120   2430.00   150.000   10.6960   0.00459
129  1    118.550   1.90960   2000.00   150.000   10.6173   0.00962
130  1    118.524   1.79760   1900.00   150.000   10.6006   0.00661
131  1    118.494   1.68560   1800.00   150.000   10.5952   0.00854
132  1    118.350   1.57360   1700.00   150.000   10.5937   0.00797
133  1    118.373   1.46160   1600.00   150.000   10.5816   0.00963
134  1    118.240   1.23760   1400.00   150.000   10.5806   0.00776
135  1    128.752   1.15920   1330.00   150.000   10.4041   0.00358
136  1    129.081   1.33840   1490.00   150.000   10.4082   0.00403
137  1    129.340   1.52880   1660.00   150.000   10.4126   0.00374
138  1    129.907   1.67440   1790.00   150.000   10.4085   0.00548
139  1    130.211   1.82000   1920.00   150.000   10.4056   0.00417
140  1    130.971   2.02160   2100.00   150.000   10.4077   0.00481
141  1    131.695   2.17840   2240.00   150.000   10.4277   0.00481
142  1    132.596   2.40240   2440.00   150.000   10.4588   0.00461
143  1    148.509   1.20400   1370.00   150.000   10.0719   0.00428
144  1    148.906   1.42800   1570.00   150.000   10.0723   0.00384
145  1    149.347   1.60720   1730.00   150.000   10.0751   0.00383
146  1    149.948   1.79760   1900.00   150.000   10.0741   0.00659
147  1    68.9000   0.40000   300.000   0.00000   11.5490   0.00452
148  1    84.8000   0.40000   300.000   0.00000   11.0747   0.00452
149  1    101.100   0.20000   300.000   0.00000   10.7345   0.00452
150  1    70.3000   0.10000   300.000   0.00000   11.4752   0.00301
151  1    39.0000   0.10000   300.000   0.00000   12.4839   0.00452
152  1    44.3000   0.10000   300.000   0.00000   12.3062   0.00452
153  1    112.300   0.50000   300.000   0.00000   10.5297   0.00903
154  1    130.600   0.50000   300.000   0.00000   10.2753   0.00903
155  1    148.500   0.60000   300.000   0.00000   10.0103   0.00753
156  1    170.500   0.60000   300.000   0.00000   9.74232   0.00753
157  1    185.500   0.60000   300.000   0.00000   9.47283   0.00753
158  1    198.200   0.60000   300.000   0.00000   9.37948   0.00753
159  1    214.500   0.60000   300.000   0.00000   9.23043   0.00753

       Esds available for all data points for:  P, V
      Esds available for some data points for:  T

EOSFIT-7.6>input

*************************************Commands to input or change EoS parameters ***************************************


   Type HELP for a list of commands to change EoS types or parameters


INPUT EOS>pr

     Available equations of state are:
     1=Murnaghan, 2=Birch-Murnaghan, 3=Vinet, 4=Natural Strain, 5=Tait, 6=APL, 7=Kumar,

     Input choice (0 for none, space for no change):2

INPUT ORDER OF EOS (2,3,4):3


INPUT EOS PARAMETERS, <CR> FOR NO CHANGE:
          VALUE OF V0    (     1.000):15.4
          VALUE OF K0    (    10.000):115.5
          VALUE OF Kp    (     4.000):4.99
 
 
  EOS Information
-------------------
 
    Title: 
Eos Saved: 
 
   System: 
    Class: Volume
   Stoichiometry:            1.000
 
  Compressibility
-------------------
 
    Model: Birch-Murnaghan
    Order:  3
   Pressure of reference:    0.000
 
      V0:  15.4000           :Reference pressure volume: units as volume data
      K0:  115.500           :Bulk modulus: same units as pressure data
      Kp:  4.99000           :dK/dP: dimensionless
     Kpp: -0.0507            :d2K/dP2: inverse pressure units [IMPLIED VALUE]
 
 
  Scale factors for data groups
---------------------------------
   Sca 1:  1.00000           :Scale factor for data group 1 [FIXED VALUE]
 

INPUT EOS>th

     Available thermal expansion equations are:
       1=Berman 1988,  2=Fei 1995,  3=Modified HP1998,  4=Kroll,  5=Salje low-T,
     Available thermal-pressure EoS are:
       6=HP Thermal Pressure,  7=Mie-Gruneisen-Debye,  8=Einstein Oscillator,

     Input choice (0 for none, space for no change):7

INPUT THERMAL PARAMETERS FOR Mie-Gruneisen-Debye <CR> FOR NO CHANGE:


*****WARNING: EoS must have a Pscale in kbar or GPa and a Vscale in cm3/mol set to get correct results.

    Reference temperature ( 298.0K):300

     Do you want to use q-compromise version (Y/N) <N>?y

    Reference pressure volume: units as volume data:
                    VALUE OF V0    (    15.400):15.4
    Debye temperature in K:
                    VALUE OF ThMGD (   298.000):417
    Number of atoms per formula unit:
                    VALUE OF Natom (     1.000):2

*****INFORMATION*****

    Gamma0 is a refineable parameter in the thermal-pressure model, q is not defined for q-compromise

    Gruneisen parameter at Tref,Pref:
                    VALUE OF Gamm0 (     1.000):2.42

*****The results of the thermal pressure model depend on the EoS parameters

*****WARNING: EoS must have a Pscale in kbar or GPa and a Vscale in cm3/mol set to get correct results.

 
 
  EOS Information
-------------------
 
    Title: 
Eos Saved: 
 
   System: 
    Class: Volume
   Stoichiometry:            1.000
 
  Compressibility
-------------------
 
    Model: Birch-Murnaghan
    Order:  3
   Pressure of reference:    0.000
 
      V0:  15.4000           :Reference pressure volume: units as volume data
      K0:  115.500           :Bulk modulus: same units as pressure data
      Kp:  4.99000           :dK/dP: dimensionless
     Kpp: -0.0507            :d2K/dP2: inverse pressure units [IMPLIED VALUE]
 
 
  Thermal Expansion
-------------------
 
   Model: Mie-Gruneisen-Debye
           with q-compromise
 
   Temperature of reference:   300.00 K
 
   ThMGD:  417.000           :Debye temperature in K
   Natom:  2.00000           :Number of atoms per formula unit [FIXED VALUE]
   Gamm0:  2.42000           :Gruneisen parameter at Tref,Pref
 
  Scale factors for data groups
---------------------------------
   Sca 1:  1.00000           :Scale factor for data group 1 [FIXED VALUE]
 

INPUT EOS>pscale

     This command allows you to label the output parameters with the pressure scale name (e.g. 'GPa')
     It does not change the parameter values or the P values in the dataset!

     No pressure scale name has been set

     Input name of pressure scale, blank for no change, or 'none':GPa

     The pressure scale name is: GPa

 
 
  EOS Information
-------------------
 
    Title: 
Eos Saved: 
 
   System: 
    Class: Volume
   Pscale: GPa
   Stoichiometry:            1.000
 
  Compressibility
-------------------
 
    Model: Birch-Murnaghan
    Order:  3
   Pressure of reference:    0.000
 
      V0:  15.4000           :Reference pressure volume: units as volume data
      K0:  115.500           :Bulk modulus: units are GPa
      Kp:  4.99000           :dK/dP: dimensionless
     Kpp: -0.0507            :d2K/dP2: units are inverse GPa [IMPLIED VALUE]
 
 
  Thermal Expansion
-------------------
 
   Model: Mie-Gruneisen-Debye
           with q-compromise
 
   Temperature of reference:   300.00 K
 
   ThMGD:  417.000           :Debye temperature in K
   Natom:  2.00000           :Number of atoms per formula unit [FIXED VALUE]
   Gamm0:  2.42000           :Gruneisen parameter at Tref,Pref
 
  Scale factors for data groups
---------------------------------
   Sca 1:  1.00000           :Scale factor for data group 1 [FIXED VALUE]
 

INPUT EOS>vscale

     This command allows you to label the output parameters with the volume scale name (e.g. 'cm3/mol')
     For linear data and Eos, use this for the name of the linear units (e.g. 'A')
     It does not change the parameter values or the values of the data!

     No volume/linear scale name has been set

     Input name of volume scale, blank for no change, or 'none':cm^3/mol

     The volume scale name is: cm^3/mol

 
 
  EOS Information
-------------------
 
    Title: 
Eos Saved: 
 
   System: 
    Class: Volume
   Pscale: GPa
   Vscale: cm^3/mol
   Stoichiometry:            1.000
 
  Compressibility
-------------------
 
    Model: Birch-Murnaghan
    Order:  3
   Pressure of reference:    0.000
 
      V0:  15.4000           :Reference pressure volume: units are cm^3/mol
      K0:  115.500           :Bulk modulus: units are GPa
      Kp:  4.99000           :dK/dP: dimensionless
     Kpp: -0.0507            :d2K/dP2: units are inverse GPa [IMPLIED VALUE]
 
 
  Thermal Expansion
-------------------
 
   Model: Mie-Gruneisen-Debye
           with q-compromise
 
   Temperature of reference:   300.00 K
 
   ThMGD:  417.000           :Debye temperature in K
   Natom:  2.00000           :Number of atoms per formula unit [FIXED VALUE]
   Gamm0:  2.42000           :Gruneisen parameter at Tref,Pref
 
  Scale factors for data groups
---------------------------------
   Sca 1:  1.00000           :Scale factor for data group 1 [FIXED VALUE]
 

INPUT EOS>x

*************************************************Exiting from INPUT ***************************************************


EOSFIT-7.6>save /Users/clemens/Programming/peritheos/docs/data/fes-eosfit7c-q-compromise/combined-unit/initial.eos
 
 
  EOS Information
-------------------
 
    Title: 
Eos Saved: 
 
   System: 
    Class: Volume
   Pscale: GPa
   Vscale: cm^3/mol
   Stoichiometry:            1.000
 
  Compressibility
-------------------
 
    Model: Birch-Murnaghan
    Order:  3
   Pressure of reference:    0.000
 
      V0:  15.4000           :Reference pressure volume: units are cm^3/mol
      K0:  115.500           :Bulk modulus: units are GPa
      Kp:  4.99000           :dK/dP: dimensionless
     Kpp: -0.0507            :d2K/dP2: units are inverse GPa [IMPLIED VALUE]
 
 
  Thermal Expansion
-------------------
 
   Model: Mie-Gruneisen-Debye
           with q-compromise
 
   Temperature of reference:   300.00 K
 
   ThMGD:  417.000           :Debye temperature in K
   Natom:  2.00000           :Number of atoms per formula unit [FIXED VALUE]
   Gamm0:  2.42000           :Gruneisen parameter at Tref,Pref
 
  Scale factors for data groups
---------------------------------
   Sca 1:  1.00000           :Scale factor for data group 1 [FIXED VALUE]
 

      Do you want to save this EoS to file (Y/N) <Y>?y




     Eos parameters written to file /Users/clemens/Programming/peritheos/docs/data/fes-eosfit7c-q-compromise/combined-unit/initial.eos


EOSFIT-7.6>list

           The title on the data file is:  FeS audit combined unchanged observations
           The calculated values are from:

  THE 159 LOADED DATA ARE AS FOLLOWS:
<-------------------------Observed Values---------------------------><----------------Calculated Values ----------------------->
  N USE         P      esdP      T(K)      esdT       V      esd(V)      Pcal    deltaP delta/esd    V  cal    deltaV   delV/esd
              GPA                                  CM^3/MOL               GPa                       cm^3/mol
  1  1    29.5964   1.29360   1450.00   150.000   13.6915   0.00301   27.0672   2.52927   1.95522   13.5247   0.16683   55.4624
  2  1    29.6173   1.38320   1530.00   150.000   13.7501   0.00330   26.8434   2.77392   2.00543   13.5635   0.18654   56.5367
  3  1    29.6810   1.47280   1610.00   150.000   13.7997   0.00363   26.7642   2.91684   1.98047   13.6002   0.19955   55.0206
  4  1    29.9049   1.58480   1710.00   150.000   13.8950   0.00426   26.2324   3.67253   2.31735   13.6371   0.25790   60.5854
  5  1    33.1277   1.09200   1270.00   150.000   13.3755   0.00163   30.6027   2.52505   2.31231   13.2282   0.14729   90.5846
  6  1    33.2312   1.18160   1350.00   150.000   13.4022   0.00199   30.7836   2.44756   2.07139   13.2578   0.14440   72.4694
  7  1    33.4179   1.31600   1470.00   150.000   13.4598   0.00519   30.7836   2.63433   2.00177   13.3012   0.15860   30.5543
  8  1    33.4179   1.31600   1470.00   150.000   13.4598   0.00519   30.7836   2.63433   2.00177   13.3012   0.15860   30.5543
  9  1    41.6518   1.03600   1220.00   150.000   12.8114   0.00274   40.7571   0.89470   0.86361   12.7690   0.04239   15.4479
 10  1    41.7693   1.15920   1330.00   150.000   12.8353   0.00263   41.1174   0.65199   0.56244   12.8040   0.03127   11.9065
 11  1    41.6736   1.26000   1420.00   150.000   12.8651   0.00241   41.2050   0.46858   0.37189   12.8423   0.02279   9.46056
 12  1    41.9291   1.36080   1510.00   150.000   12.9205   0.00185   40.7874   1.14172   0.83901   12.8641   0.05641   30.4336
 13  1    41.8033   1.43920   1580.00   150.000   12.9557   0.00343   40.6340   1.16933   0.81249   12.8971   0.05858   17.0744
 14  1    41.9176   1.50640   1640.00   150.000   12.9755   0.00226   40.7131   1.20450   0.79959   12.9147   0.06081   26.9319
 15  1    42.1986   1.62960   1750.00   150.000   13.0099   0.00374   40.9045   1.29409   0.79412   12.9438   0.06618   17.7158
 16  1    42.6556   1.78640   1890.00   150.000   13.0421   0.00396   41.3826   1.27302   0.71262   12.9761   0.06596   16.6656
 17  1    45.1681   1.06960   1250.00   150.000   12.6352   0.00424   44.8139   0.35423   0.33118   12.6195   0.01570   3.70421
 18  1    44.9994   1.17040   1340.00   150.000   12.6738   0.00406   44.6545   0.34484   0.29464   12.6582   0.01553   3.82373
 19  1    44.9909   1.24880   1410.00   150.000   12.6940   0.00419   44.7539   0.23694   0.18974   12.6833   0.01077   2.57198
 20  1    44.9010   1.38320   1530.00   150.000   12.7795   0.00235   43.8470   1.05391   0.76194   12.7303   0.04922   20.9264
 21  1    44.8590   1.52880   1660.00   150.000   12.8028   0.00322   44.3711   0.48786   0.31911   12.7797   0.02313   7.18821
 22  1    44.9072   1.64080   1760.00   150.000   12.8582   0.00294   44.0032   0.90400   0.55095   12.8145   0.04365   14.8372
 23  1    44.9390   1.74160   1850.00   150.000   12.9173   0.00362   43.5073   1.43176   0.82209   12.8469   0.07044   19.4700
 24  1    45.0022   1.84240   1940.00   150.000   12.9427   0.00392   43.7062   1.29602   0.70344   12.8781   0.06451   16.4394
 25  1    45.0678   1.90960   2000.00   150.000   12.9834   0.00433   43.3743   1.69345   0.88681   12.8981   0.08534   19.6992
 26  1    45.1985   2.02160   2100.00   150.000   13.0166   0.00520   43.5140   1.68453   0.83327   12.9305   0.08603   16.5509
 27  1    45.2392   2.12240   2190.00   150.000   13.1062   0.00466   42.5242   2.71499   1.27921   12.9641   0.14216   30.4786
 28  1    45.3343   2.23440   2290.00   150.000   13.1220   0.00493   43.0151   2.31919   1.03795   12.9993   0.12271   24.9009
 29  1    54.1843   1.03600   1220.00   150.000   12.2175   0.00381   54.8375   -0.6532   0.63051   12.2421   -0.0245   6.43063
 30  1    54.2740   1.08080   1260.00   150.000   12.2301   0.00219   54.8152   -0.5411   0.50068   12.2505   -0.0204   9.31044
 31  1    54.2970   1.17040   1340.00   150.000   12.2500   0.00200   54.9108   -0.6138   0.52445   12.2734   -0.0234   11.6967
 32  1    54.2284   1.27120   1430.00   150.000   12.2737   0.00174   54.9890   -0.7606   0.59830   12.3030   -0.0293   16.7806
 33  1    54.1407   1.32720   1480.00   150.000   12.3063   0.00205   54.5352   -0.3945   0.29724   12.3216   -0.0153   7.48420
 34  1    54.1687   1.43920   1580.00   150.000   12.3363   0.00247   54.5457   -0.3770   0.26194   12.3512   -0.0149   6.01645
 35  1    54.2215   1.55120   1680.00   150.000   12.3764   0.00333   54.3160   -0.0945   0.06093   12.3801   -0.0038   1.13547
 36  1    54.2202   1.62960   1750.00   150.000   12.4062   0.00459   54.1202   0.10008   0.06141   12.4022   0.00404   0.88047
 37  1    54.2211   1.69680   1810.00   150.000   12.4249   0.00480   54.1284   0.09268   0.05462   12.4211   0.00377   0.78597
 38  1    54.2430   1.77520   1880.00   150.000   12.4580   0.00387   53.8682   0.37483   0.21115   12.4426   0.01544   3.98497
 39  1    54.2302   1.84240   1940.00   150.000   12.4695   0.00403   54.0614   0.16876   0.09160   12.4625   0.00700   1.73707
 40  1    54.2358   1.93200   2020.00   150.000   12.4931   0.00415   54.1212   0.11467   0.05935   12.4883   0.00480   1.15591
 41  1    54.2892   2.04400   2120.00   150.000   12.5415   0.00433   53.7602   0.52905   0.25883   12.5190   0.02252   5.19509
 42  1    54.2243   2.13360   2200.00   150.000   12.5877   0.00492   53.3150   0.90926   0.42616   12.5484   0.03932   7.98823
 43  1    57.9981   1.12560   1300.00   150.000   12.0885   0.00309   59.0119   -1.0138   0.90064   12.1246   -0.0361   11.6997
 44  1    58.0563   1.24880   1410.00   150.000   12.1192   0.00340   59.0070   -0.9507   0.76126   12.1535   -0.0343   10.1099
 45  1    58.0852   1.30480   1460.00   150.000   12.1072   0.00322   59.7322   -1.6470   1.26224   12.1667   -0.0595   18.4850
 46  1    58.1264   1.37200   1520.00   150.000   12.1205   0.00278   59.8287   -1.7023   1.24074   12.1824   -0.0619   22.2418
 47  1    58.2363   1.49520   1630.00   150.000   12.1345   0.00286   60.2985   -2.0623   1.37926   12.2101   -0.0756   26.4002
 48  1    58.3077   1.57360   1700.00   150.000   12.1414   0.00286   60.6543   -2.3466   1.49122   12.2279   -0.0865   30.2848
 49  1    58.5404   1.65200   1770.00   150.000   12.1618   0.00263   60.6407   -2.1003   1.27134   12.2397   -0.0779   29.5783
 50  1    58.6663   1.74160   1850.00   150.000   12.2158   0.00254   59.8044   -1.1381   0.65350   12.2587   -0.0429   16.8747
<-------------------------Observed Values---------------------------><----------------Calculated Values ----------------------->
  N USE         P      esdP      T(K)      esdT       V      esd(V)      Pcal    deltaP delta/esd    V  cal    deltaV   delV/esd
              GPA                                  CM^3/MOL               GPa                       cm^3/mol
 51  1    58.8002   1.83120   1930.00   150.000   12.2296   0.00340   60.0610   -1.2608   0.68853   12.2774   -0.0478   14.0672
 52  1    58.8179   1.92080   2010.00   150.000   12.2413   0.00282   60.3759   -1.5580   0.81112   12.3008   -0.0595   21.0876
 53  1    58.9342   1.98800   2070.00   150.000   12.2520   0.00379   60.5613   -1.6271   0.81846   12.3145   -0.0625   16.4876
 54  1    59.1212   2.11120   2180.00   150.000   12.2584   0.00401   61.2532   -2.1320   1.00985   12.3409   -0.0824   20.5515
 55  1    59.2891   2.18960   2250.00   150.000   12.2828   0.00503   61.1626   -1.8735   0.85565   12.3559   -0.0730   14.5103
 56  1    59.3838   2.27920   2330.00   150.000   12.2963   0.00797   61.4400   -2.0562   0.90218   12.3770   -0.0807   10.1289
 57  1    63.7709   1.12560   1300.00   150.000   11.9339   0.00325   63.5259   0.24499   0.21765   11.9258   0.00811   2.49222
 58  1    63.6024   1.17040   1340.00   150.000   11.9447   0.00340   63.5119   0.09048   0.07730   11.9417   0.00301   0.88463
 59  1    63.4838   1.26000   1420.00   150.000   11.9513   0.00291   63.9382   -0.4544   0.36067   11.9666   -0.0152   5.23807
 60  1    63.4353   1.32720   1480.00   150.000   11.9543   0.00321   64.3166   -0.8813   0.66404   11.9840   -0.0296   9.22712
 61  1    63.4263   1.40560   1550.00   150.000   11.9587   0.00173   64.7316   -1.3053   0.92867   12.0029   -0.0441   25.5587
 62  1    63.4708   1.49520   1630.00   150.000   11.9641   0.00191   65.1978   -1.7270   1.15504   12.0228   -0.0587   30.6930
 63  1    63.4788   1.55120   1680.00   150.000   11.9715   0.00200   65.3671   -1.8883   1.21733   12.0360   -0.0645   32.2260
 64  1    63.4561   1.64080   1760.00   150.000   11.9934   0.00234   65.3445   -1.8884   1.15090   12.0585   -0.0651   27.8373
 65  1    63.4578   1.71920   1830.00   150.000   12.0151   0.00190   65.2561   -1.7983   1.04602   12.0776   -0.0625   32.9376
 66  1    63.4820   1.79760   1900.00   150.000   12.0372   0.00200   65.1627   -1.6807   0.93497   12.0961   -0.0589   29.5334
 67  1    63.4522   1.88720   1980.00   150.000   12.0589   0.00209   65.1645   -1.7123   0.90735   12.1195   -0.0606   28.9984
 68  1    63.5647   1.97680   2060.00   150.000   12.0863   0.00276   65.0115   -1.4468   0.73189   12.1380   -0.0517   18.7563
 69  1    63.7663   2.11120   2180.00   150.000   12.1088   0.00246   65.3155   -1.5492   0.73381   12.1648   -0.0559   22.7244
 70  1    63.8600   2.22320   2280.00   150.000   12.1322   0.00476   65.4471   -1.5871   0.71389   12.1901   -0.0579   12.1753
 71  1    63.9175   2.32400   2370.00   150.000   12.1588   0.00333   65.4160   -1.4986   0.64483   12.2141   -0.0553   16.5761
 72  1    64.2285   2.38000   2420.00   150.000   12.1796   0.00397   65.2410   -1.0126   0.42544   12.2171   -0.0375   9.45177
 73  1    64.2644   2.48080   2510.00   150.000   12.2196   0.00305   64.8675   -0.6031   0.24311   12.2422   -0.0227   7.42590
 74  1    64.1073   2.51440   2540.00   150.000   12.2416   0.00389   64.5144   -0.4071   0.16192   12.2571   -0.0154   3.96219
 75  1    83.7593   1.26000   1420.00   150.000   11.3323   0.00310   85.1799   -1.4205   1.12741   11.3689   -0.0366   11.8121
 76  1    83.8346   1.33840   1490.00   150.000   11.3411   0.00342   85.3831   -1.5484   1.15693   11.3812   -0.0401   11.7137
 77  1    83.9210   1.41680   1560.00   150.000   11.3796   0.00341   84.4407   -0.5197   0.36681   11.3932   -0.0136   3.99231
 78  1    84.2479   1.55120   1680.00   150.000   11.3835   0.00317   85.2313   -0.9834   0.63395   11.4093   -0.0258   8.15905
 79  1    84.3992   1.61840   1740.00   150.000   11.3960   0.00245   85.2203   -0.8210   0.50732   11.4177   -0.0217   8.83776
 80  1    84.4442   1.69680   1810.00   150.000   11.4172   0.00298   84.9670   -0.5228   0.30813   11.4311   -0.0139   4.66264
 81  1    84.4649   1.77520   1880.00   150.000   11.4407   0.00254   84.6295   -0.1646   0.09272   11.4452   -0.0044   1.73540
 82  1    84.4635   1.86480   1960.00   150.000   11.4700   0.00311   84.1719   0.29162   0.15638   11.4621   0.00790   2.53895
 83  1    84.4695   1.97680   2060.00   150.000   11.4938   0.00347   84.0811   0.38838   0.19647   11.4831   0.01063   3.05847
 84  1    84.3718   2.10000   2170.00   150.000   11.5203   0.00710   83.9786   0.39317   0.18722   11.5095   0.01088   1.53332
 85  1    84.3526   2.17840   2240.00   150.000   11.5095   0.00636   84.9171   -0.5646   0.25916   11.5252   -0.0156   2.46033
 86  1    84.3375   2.27920   2330.00   150.000   11.5130   0.00536   85.4967   -1.1592   0.50861   11.5452   -0.0323   6.01832
 87  1    84.6732   2.40240   2440.00   150.000   11.5496   0.00623   85.0428   -0.3696   0.15383   11.5600   -0.0104   1.67052
 88  1    84.6227   2.48080   2510.00   150.000   11.5596   0.00717   85.2377   -0.6150   0.24791   11.5770   -0.0174   2.42775
 89  1    92.4086   1.47280   1610.00   150.000   11.2253   0.00678   90.9493   1.45932   0.99085   11.1901   0.03530   5.20270
 90  1    92.4186   1.69680   1810.00   150.000   11.2230   0.00358   92.6097   -0.1911   0.11262   11.2276   -0.0047   1.30263
 91  1    92.8268   1.80880   1910.00   150.000   11.2114   0.00237   93.8674   -1.0406   0.57529   11.2368   -0.0254   10.7027
 92  1    92.8125   1.57360   1700.00   150.000   11.1689   0.00178   93.9962   -1.1837   0.75225   11.1972   -0.0283   15.9009
 93  1    92.7971   1.46160   1600.00   150.000   11.1518   0.00176   93.9383   -1.1412   0.78082   11.1789   -0.0271   15.4193
 94  1    93.0799   1.75280   1860.00   150.000   11.1819   0.00201   94.7016   -1.6217   0.92518   11.2210   -0.0391   19.4518
 95  1    93.2651   1.84240   1940.00   150.000   11.1915   0.00212   94.9268   -1.6616   0.90189   11.2318   -0.0403   18.9902
 96  1    93.4954   1.95440   2040.00   150.000   11.2112   0.00321   94.8918   -1.3964   0.71448   11.2453   -0.0341   10.6324
 97  1    93.6135   2.04400   2120.00   150.000   11.2305   0.00254   94.7268   -1.1133   0.54466   11.2578   -0.0274   10.7660
 98  1    93.7267   2.16720   2230.00   150.000   11.2545   0.00216   94.6077   -0.8810   0.40652   11.2764   -0.0219   10.1211
 99  1    94.0063   2.34640   2390.00   150.000   11.2763   0.00251   94.9851   -0.9788   0.41716   11.3008   -0.0245   9.76907
100  1    94.0082   2.44720   2480.00   150.000   11.3218   0.00372   93.8802   0.12802   0.05231   11.3186   0.00326   0.87538
<-------------------------Observed Values---------------------------><----------------Calculated Values ----------------------->
  N USE         P      esdP      T(K)      esdT       V      esd(V)      Pcal    deltaP delta/esd    V  cal    deltaV   delV/esd
              GPA                                  CM^3/MOL               GPa                       cm^3/mol
101  1    94.2592   2.52560   2550.00   150.000   11.3218   0.00436   94.4306   -0.1714   0.06788   11.3261   -0.0044   1.00203
102  1    108.263   1.60720   1730.00   150.000   10.7924   0.00317   111.475   -3.2117   1.99831   10.8579   -0.0655   20.6745
103  1    108.554   1.68560   1800.00   150.000   10.7941   0.00283   111.941   -3.3866   2.00915   10.8632   -0.0691   24.4087
104  1    109.100   1.87600   1970.00   150.000   10.8122   0.00211   112.370   -3.2704   1.74326   10.8795   -0.0673   31.9344
105  1    109.347   1.61840   1740.00   150.000   10.7958   0.00192   111.386   -2.0386   1.25962   10.8372   -0.0414   21.5724
106  1    109.266   1.49520   1630.00   150.000   10.7874   0.00176   110.943   -1.6773   1.12176   10.8213   -0.0339   19.2834
107  1    109.210   1.39440   1540.00   150.000   10.7763   0.00180   110.795   -1.5843   1.13619   10.8081   -0.0318   17.6811
108  1    109.146   1.28240   1440.00   150.000   10.7660   0.00176   110.531   -1.3848   1.07988   10.7937   -0.0277   15.6940
109  1    109.052   1.17040   1340.00   150.000   10.7582   0.00195   110.147   -1.0949   0.93545   10.7799   -0.0218   11.1777
110  1    109.097   1.17040   1340.00   150.000   10.7565   0.00201   110.233   -1.1359   0.97055   10.7790   -0.0226   11.2004
111  1    109.504   1.57360   1700.00   150.000   10.7856   0.00200   111.582   -2.0780   1.32057   10.8276   -0.0420   21.0440
112  1    109.609   1.68560   1800.00   150.000   10.7949   0.00190   111.897   -2.2879   1.35731   10.8414   -0.0465   24.4818
113  1    109.780   1.74160   1850.00   150.000   10.7970   0.00186   112.186   -2.4056   1.38126   10.8459   -0.0490   26.3299
114  1    109.961   1.89840   1990.00   150.000   10.8106   0.00205   112.608   -2.6469   1.39427   10.8648   -0.0543   26.4316
115  1    110.057   1.98800   2070.00   150.000   10.8249   0.00238   112.530   -2.4728   1.24384   10.8759   -0.0510   21.3971
116  1    110.219   2.08880   2160.00   150.000   10.8502   0.00258   112.000   -1.7803   0.85228   10.8872   -0.0370   14.3594
117  1    110.303   2.18960   2250.00   150.000   10.8687   0.00300   111.809   -1.5065   0.68802   10.9002   -0.0315   10.4979
118  1    110.562   2.26800   2320.00   150.000   10.8740   0.00369   112.103   -1.5412   0.67954   10.9063   -0.0324   8.77420
119  1    110.756   2.36880   2410.00   150.000   10.8899   0.00549   112.045   -1.2894   0.54433   10.9171   -0.0272   4.96230
120  1    110.707   2.49200   2520.00   150.000   10.9344   0.00455   110.808   -0.1015   0.04074   10.9366   -0.0022   0.47737
121  1    110.928   2.57040   2590.00   150.000   10.9509   0.00494   110.586   0.34189   0.13301   10.9436   0.00736   1.49041
122  1    115.855   1.70800   1820.00   150.000   10.6053   0.00627   121.901   -6.0461   3.53985   10.7198   -0.1145   18.2660
123  1    116.306   1.71920   1830.00   150.000   10.5870   0.00644   122.978   -6.6720   3.88086   10.7126   -0.1256   19.5059
124  1    116.740   1.90960   2000.00   150.000   10.6021   0.00547   123.482   -6.7412   3.53018   10.7300   -0.1278   23.3566
125  1    117.407   1.97680   2060.00   150.000   10.6257   0.00423   122.680   -5.2735   2.66771   10.7261   -0.1004   23.7243
126  1    117.832   2.13360   2200.00   150.000   10.6405   0.00487   122.980   -5.1472   2.41246   10.7392   -0.0987   20.2679
127  1    118.498   2.30160   2350.00   150.000   10.6947   0.00651   121.298   -2.8003   1.21668   10.7492   -0.0545   8.36902
128  1    118.847   2.39120   2430.00   150.000   10.6960   0.00459   121.856   -3.0097   1.25864   10.7547   -0.0586   12.7637
129  1    118.550   1.90960   2000.00   150.000   10.6173   0.00962   122.664   -4.1137   2.15421   10.6949   -0.0776   8.06874
130  1    118.524   1.79760   1900.00   150.000   10.6006   0.00661   122.782   -4.2582   2.36885   10.6804   -0.0798   12.0655
131  1    118.494   1.68560   1800.00   150.000   10.5952   0.00854   122.293   -3.7987   2.25364   10.6661   -0.0709   8.29491
132  1    118.350   1.57360   1700.00   150.000   10.5937   0.00797   121.595   -3.2452   2.06227   10.6541   -0.0604   7.57673
133  1    118.373   1.46160   1600.00   150.000   10.5816   0.00963   121.478   -3.1049   2.12432   10.6389   -0.0574   5.96194
134  1    118.240   1.23760   1400.00   150.000   10.5806   0.00776   119.971   -1.7307   1.39846   10.6123   -0.0318   4.09621
135  1    128.752   1.15920   1330.00   150.000   10.4041   0.00358   129.509   -0.7566   0.65266   10.4168   -0.0128   3.55865
136  1    129.081   1.33840   1490.00   150.000   10.4082   0.00403   130.508   -1.4274   1.06647   10.4324   -0.0242   5.99075
137  1    129.340   1.52880   1660.00   150.000   10.4126   0.00374   131.579   -2.2390   1.46453   10.4507   -0.0381   10.1805
138  1    129.907   1.67440   1790.00   150.000   10.4085   0.00548   132.836   -2.9283   1.74886   10.4584   -0.0499   9.10107
139  1    130.211   1.82000   1920.00   150.000   10.4056   0.00417   134.024   -3.8128   2.09493   10.4707   -0.0651   15.5944
140  1    130.971   2.02160   2100.00   150.000   10.4077   0.00481   135.309   -4.3379   2.14577   10.4820   -0.0743   15.4593
141  1    131.695   2.17840   2240.00   150.000   10.4277   0.00481   135.222   -3.5268   1.61897   10.4885   -0.0608   12.6268
142  1    132.596   2.40240   2440.00   150.000   10.4588   0.00461   134.970   -2.3738   0.98808   10.5001   -0.0413   8.96305
143  1    148.509   1.20400   1370.00   150.000   10.0719   0.00428   151.204   -2.6950   2.23837   10.1110   -0.0391   9.13321
144  1    148.906   1.42800   1570.00   150.000   10.0723   0.00384   152.740   -3.8346   2.68527   10.1281   -0.0559   14.5435
145  1    149.347   1.60720   1730.00   150.000   10.0751   0.00383   153.792   -4.4451   2.76576   10.1401   -0.0650   16.9850
146  1    149.948   1.79760   1900.00   150.000   10.0741   0.00659   155.191   -5.2431   2.91671   10.1510   -0.0768   11.6576
147  1    68.9000   0.40000   300.000   0.00000   11.5490   0.00452   68.4851   0.41492   1.03731   11.5373   0.01162   2.57369
148  1    84.8000   0.40000   300.000   0.00000   11.0747   0.00452   87.2503   -2.4503   6.12566   11.1313   -0.0566   12.5262
149  1    101.100   0.20000   300.000   0.00000   10.7345   0.00452   103.372   -2.2716   11.3578   10.7794   -0.0449   9.94002
150  1    70.3000   0.10000   300.000   0.00000   11.4752   0.00301   71.1542   -0.8542   8.54179   11.4985   -0.0234   7.75591
151  1    39.0000   0.10000   300.000   0.00000   12.4839   0.00452   41.0461   -2.0461   20.4606   12.5709   -0.0870   19.2599
152  1    44.3000   0.10000   300.000   0.00000   12.3062   0.00452   45.4617   -1.1617   11.6168   12.3517   -0.0455   10.0692
153  1    112.300   0.50000   300.000   0.00000   10.5297   0.00903   114.343   -2.0426   4.08528   10.5664   -0.0367   4.06218
154  1    130.600   0.50000   300.000   0.00000   10.2753   0.00903   129.503   1.09727   2.19455   10.2580   0.01729   1.91459
155  1    148.500   0.60000   300.000   0.00000   10.0103   0.00753   147.337   1.16304   1.93840   9.99413   0.01618   2.14877
156  1    170.500   0.60000   300.000   0.00000   9.74232   0.00753   167.824   2.67636   4.46060   9.70974   0.03257   4.32732
157  1    185.500   0.60000   300.000   0.00000   9.47283   0.00753   191.309   -5.8088   9.68129   9.53622   -0.0634   8.42178
158  1    198.200   0.60000   300.000   0.00000   9.37948   0.00753   200.202   -2.0022   3.33707   9.40012   -0.0206   2.74155
159  1    214.500   0.60000   300.000   0.00000   9.23043   0.00753   215.297   -0.7966   1.32769   9.23803   -0.0076   1.00845

EOSFIT-7.6>fit
     159 data for V will be used in least-squares
 
 
  EOS Information
-------------------
 
    Title: 
Eos Saved:  3-OCT-2026 at 13:28
 
   System: 
    Class: Volume
   Pscale: GPa
   Vscale: cm^3/mol
   Stoichiometry:            1.000
 
  Compressibility
-------------------
 
    Model: Birch-Murnaghan
    Order:  3
   Pressure of reference:    0.000
 
      V0:  15.4000           :Reference pressure volume: units are cm^3/mol
      K0:  115.500           :Bulk modulus: units are GPa
      Kp:  4.99000           :dK/dP: dimensionless
     Kpp: -0.0507            :d2K/dP2: units are inverse GPa [IMPLIED VALUE]
 
 
  Thermal Expansion
-------------------
 
   Model: Mie-Gruneisen-Debye
           with q-compromise
 
   Temperature of reference:   300.00 K
 
   ThMGD:  417.000           :Debye temperature in K
   Natom:  2.00000           :Number of atoms per formula unit [FIXED VALUE]
   Gamm0:  2.42000           :Gruneisen parameter at Tref,Pref
 
  Scale factors for data groups
---------------------------------
   Sca 1:  1.00000           :Scale factor for data group 1 [FIXED VALUE]
 
    Do you want to change these EoS parameters or the EoS type? (Y/N) <N>?n

 SELECT PARAMETERS TO REFINE IN LEAST-SQUARES FIT:
           REFINE V0     (Y/N)?y
           REFINE K0     (Y/N)?y
           REFINE Kp     (Y/N)?y
     Parameters for thermal model
           REFINE ThMGD  (Y/N)?n
           REFINE Gamm0  (Y/N)?y

 SELECT WEIGHTING SCHEME:
     SIGMAS FOR P   PRESENT, USE IN WEIGHTS (Y/N)?n
     SIGMAS FOR T   PRESENT, USE IN WEIGHTS (Y/N)?n
     SIGMAS FOR V   PRESENT, USE IN WEIGHTS (Y/N)?n

     EQUATION FITTED WITH UNIT WEIGHTS FOR ALL DATA




   RESULTS FROM CYCLE  1
 PARA REF          NEW            SHIFT            E.S.D.       SHIFT/ERROR
 V0      1        16.05305          0.65305          0.12640           5.17
 K0      1        73.66399        -41.83601          8.48640          -4.93
 Kp      1         5.69110          0.70110          0.19057           3.68
 Kpp     0        -0.11457  [IMPLIED VALUE]
     Parameters for thermal model
 ThMGD   0       417.00000  [NOT REFINED]
 Natom   0         2.00000  [FIXED VALUE]
 Gamm0   1         2.40035         -0.01965          0.11061          -0.18
     Dataset scale factors
 Sca 1   0         1.00000  [FIXED VALUE]
  REFERENCE TEMPERATURE = 300.00
  UNIT WEIGHTS USED: NO W-CHI^2 CALCULATED


   RESULTS FROM CYCLE  2
 PARA REF          NEW            SHIFT            E.S.D.       SHIFT/ERROR
 V0      1        16.32857          0.27552          0.80717           0.34
 K0      1        70.28410         -3.37989         33.49767          -0.10
 Kp      1         6.00938          0.31828          1.18258           0.27
 Kpp     0        -0.14137  [IMPLIED VALUE]
     Parameters for thermal model
 ThMGD   0       417.00000  [NOT REFINED]
 Natom   0         2.00000  [FIXED VALUE]
 Gamm0   1         2.43637          0.03602          0.40542           0.09
     Dataset scale factors
 Sca 1   0         1.00000  [FIXED VALUE]
  REFERENCE TEMPERATURE = 300.00
  UNIT WEIGHTS USED: NO W-CHI^2 CALCULATED


   RESULTS FROM CYCLE  3
 PARA REF          NEW            SHIFT            E.S.D.       SHIFT/ERROR
 V0      1        16.33088          0.00231          0.16373           0.01
 K0      1        69.97630         -0.30780          6.43671          -0.05
 Kp      1         6.01858          0.00920          0.24366           0.04
 Kpp     0        -0.14265  [IMPLIED VALUE]
     Parameters for thermal model
 ThMGD   0       417.00000  [NOT REFINED]
 Natom   0         2.00000  [FIXED VALUE]
 Gamm0   1         2.43662          0.00025          0.07573           0.00
     Dataset scale factors
 Sca 1   0         1.00000  [FIXED VALUE]
  REFERENCE TEMPERATURE = 300.00
  UNIT WEIGHTS USED: NO W-CHI^2 CALCULATED


   RESULTS FROM CYCLE  4
 PARA REF          NEW            SHIFT            E.S.D.       SHIFT/ERROR
 V0      1        16.33092          0.00004          0.16316           0.00
 K0      1        69.97496         -0.00134          6.39064          -0.00
 Kp      1         6.01866          0.00008          0.24339           0.00
 Kpp     0        -0.14266  [IMPLIED VALUE]
     Parameters for thermal model
 ThMGD   0       417.00000  [NOT REFINED]
 Natom   0         2.00000  [FIXED VALUE]
 Gamm0   1         2.43663          0.00000          0.07514           0.00
     Dataset scale factors
 Sca 1   0         1.00000  [FIXED VALUE]
  REFERENCE TEMPERATURE = 300.00
  UNIT WEIGHTS USED: NO W-CHI^2 CALCULATED


***********************MESSAGE FROM LEAST SQUARES***********************
Least Squares converged, indicated by small shift/esd
************************************************************************



   RESULTS AFTER FINAL REFINEMENT CYCLE
 PARA REF          NEW            SHIFT            E.S.D.       SHIFT/ERROR
 V0      1        16.33092          0.00004          0.16316           0.00
 K0      1        69.97496         -0.00134          6.39064          -0.00
 Kp      1         6.01866          0.00008          0.24339           0.00
 Kpp     0        -0.14266  [IMPLIED VALUE]
     Parameters for thermal model
 ThMGD   0       417.00000  [NOT REFINED]
 Natom   0         2.00000  [FIXED VALUE]
 Gamm0   1         2.43663          0.00000          0.07514           0.00
     Dataset scale factors
 Sca 1   0         1.00000  [FIXED VALUE]
  REFERENCE TEMPERATURE = 300.00
  UNIT WEIGHTS USED: NO W-CHI^2 CALCULATED

 INPUT <CR> TO CONTINUE

  THE 159 LOADED DATA ARE AS FOLLOWS:
<-------------------------Observed Values---------------------------><----------------Calculated Values -------------------------------->
  N USE         P      esdP      T(K)      esdT       V      esd(V)      Pcal    deltaP delta/esd    V  cal    deltaV   delV/esd       Wt
              GPA                                  CM^3/MOL               GPa                       cm^3/mol
  1  1    29.5964   1.29360   1450.00   150.000   13.6915   0.00301   29.2680   0.32843   0.25389   13.6667   0.02482   8.25013   1.0000000
  2  1    29.6173   1.38320   1530.00   150.000   13.7501   0.00330   29.1000   0.51727   0.37396   13.7101   0.03995   12.1074   1.0000000
  3  1    29.6810   1.47280   1610.00   150.000   13.7997   0.00363   29.0628   0.61824   0.41977   13.7510   0.04868   13.4223   1.0000000
  4  1    29.9049   1.58480   1710.00   150.000   13.8950   0.00426   28.6314   1.27356   0.80361   13.7918   0.10324   24.2537   1.0000000
  5  1    33.1277   1.09200   1270.00   150.000   13.3755   0.00163   32.3919   0.73587   0.67387   13.3272   0.04827   29.6883   1.0000000
  6  1    33.2312   1.18160   1350.00   150.000   13.4022   0.00199   32.5828   0.64834   0.54870   13.3592   0.04307   21.6170   1.0000000
  7  1    33.4179   1.31600   1470.00   150.000   13.4598   0.00519   32.6244   0.79350   0.60297   13.4059   0.05392   10.3871   1.0000000
  8  1    33.4179   1.31600   1470.00   150.000   13.4598   0.00519   32.6244   0.79350   0.60297   13.4059   0.05392   10.3871   1.0000000
  9  1    41.6518   1.03600   1220.00   150.000   12.8114   0.00274   41.6659   -0.0140   0.01356   12.8121  -0.00073   0.26515   1.0000000
 10  1    41.7693   1.15920   1330.00   150.000   12.8353   0.00263   42.0217   -0.2523   0.21767   12.8485   -0.0133   5.04744   1.0000000
 11  1    41.6736   1.26000   1420.00   150.000   12.8651   0.00241   42.1224   -0.4488   0.35618   12.8891   -0.0239   9.94081   1.0000000
 12  1    41.9291   1.36080   1510.00   150.000   12.9205   0.00185   41.7590   0.17013   0.12502   12.9112   0.00923   4.98110   1.0000000
 13  1    41.8033   1.43920   1580.00   150.000   12.9557   0.00343   41.6350   0.16834   0.11697   12.9464   0.00928   2.70420   1.0000000
 14  1    41.9176   1.50640   1640.00   150.000   12.9755   0.00226   41.7225   0.19511   0.12952   12.9647   0.01084   4.80297   1.0000000
 15  1    42.1986   1.62960   1750.00   150.000   13.0099   0.00374   41.9258   0.27279   0.16740   12.9946   0.01537   4.11521   1.0000000
 16  1    42.6556   1.78640   1890.00   150.000   13.0421   0.00396   42.4003   0.25536   0.14294   13.0275   0.01460   3.68860   1.0000000
 17  1    45.1681   1.06960   1250.00   150.000   12.6352   0.00424   45.4223   -0.2542   0.23762   12.6474   -0.0122   2.88392   1.0000000
 18  1    44.9994   1.17040   1340.00   150.000   12.6738   0.00406   45.2909   -0.2915   0.24905   12.6880   -0.0143   3.51370   1.0000000
 19  1    44.9909   1.24880   1410.00   150.000   12.6940   0.00419   45.3959   -0.4050   0.32431   12.7141   -0.0200   4.78249   1.0000000
 20  1    44.9010   1.38320   1530.00   150.000   12.7795   0.00235   44.5816   0.31935   0.23088   12.7632   0.01627   6.91586   1.0000000
 21  1    44.8590   1.52880   1660.00   150.000   12.8028   0.00322   45.0924   -0.2334   0.15266   12.8149   -0.0121   3.75581   1.0000000
 22  1    44.9072   1.64080   1760.00   150.000   12.8582   0.00294   44.7751   0.13210   0.08051   12.8512   0.00698   2.37211   1.0000000
 23  1    44.9390   1.74160   1850.00   150.000   12.9173   0.00362   44.3396   0.59947   0.34421   12.8850   0.03232   8.93371   1.0000000
 24  1    45.0022   1.84240   1940.00   150.000   12.9427   0.00392   44.5439   0.45826   0.24873   12.9176   0.02503   6.37806   1.0000000
 25  1    45.0678   1.90960   2000.00   150.000   12.9834   0.00433   44.2541   0.81364   0.42608   12.9384   0.04503   10.3959   1.0000000
 26  1    45.1985   2.02160   2100.00   150.000   13.0166   0.00520   44.4076   0.79090   0.39123   12.9722   0.04442   8.54571   1.0000000
 27  1    45.2392   2.12240   2190.00   150.000   13.1062   0.00466   43.5259   1.71329   0.80724   13.0073   0.09888   21.1992   1.0000000
 28  1    45.3343   2.23440   2290.00   150.000   13.1220   0.00493   44.0024   1.33191   0.59609   13.0442   0.07776   15.7797   1.0000000
 29  1    54.1843   1.03600   1220.00   150.000   12.2175   0.00381   54.7688   -0.5844   0.56413   12.2409   -0.0234   6.13211   1.0000000
 30  1    54.2740   1.08080   1260.00   150.000   12.2301   0.00219   54.7513   -0.4772   0.44156   12.2493   -0.0192   8.75319   1.0000000
 31  1    54.2970   1.17040   1340.00   150.000   12.2500   0.00200   54.8483   -0.5513   0.47103   12.2724   -0.0224   11.2069   1.0000000
 32  1    54.2284   1.27120   1430.00   150.000   12.2737   0.00174   54.9302   -0.7017   0.55201   12.3026   -0.0288   16.5313   1.0000000
 33  1    54.1407   1.32720   1480.00   150.000   12.3063   0.00205   54.5103   -0.3696   0.27849   12.3216   -0.0154   7.49303   1.0000000
 34  1    54.1687   1.43920   1580.00   150.000   12.3363   0.00247   54.5311   -0.3624   0.25180   12.3516   -0.0153   6.18568   1.0000000
 35  1    54.2215   1.55120   1680.00   150.000   12.3764   0.00333   54.3280   -0.1065   0.06866   12.3809   -0.0046   1.36996   1.0000000
 36  1    54.2202   1.62960   1750.00   150.000   12.4062   0.00459   54.1538   0.06646   0.04078   12.4033   0.00288   0.62624   1.0000000
 37  1    54.2211   1.69680   1810.00   150.000   12.4249   0.00480   54.1693   0.05180   0.03053   12.4226   0.00226   0.47146   1.0000000
 38  1    54.2430   1.77520   1880.00   150.000   12.4580   0.00387   53.9361   0.30696   0.17291   12.4445   0.01357   3.50267   1.0000000
 39  1    54.2302   1.84240   1940.00   150.000   12.4695   0.00403   54.1245   0.10569   0.05737   12.4648   0.00470   1.16823   1.0000000
 40  1    54.2358   1.93200   2020.00   150.000   12.4931   0.00415   54.1916   0.04425   0.02291   12.4911   0.00199   0.47945   1.0000000
 41  1    54.2892   2.04400   2120.00   150.000   12.5415   0.00433   53.8709   0.41836   0.20468   12.5223   0.01917   4.42134   1.0000000
 42  1    54.2243   2.13360   2200.00   150.000   12.5877   0.00492   53.4703   0.75397   0.35338   12.5526   0.03513   7.13834   1.0000000
 43  1    57.9981   1.12560   1300.00   150.000   12.0885   0.00309   58.6992   -0.7011   0.62289   12.1150   -0.0265   8.57586   1.0000000
 44  1    58.0563   1.24880   1410.00   150.000   12.1192   0.00340   58.7014   -0.6451   0.51656   12.1439   -0.0247   7.27802   1.0000000
 45  1    58.0852   1.30480   1460.00   150.000   12.1072   0.00322   59.3873   -1.3021   0.99789   12.1571   -0.0499   15.5023   1.0000000
 46  1    58.1264   1.37200   1520.00   150.000   12.1205   0.00278   59.4820   -1.3556   0.98805   12.1728   -0.0523   18.7975   1.0000000
 47  1    58.2363   1.49520   1630.00   150.000   12.1345   0.00286   59.9314   -1.6951   1.13370   12.2005   -0.0660   23.0446   1.0000000
 48  1    58.3077   1.57360   1700.00   150.000   12.1414   0.00286   60.2708   -1.9631   1.24755   12.2183   -0.0768   26.9151   1.0000000
 49  1    58.5404   1.65200   1770.00   150.000   12.1618   0.00263   60.2631   -1.7227   1.04281   12.2297   -0.0679   25.7830   1.0000000
 50  1    58.6663   1.74160   1850.00   150.000   12.2158   0.00254   59.4841   -0.8179   0.46960   12.2486   -0.0328   12.9011   1.0000000
<-------------------------Observed Values---------------------------><----------------Calculated Values -------------------------------->
  N USE         P      esdP      T(K)      esdT       V      esd(V)      Pcal    deltaP delta/esd    V  cal    deltaV   delV/esd       Wt
              GPA                                  CM^3/MOL               GPa                       cm^3/mol
 51  1    58.8002   1.83120   1930.00   150.000   12.2296   0.00340   59.7319   -0.9317   0.50881   12.2672   -0.0376   11.0642   1.0000000
 52  1    58.8179   1.92080   2010.00   150.000   12.2413   0.00282   60.0345   -1.2166   0.63337   12.2908   -0.0495   17.5358   1.0000000
 53  1    58.9342   1.98800   2070.00   150.000   12.2520   0.00379   60.2139   -1.2797   0.64372   12.3044   -0.0524   13.8140   1.0000000
 54  1    59.1212   2.11120   2180.00   150.000   12.2584   0.00401   60.8729   -1.7517   0.82970   12.3306   -0.0722   17.9956   1.0000000
 55  1    59.2891   2.18960   2250.00   150.000   12.2828   0.00503   60.7949   -1.5058   0.68770   12.3454   -0.0626   12.4364   1.0000000
 56  1    59.3838   2.27920   2330.00   150.000   12.2963   0.00797   61.0628   -1.6790   0.73668   12.3666   -0.0703   8.82439   1.0000000
 57  1    63.7709   1.12560   1300.00   150.000   11.9339   0.00325   62.9610   0.80991   0.71954   11.9057   0.02818   8.66472   1.0000000
 58  1    63.6024   1.17040   1340.00   150.000   11.9447   0.00340   62.9488   0.65358   0.55843   11.9218   0.02288   6.72797   1.0000000
 59  1    63.4838   1.26000   1420.00   150.000   11.9513   0.00291   63.3543   0.12949   0.10277   11.9468   0.00457   1.57099   1.0000000
 60  1    63.4353   1.32720   1480.00   150.000   11.9543   0.00321   63.7139   -0.2786   0.20989   11.9642   -0.0099   3.07185   1.0000000
 61  1    63.4263   1.40560   1550.00   150.000   11.9587   0.00173   64.1084   -0.6821   0.48527   11.9830   -0.0243   14.0711   1.0000000
 62  1    63.4708   1.49520   1630.00   150.000   11.9641   0.00191   64.5517   -1.0809   0.72292   12.0028   -0.0387   20.2446   1.0000000
 63  1    63.4788   1.55120   1680.00   150.000   11.9715   0.00200   64.7134   -1.2346   0.79590   12.0159   -0.0444   22.2122   1.0000000
 64  1    63.4561   1.64080   1760.00   150.000   11.9934   0.00234   64.6949   -1.2388   0.75502   12.0385   -0.0450   19.2640   1.0000000
 65  1    63.4578   1.71920   1830.00   150.000   12.0151   0.00190   64.6144   -1.1565   0.67272   12.0576   -0.0424   22.3582   1.0000000
 66  1    63.4820   1.79760   1900.00   150.000   12.0372   0.00200   64.5293   -1.0473   0.58263   12.0760   -0.0388   19.4380   1.0000000
 67  1    63.4522   1.88720   1980.00   150.000   12.0589   0.00209   64.5351   -1.0829   0.57380   12.0994   -0.0405   19.3816   1.0000000
 68  1    63.5647   1.97680   2060.00   150.000   12.0863   0.00276   64.3953   -0.8306   0.42019   12.1177   -0.0314   11.3865   1.0000000
 69  1    63.7663   2.11120   2180.00   150.000   12.1088   0.00246   64.6889   -0.9226   0.43700   12.1441   -0.0353   14.3195   1.0000000
 70  1    63.8600   2.22320   2280.00   150.000   12.1322   0.00476   64.8192   -0.9593   0.43148   12.1692   -0.0371   7.79286   1.0000000
 71  1    63.9175   2.32400   2370.00   150.000   12.1588   0.00333   64.7965   -0.8790   0.37823   12.1932   -0.0343   10.3028   1.0000000
 72  1    64.2285   2.38000   2420.00   150.000   12.1796   0.00397   64.6358   -0.4073   0.17115   12.1956   -0.0160   4.03041   1.0000000
 73  1    64.2644   2.48080   2510.00   150.000   12.2196   0.00305   64.2926   -0.0282   0.01136   12.2207   -0.0011   0.36787   1.0000000
 74  1    64.1073   2.51440   2540.00   150.000   12.2416   0.00389   63.9641   0.14324   0.05697   12.2359   0.00576   1.47981   1.0000000
 75  1    83.7593   1.26000   1420.00   150.000   11.3323   0.00310   83.6330   0.12634   0.10027   11.3290   0.00335   1.08113   1.0000000
 76  1    83.8346   1.33840   1490.00   150.000   11.3411   0.00342   83.8214   0.01324   0.00990   11.3407   0.00035   0.10343   1.0000000
 77  1    83.9210   1.41680   1560.00   150.000   11.3796   0.00341   82.9080   1.01306   0.71503   11.3523   0.02731   8.01737   1.0000000
 78  1    84.2479   1.55120   1680.00   150.000   11.3835   0.00317   83.6567   0.59125   0.38115   11.3674   0.01601   5.05477   1.0000000
 79  1    84.3992   1.61840   1740.00   150.000   11.3960   0.00245   83.6406   0.75861   0.46874   11.3754   0.02064   8.41662   1.0000000
 80  1    84.4442   1.69680   1810.00   150.000   11.4172   0.00298   83.3911   1.05308   0.62063   11.3883   0.02888   9.68305   1.0000000
 81  1    84.4649   1.77520   1880.00   150.000   11.4407   0.00254   83.0611   1.40378   0.79077   11.4019   0.03883   15.2695   1.0000000
 82  1    84.4635   1.86480   1960.00   150.000   11.4700   0.00311   82.6159   1.84760   0.99078   11.4183   0.05166   16.6036   1.0000000
 83  1    84.4695   1.97680   2060.00   150.000   11.4938   0.00347   82.5215   1.94794   0.98540   11.4388   0.05502   15.8378   1.0000000
 84  1    84.3718   2.10000   2170.00   150.000   11.5203   0.00710   82.4161   1.95568   0.93128   11.4644   0.05592   7.88029   1.0000000
 85  1    84.3526   2.17840   2240.00   150.000   11.5095   0.00636   83.3105   1.04211   0.47839   11.4797   0.02983   4.69175   1.0000000
 86  1    84.3375   2.27920   2330.00   150.000   11.5130   0.00536   83.8596   0.47787   0.20967   11.4992   0.01375   2.56343   1.0000000
 87  1    84.6732   2.40240   2440.00   150.000   11.5496   0.00623   83.4183   1.25489   0.52235   11.5131   0.03654   5.86433   1.0000000
 88  1    84.6227   2.48080   2510.00   150.000   11.5596   0.00717   83.6008   1.02186   0.41191   11.5296   0.02993   4.17203   1.0000000
 89  1    92.4086   1.47280   1610.00   150.000   11.2253   0.00678   89.1747   3.23387   2.19573   11.1453   0.08009   11.8056   1.0000000
 90  1    92.4186   1.69680   1810.00   150.000   11.2230   0.00358   90.7528   1.66578   0.98172   11.1814   0.04159   11.6237   1.0000000
 91  1    92.8268   1.80880   1910.00   150.000   11.2114   0.00237   91.9548   0.87194   0.48205   11.1897   0.02175   9.18207   1.0000000
 92  1    92.8125   1.57360   1700.00   150.000   11.1689   0.00178   92.1079   0.70461   0.44777   11.1517   0.01724   9.68149   1.0000000
 93  1    92.7971   1.46160   1600.00   150.000   11.1518   0.00176   92.0660   0.73107   0.50019   11.1340   0.01775   10.1013   1.0000000
 94  1    93.0799   1.75280   1860.00   150.000   11.1819   0.00201   92.7680   0.31192   0.17796   11.1742   0.00770   3.82813   1.0000000
 95  1    93.2651   1.84240   1940.00   150.000   11.1915   0.00212   92.9748   0.29035   0.15759   11.1843   0.00720   3.39572   1.0000000
 96  1    93.4954   1.95440   2040.00   150.000   11.2112   0.00321   92.9276   0.56777   0.29051   11.1970   0.01419   4.42641   1.0000000
 97  1    93.6135   2.04400   2120.00   150.000   11.2305   0.00254   92.7580   0.85558   0.41858   11.2089   0.02154   8.47278   1.0000000
 98  1    93.7267   2.16720   2230.00   150.000   11.2545   0.00216   92.6294   1.09735   0.50635   11.2266   0.02790   12.9151   1.0000000
 99  1    94.0063   2.34640   2390.00   150.000   11.2763   0.00251   92.9743   1.03198   0.43982   11.2497   0.02651   10.5571   1.0000000
100  1    94.0082   2.44720   2480.00   150.000   11.3218   0.00372   91.8993   2.10889   0.86176   11.2668   0.05498   14.7820   1.0000000
<-------------------------Observed Values---------------------------><----------------Calculated Values -------------------------------->
  N USE         P      esdP      T(K)      esdT       V      esd(V)      Pcal    deltaP delta/esd    V  cal    deltaV   delV/esd       Wt
              GPA                                  CM^3/MOL               GPa                       cm^3/mol
101  1    94.2592   2.52560   2550.00   150.000   11.3218   0.00436   92.4219   1.83723   0.72744   11.2738   0.04797   11.0131   1.0000000
102  1    108.263   1.60720   1730.00   150.000   10.7924   0.00317   109.106   -0.8429   0.52445   10.8098   -0.0174   5.49019   1.0000000
103  1    108.554   1.68560   1800.00   150.000   10.7941   0.00283   109.546   -0.9920   0.58852   10.8145   -0.0205   7.23422   1.0000000
104  1    109.100   1.87600   1970.00   150.000   10.8122   0.00211   109.929   -0.8286   0.44168   10.8295   -0.0173   8.18738   1.0000000
105  1    109.347   1.61840   1740.00   150.000   10.7958   0.00192   109.017   0.33051   0.20422   10.7890   0.00679   3.53783   1.0000000
106  1    109.266   1.49520   1630.00   150.000   10.7874   0.00176   108.608   0.65757   0.43979   10.7740   0.01343   7.64603   1.0000000
107  1    109.210   1.39440   1540.00   150.000   10.7763   0.00180   108.483   0.72704   0.52140   10.7616   0.01476   8.20431   1.0000000
108  1    109.146   1.28240   1440.00   150.000   10.7660   0.00176   108.248   0.89807   0.70031   10.7479   0.01813   10.2889   1.0000000
109  1    109.052   1.17040   1340.00   150.000   10.7582   0.00195   107.895   1.15714   0.98867   10.7349   0.02325   11.9430   1.0000000
110  1    109.097   1.17040   1340.00   150.000   10.7565   0.00201   107.979   1.11787   0.95511   10.7340   0.02244   11.1417   1.0000000
111  1    109.504   1.57360   1700.00   150.000   10.7856   0.00200   109.218   0.28645   0.18203   10.7797   0.00586   2.93373   1.0000000
112  1    109.609   1.68560   1800.00   150.000   10.7949   0.00190   109.503   0.10577   0.06275   10.7928   0.00218   1.14554   1.0000000
113  1    109.780   1.74160   1850.00   150.000   10.7970   0.00186   109.774   0.00564   0.00324   10.7969   0.00011   0.06155   1.0000000
114  1    109.961   1.89840   1990.00   150.000   10.8106   0.00205   110.156   -0.1954   0.10294   10.8146   -0.0041   1.97338   1.0000000
115  1    110.057   1.98800   2070.00   150.000   10.8249   0.00238   110.062   -0.0057   0.00287   10.8250  -0.00012   0.04963   1.0000000
116  1    110.219   2.08880   2160.00   150.000   10.8502   0.00258   109.526   0.69361   0.33206   10.8356   0.01460   5.66368   1.0000000
117  1    110.303   2.18960   2250.00   150.000   10.8687   0.00300   109.321   0.98148   0.44824   10.8479   0.02081   6.92441   1.0000000
118  1    110.562   2.26800   2320.00   150.000   10.8740   0.00369   109.594   0.96832   0.42695   10.8534   0.02058   5.58119   1.0000000
119  1    110.756   2.36880   2410.00   150.000   10.8899   0.00549   109.519   1.23695   0.52219   10.8635   0.02645   4.82050   1.0000000
120  1    110.707   2.49200   2520.00   150.000   10.9344   0.00455   108.292   2.41506   0.96913   10.8820   0.05244   11.5119   1.0000000
121  1    110.928   2.57040   2590.00   150.000   10.9509   0.00494   108.062   2.86591   1.11496   10.8884   0.06257   12.6656   1.0000000
122  1    115.855   1.70800   1820.00   150.000   10.6053   0.00627   119.308   -3.4532   2.02178   10.6712   -0.0658   10.5043   1.0000000
123  1    116.306   1.71920   1830.00   150.000   10.5870   0.00644   120.365   -4.0588   2.36087   10.6639   -0.0769   11.9428   1.0000000
124  1    116.740   1.90960   2000.00   150.000   10.6021   0.00547   120.815   -4.0744   2.13366   10.6799   -0.0778   14.2104   1.0000000
125  1    117.407   1.97680   2060.00   150.000   10.6257   0.00423   120.011   -2.6046   1.31758   10.6756   -0.0499   11.7974   1.0000000
126  1    117.832   2.13360   2200.00   150.000   10.6405   0.00487   120.269   -2.4371   1.14223   10.6876   -0.0470   9.66221   1.0000000
127  1    118.498   2.30160   2350.00   150.000   10.6947   0.00651   118.581   -0.0836   0.03634   10.6964   -0.0016   0.25202   1.0000000
128  1    118.847   2.39120   2430.00   150.000   10.6960   0.00459   119.110   -0.2628   0.10989   10.7012   -0.0052   1.12268   1.0000000
129  1    118.550   1.90960   2000.00   150.000   10.6173   0.00962   120.011   -1.4607   0.76492   10.6450   -0.0277   2.88302   1.0000000
130  1    118.524   1.79760   1900.00   150.000   10.6006   0.00661   120.154   -1.6294   0.90645   10.6313   -0.0307   4.64537   1.0000000
131  1    118.494   1.68560   1800.00   150.000   10.5952   0.00854   119.698   -1.2046   0.71465   10.6179   -0.0226   2.64617   1.0000000
132  1    118.350   1.57360   1700.00   150.000   10.5937   0.00797   119.039   -0.6892   0.43798   10.6066   -0.0129   1.61899   1.0000000
133  1    118.373   1.46160   1600.00   150.000   10.5816   0.00963   118.950   -0.5778   0.39529   10.5923   -0.0107   1.11561   1.0000000
134  1    118.240   1.23760   1400.00   150.000   10.5806   0.00776   117.522   0.71839   0.58047   10.5673   0.01327   1.71000   1.0000000
135  1    128.752   1.15920   1330.00   150.000   10.4041   0.00358   126.950   1.80172   1.55428   10.3737   0.03039   8.48092   1.0000000
136  1    129.081   1.33840   1490.00   150.000   10.4082   0.00403   127.890   1.19110   0.88994   10.3881   0.02019   5.00277   1.0000000
137  1    129.340   1.52880   1660.00   150.000   10.4126   0.00374   128.897   0.44385   0.29032   10.4050   0.00756   2.01934   1.0000000
138  1    129.907   1.67440   1790.00   150.000   10.4085   0.00548   130.099   -0.1915   0.11434   10.4118   -0.0033   0.59517   1.0000000
139  1    130.211   1.82000   1920.00   150.000   10.4056   0.00417   131.233   -1.0226   0.56188   10.4231   -0.0175   4.18421   1.0000000
140  1    130.971   2.02160   2100.00   150.000   10.4077   0.00481   132.449   -1.4781   0.73114   10.4330   -0.0253   5.26932   1.0000000
141  1    131.695   2.17840   2240.00   150.000   10.4277   0.00481   132.321   -0.6251   0.28697   10.4385   -0.0108   2.23933   1.0000000
142  1    132.596   2.40240   2440.00   150.000   10.4588   0.00461   132.011   0.58476   0.24341   10.4486   0.01019   2.20998   1.0000000
143  1    148.509   1.20400   1370.00   150.000   10.0719   0.00428   148.496   0.01233   0.01024   10.0717   0.00018   0.04187   1.0000000
144  1    148.906   1.42800   1570.00   150.000   10.0723   0.00384   149.954   -1.0483   0.73411   10.0874   -0.0152   3.94550   1.0000000
145  1    149.347   1.60720   1730.00   150.000   10.0751   0.00383   150.943   -1.5960   0.99304   10.0983   -0.0232   6.05043   1.0000000
146  1    149.948   1.79760   1900.00   150.000   10.0741   0.00659   152.275   -2.3266   1.29430   10.1079   -0.0338   5.13190   1.0000000
147  1    68.9000   0.40000   300.000   0.00000   11.5490   0.00452   67.6974   1.20263   3.00657   11.5139   0.03502   7.75274   1.0000000
148  1    84.8000   0.40000   300.000   0.00000   11.0747   0.00452   85.7807   -0.9807   2.45186   11.0979   -0.0232   5.13196   1.0000000
149  1    101.100   0.20000   300.000   0.00000   10.7345   0.00452   101.498   -0.3979   1.98925   10.7424   -0.0080   1.76267   1.0000000
150  1    70.3000   0.10000   300.000   0.00000   11.4752   0.00301   70.2540   0.04596   0.45959   11.4739   0.00130   0.43264   1.0000000
151  1    39.0000   0.10000   300.000   0.00000   12.4839   0.00452   41.7730   -2.7730   27.7304   12.6118   -0.1279   28.3251   1.0000000
152  1    44.3000   0.10000   300.000   0.00000   12.3062   0.00452   45.8953   -1.5953   15.9526   12.3733   -0.0671   14.8543   1.0000000
153  1    112.300   0.50000   300.000   0.00000   10.5297   0.00903   112.277   0.02302   0.04604   10.5293   0.00042   0.04603   1.0000000
154  1    130.600   0.50000   300.000   0.00000   10.2753   0.00903   127.271   3.32920   6.65840   10.2229   0.05239   5.80014   1.0000000
155  1    148.500   0.60000   300.000   0.00000   10.0103   0.00753   145.041   3.45857   5.76429   9.96260   0.04770   6.33648   1.0000000
156  1    170.500   0.60000   300.000   0.00000   9.74232   0.00753   165.612   4.88823   8.14705   9.68371   0.05860   7.78517   1.0000000
157  1    185.500   0.60000   300.000   0.00000   9.47283   0.00753   189.376   -3.8757   6.45948   9.51427   -0.0414   5.50553   1.0000000
158  1    198.200   0.60000   300.000   0.00000   9.37948   0.00753   198.421   -0.2211   0.36842   9.38171   -0.0022   0.29595   1.0000000
159  1    214.500   0.60000   300.000   0.00000   9.23043   0.00753   213.827   0.67284   1.12139   9.22419   0.00625   0.82981   1.0000000

  FITTING STATISTICS FOR 4 PARAMETERS FITTED TO 159 DATA:
      MAXIMUM DELTA-PRESSURE= 4.888


CORRELATION COEFFICIENTS (IN %)
  VARIABLE      V0        K0        Kp        Gamm0
    V0   :     100.0     -97.7      90.5      23.2
    K0   :     -97.7     100.0     -97.5     -41.1
    Kp   :      90.5     -97.5     100.0      55.8
    Gamm0:      23.2     -41.1      55.8     100.0


  VARIANCE-COVARIANCE MATRIX RESCALED
  VARIABLE     V0        K0        Kp        Gamm0
    V0   :   0.02662  -1.01838   0.03595   0.00284
    K0   :  -1.01838  40.84029  -1.51634  -0.19751
    Kp   :   0.03595  -1.51634   0.05924   0.01021
    Gamm0:   0.00284  -0.19751   0.01021   0.00565

 UPDATE EOS PARAMETERS (Y/N)?y
                                       FURTHER CALCULATIONS (Y/N)?n

EOSFIT-7.6>save /Users/clemens/Programming/peritheos/docs/data/fes-eosfit7c-q-compromise/combined-unit/fitted.eos
 
 
  EOS Information
-------------------
 
    Title: 
Eos Saved:  3-OCT-2026 at 13:28
 
   System: 
    Class: Volume
   Pscale: GPa
   Vscale: cm^3/mol
   Stoichiometry:            1.000
 
  Compressibility
-------------------
 
    Model: Birch-Murnaghan
    Order:  3
   Pressure of reference:    0.000
 
      V0:  16.33(16)         :Reference pressure volume: units are cm^3/mol
      K0:  70(6)             :Bulk modulus: units are GPa
      Kp:  6.0(2)            :dK/dP: dimensionless
     Kpp: -0.1427            :d2K/dP2: units are inverse GPa [IMPLIED VALUE]
 
 
  Thermal Expansion
-------------------
 
   Model: Mie-Gruneisen-Debye
           with q-compromise
 
   Temperature of reference:   300.00 K
 
   ThMGD:  417.000           :Debye temperature in K
   Natom:  2.00000           :Number of atoms per formula unit [FIXED VALUE]
   Gamm0:  2.44(8)           :Gruneisen parameter at Tref,Pref
 
  Scale factors for data groups
---------------------------------
   Sca 1:  1.00000           :Scale factor for data group 1 [FIXED VALUE]
 

      Do you want to save this EoS to file (Y/N) <Y>?y




     Eos parameters written to file /Users/clemens/Programming/peritheos/docs/data/fes-eosfit7c-q-compromise/combined-unit/fitted.eos


***** Macro completed
EOSFIT-7.6>

EOSFIT-7.6>exit
