

***********************************************************************************************************************
*                                                                                                                     *
*                                                     EOSFIT7c                                                        *
*                                                                                                                     *
*             Authors: RJ ANGEL, J GONZALEZ-PLATAS, M ALVARO, ML MAZZUCCHELLI                                         *
*        Version date: 13-May-2021                                                                                    *
*             Version:  7.60                                                                                          *
*                                                                                                                     *
*                                                                                                                     *
*        INCLUDING LEAST SQUARES BY I.G. WOOD & J. PIPER AND USING THE CrysFML EOS MODULE.                            *
*                                                                                                                     *
*        EosFit7c: Angel, Gonzalez-Platas, Alvaro (2014) Zeitschrift fuer Kristallographie, 229:405-419.              *
*        Phase Transitions: Angel et al (2017) Contribs Min Pet, DOI:10.1007/s00410-017-1349-x                        *
*        Fitting Moduli: Milani et al. (2017) Amer Min, DOI:10.2138/am-2017-5855                                      *
*                                                                                                                     *
*        Development currently supported by ERC grant 714936, TrueDepths to M. Alvaro, and                            *
*                          Agencia Estatal de Investigacion under                                                     *
*        National Program of Sciences and Technological Materials (PID2019-106383GB-C44) to J. Gonzalez-Platas        *
*        For more information see the help system                                                                     *
*                                                                                                                     *
*                                                                                                                     *
*        Current date and time:  3-OCT-2026 10:35                                                                     *
*                                                                                                                     *
***********************************************************************************************************************

EOSFIT-7.6>read /Users/clemens/Programming/peritheos/docs/data/fes-eosfit7c/morard-unit/input.dat





        The title on the file is: FeS audit morard unchanged observations
             The data in the file is for:T  ,P  ,V
               with esds in the file for:T  ,P  ,V

Only data available is for V: This will be selected

           The title on the data file is:  FeS audit morard unchanged observations

  THE 146 LOADED DATA ARE AS FOLLOWS:
<------------------------Observed Values-------------------------->
  N USE         P      esdP      T(K)      esdT       V      esd(V)
              GPA                                  CM^3/MOL
  1  1    29.5964   1.29360   1450.00   150.000   13.6915   0.00301
  2  1    29.6173   1.38320   1530.00   150.000   13.7501   0.00330
  3  1    29.6810   1.47280   1610.00   150.000   13.7997   0.00363
  4  1    29.9049   1.58480   1710.00   150.000   13.8950   0.00426
  5  1    33.1277   1.09200   1270.00   150.000   13.3755   0.00163
  6  1    33.2312   1.18160   1350.00   150.000   13.4022   0.00199
  7  1    33.4179   1.31600   1470.00   150.000   13.4598   0.00519
  8  1    33.4179   1.31600   1470.00   150.000   13.4598   0.00519
  9  1    41.6518   1.03600   1220.00   150.000   12.8114   0.00274
 10  1    41.7693   1.15920   1330.00   150.000   12.8353   0.00263
 11  1    41.6736   1.26000   1420.00   150.000   12.8651   0.00241
 12  1    41.9291   1.36080   1510.00   150.000   12.9205   0.00185
 13  1    41.8033   1.43920   1580.00   150.000   12.9557   0.00343
 14  1    41.9176   1.50640   1640.00   150.000   12.9755   0.00226
 15  1    42.1986   1.62960   1750.00   150.000   13.0099   0.00374
 16  1    42.6556   1.78640   1890.00   150.000   13.0421   0.00396
 17  1    45.1681   1.06960   1250.00   150.000   12.6352   0.00424
 18  1    44.9994   1.17040   1340.00   150.000   12.6738   0.00406
 19  1    44.9909   1.24880   1410.00   150.000   12.6940   0.00419
 20  1    44.9010   1.38320   1530.00   150.000   12.7795   0.00235
 21  1    44.8590   1.52880   1660.00   150.000   12.8028   0.00322
 22  1    44.9072   1.64080   1760.00   150.000   12.8582   0.00294
 23  1    44.9390   1.74160   1850.00   150.000   12.9173   0.00362
 24  1    45.0022   1.84240   1940.00   150.000   12.9427   0.00392
 25  1    45.0678   1.90960   2000.00   150.000   12.9834   0.00433
 26  1    45.1985   2.02160   2100.00   150.000   13.0166   0.00520
 27  1    45.2392   2.12240   2190.00   150.000   13.1062   0.00466
 28  1    45.3343   2.23440   2290.00   150.000   13.1220   0.00493
 29  1    54.1843   1.03600   1220.00   150.000   12.2175   0.00381
 30  1    54.2740   1.08080   1260.00   150.000   12.2301   0.00219
 31  1    54.2970   1.17040   1340.00   150.000   12.2500   0.00200
 32  1    54.2284   1.27120   1430.00   150.000   12.2737   0.00174
 33  1    54.1407   1.32720   1480.00   150.000   12.3063   0.00205
 34  1    54.1687   1.43920   1580.00   150.000   12.3363   0.00247
 35  1    54.2215   1.55120   1680.00   150.000   12.3764   0.00333
 36  1    54.2202   1.62960   1750.00   150.000   12.4062   0.00459
 37  1    54.2211   1.69680   1810.00   150.000   12.4249   0.00480
 38  1    54.2430   1.77520   1880.00   150.000   12.4580   0.00387
 39  1    54.2302   1.84240   1940.00   150.000   12.4695   0.00403
 40  1    54.2358   1.93200   2020.00   150.000   12.4931   0.00415
 41  1    54.2892   2.04400   2120.00   150.000   12.5415   0.00433
 42  1    54.2243   2.13360   2200.00   150.000   12.5877   0.00492
 43  1    57.9981   1.12560   1300.00   150.000   12.0885   0.00309
 44  1    58.0563   1.24880   1410.00   150.000   12.1192   0.00340
 45  1    58.0852   1.30480   1460.00   150.000   12.1072   0.00322
 46  1    58.1264   1.37200   1520.00   150.000   12.1205   0.00278
 47  1    58.2363   1.49520   1630.00   150.000   12.1345   0.00286
 48  1    58.3077   1.57360   1700.00   150.000   12.1414   0.00286
 49  1    58.5404   1.65200   1770.00   150.000   12.1618   0.00263
 50  1    58.6663   1.74160   1850.00   150.000   12.2158   0.00254
<------------------------Observed Values-------------------------->
  N USE         P      esdP      T(K)      esdT       V      esd(V)
              GPA                                  CM^3/MOL
 51  1    58.8002   1.83120   1930.00   150.000   12.2296   0.00340
 52  1    58.8179   1.92080   2010.00   150.000   12.2413   0.00282
 53  1    58.9342   1.98800   2070.00   150.000   12.2520   0.00379
 54  1    59.1212   2.11120   2180.00   150.000   12.2584   0.00401
 55  1    59.2891   2.18960   2250.00   150.000   12.2828   0.00503
 56  1    59.3838   2.27920   2330.00   150.000   12.2963   0.00797
 57  1    63.7709   1.12560   1300.00   150.000   11.9339   0.00325
 58  1    63.6024   1.17040   1340.00   150.000   11.9447   0.00340
 59  1    63.4838   1.26000   1420.00   150.000   11.9513   0.00291
 60  1    63.4353   1.32720   1480.00   150.000   11.9543   0.00321
 61  1    63.4263   1.40560   1550.00   150.000   11.9587   0.00173
 62  1    63.4708   1.49520   1630.00   150.000   11.9641   0.00191
 63  1    63.4788   1.55120   1680.00   150.000   11.9715   0.00200
 64  1    63.4561   1.64080   1760.00   150.000   11.9934   0.00234
 65  1    63.4578   1.71920   1830.00   150.000   12.0151   0.00190
 66  1    63.4820   1.79760   1900.00   150.000   12.0372   0.00200
 67  1    63.4522   1.88720   1980.00   150.000   12.0589   0.00209
 68  1    63.5647   1.97680   2060.00   150.000   12.0863   0.00276
 69  1    63.7663   2.11120   2180.00   150.000   12.1088   0.00246
 70  1    63.8600   2.22320   2280.00   150.000   12.1322   0.00476
 71  1    63.9175   2.32400   2370.00   150.000   12.1588   0.00333
 72  1    64.2285   2.38000   2420.00   150.000   12.1796   0.00397
 73  1    64.2644   2.48080   2510.00   150.000   12.2196   0.00305
 74  1    64.1073   2.51440   2540.00   150.000   12.2416   0.00389
 75  1    83.7593   1.26000   1420.00   150.000   11.3323   0.00310
 76  1    83.8346   1.33840   1490.00   150.000   11.3411   0.00342
 77  1    83.9210   1.41680   1560.00   150.000   11.3796   0.00341
 78  1    84.2479   1.55120   1680.00   150.000   11.3835   0.00317
 79  1    84.3992   1.61840   1740.00   150.000   11.3960   0.00245
 80  1    84.4442   1.69680   1810.00   150.000   11.4172   0.00298
 81  1    84.4649   1.77520   1880.00   150.000   11.4407   0.00254
 82  1    84.4635   1.86480   1960.00   150.000   11.4700   0.00311
 83  1    84.4695   1.97680   2060.00   150.000   11.4938   0.00347
 84  1    84.3718   2.10000   2170.00   150.000   11.5203   0.00710
 85  1    84.3526   2.17840   2240.00   150.000   11.5095   0.00636
 86  1    84.3375   2.27920   2330.00   150.000   11.5130   0.00536
 87  1    84.6732   2.40240   2440.00   150.000   11.5496   0.00623
 88  1    84.6227   2.48080   2510.00   150.000   11.5596   0.00717
 89  1    92.4086   1.47280   1610.00   150.000   11.2253   0.00678
 90  1    92.4186   1.69680   1810.00   150.000   11.2230   0.00358
 91  1    92.8268   1.80880   1910.00   150.000   11.2114   0.00237
 92  1    92.8125   1.57360   1700.00   150.000   11.1689   0.00178
 93  1    92.7971   1.46160   1600.00   150.000   11.1518   0.00176
 94  1    93.0799   1.75280   1860.00   150.000   11.1819   0.00201
 95  1    93.2651   1.84240   1940.00   150.000   11.1915   0.00212
 96  1    93.4954   1.95440   2040.00   150.000   11.2112   0.00321
 97  1    93.6135   2.04400   2120.00   150.000   11.2305   0.00254
 98  1    93.7267   2.16720   2230.00   150.000   11.2545   0.00216
 99  1    94.0063   2.34640   2390.00   150.000   11.2763   0.00251
100  1    94.0082   2.44720   2480.00   150.000   11.3218   0.00372
<------------------------Observed Values-------------------------->
  N USE         P      esdP      T(K)      esdT       V      esd(V)
              GPA                                  CM^3/MOL
101  1    94.2592   2.52560   2550.00   150.000   11.3218   0.00436
102  1    108.263   1.60720   1730.00   150.000   10.7924   0.00317
103  1    108.554   1.68560   1800.00   150.000   10.7941   0.00283
104  1    109.100   1.87600   1970.00   150.000   10.8122   0.00211
105  1    109.347   1.61840   1740.00   150.000   10.7958   0.00192
106  1    109.266   1.49520   1630.00   150.000   10.7874   0.00176
107  1    109.210   1.39440   1540.00   150.000   10.7763   0.00180
108  1    109.146   1.28240   1440.00   150.000   10.7660   0.00176
109  1    109.052   1.17040   1340.00   150.000   10.7582   0.00195
110  1    109.097   1.17040   1340.00   150.000   10.7565   0.00201
111  1    109.504   1.57360   1700.00   150.000   10.7856   0.00200
112  1    109.609   1.68560   1800.00   150.000   10.7949   0.00190
113  1    109.780   1.74160   1850.00   150.000   10.7970   0.00186
114  1    109.961   1.89840   1990.00   150.000   10.8106   0.00205
115  1    110.057   1.98800   2070.00   150.000   10.8249   0.00238
116  1    110.219   2.08880   2160.00   150.000   10.8502   0.00258
117  1    110.303   2.18960   2250.00   150.000   10.8687   0.00300
118  1    110.562   2.26800   2320.00   150.000   10.8740   0.00369
119  1    110.756   2.36880   2410.00   150.000   10.8899   0.00549
120  1    110.707   2.49200   2520.00   150.000   10.9344   0.00455
121  1    110.928   2.57040   2590.00   150.000   10.9509   0.00494
122  1    115.855   1.70800   1820.00   150.000   10.6053   0.00627
123  1    116.306   1.71920   1830.00   150.000   10.5870   0.00644
124  1    116.740   1.90960   2000.00   150.000   10.6021   0.00547
125  1    117.407   1.97680   2060.00   150.000   10.6257   0.00423
126  1    117.832   2.13360   2200.00   150.000   10.6405   0.00487
127  1    118.498   2.30160   2350.00   150.000   10.6947   0.00651
128  1    118.847   2.39120   2430.00   150.000   10.6960   0.00459
129  1    118.550   1.90960   2000.00   150.000   10.6173   0.00962
130  1    118.524   1.79760   1900.00   150.000   10.6006   0.00661
131  1    118.494   1.68560   1800.00   150.000   10.5952   0.00854
132  1    118.350   1.57360   1700.00   150.000   10.5937   0.00797
133  1    118.373   1.46160   1600.00   150.000   10.5816   0.00963
134  1    118.240   1.23760   1400.00   150.000   10.5806   0.00776
135  1    128.752   1.15920   1330.00   150.000   10.4041   0.00358
136  1    129.081   1.33840   1490.00   150.000   10.4082   0.00403
137  1    129.340   1.52880   1660.00   150.000   10.4126   0.00374
138  1    129.907   1.67440   1790.00   150.000   10.4085   0.00548
139  1    130.211   1.82000   1920.00   150.000   10.4056   0.00417
140  1    130.971   2.02160   2100.00   150.000   10.4077   0.00481
141  1    131.695   2.17840   2240.00   150.000   10.4277   0.00481
142  1    132.596   2.40240   2440.00   150.000   10.4588   0.00461
143  1    148.509   1.20400   1370.00   150.000   10.0719   0.00428
144  1    148.906   1.42800   1570.00   150.000   10.0723   0.00384
145  1    149.347   1.60720   1730.00   150.000   10.0751   0.00383
146  1    149.948   1.79760   1900.00   150.000   10.0741   0.00659

       Esds available for all data points for:  P, T, V

EOSFIT-7.6>input

*************************************Commands to input or change EoS parameters ***************************************


   Type HELP for a list of commands to change EoS types or parameters


INPUT EOS>pr

     Available equations of state are:
     1=Murnaghan, 2=Birch-Murnaghan, 3=Vinet, 4=Natural Strain, 5=Tait, 6=APL, 7=Kumar,

     Input choice (0 for none, space for no change):2

INPUT ORDER OF EOS (2,3,4):3


INPUT EOS PARAMETERS, <CR> FOR NO CHANGE:
          VALUE OF V0    (     1.000):15.4
          VALUE OF K0    (    10.000):115.5
          VALUE OF Kp    (     4.000):4.99
 
 
  EOS Information
-------------------
 
    Title: 
Eos Saved: 
 
   System: 
    Class: Volume
   Stoichiometry:            1.000
 
  Compressibility
-------------------
 
    Model: Birch-Murnaghan
    Order:  3
   Pressure of reference:    0.000
 
      V0:  15.4000           :Reference pressure volume: units as volume data
      K0:  115.500           :Bulk modulus: same units as pressure data
      Kp:  4.99000           :dK/dP: dimensionless
     Kpp: -0.0507            :d2K/dP2: inverse pressure units [IMPLIED VALUE]
 
 
  Scale factors for data groups
---------------------------------
   Sca 1:  1.00000           :Scale factor for data group 1 [FIXED VALUE]
 

INPUT EOS>th

     Available thermal expansion equations are:
       1=Berman 1988,  2=Fei 1995,  3=Modified HP1998,  4=Kroll,  5=Salje low-T,
     Available thermal-pressure EoS are:
       6=HP Thermal Pressure,  7=Mie-Gruneisen-Debye,  8=Einstein Oscillator,

     Input choice (0 for none, space for no change):7

INPUT THERMAL PARAMETERS FOR Mie-Gruneisen-Debye <CR> FOR NO CHANGE:


*****WARNING: EoS must have a Pscale in kbar or GPa and a Vscale in cm3/mol set to get correct results.

    Reference temperature ( 298.0K):300

     Do you want to use q-compromise version (Y/N) <N>?n

    Reference pressure volume: units as volume data:
                    VALUE OF V0    (    15.400):15.4
    Debye temperature in K:
                    VALUE OF ThMGD (   298.000):417
    Number of atoms per formula unit:
                    VALUE OF Natom (     1.000):2

*****INFORMATION*****

    Gamma0 and q are  refineable parameters in the thermal-pressure model

    Gruneisen parameter at Tref,Pref:
                    VALUE OF Gamm0 (     1.000):2.42
    Gruneisen power law in V/V0:
                    VALUE OF q     (     0.000):1

*****The results of the thermal pressure model depend on the EoS parameters

*****WARNING: EoS must have a Pscale in kbar or GPa and a Vscale in cm3/mol set to get correct results.

 
 
  EOS Information
-------------------
 
    Title: 
Eos Saved: 
 
   System: 
    Class: Volume
   Stoichiometry:            1.000
 
  Compressibility
-------------------
 
    Model: Birch-Murnaghan
    Order:  3
   Pressure of reference:    0.000
 
      V0:  15.4000           :Reference pressure volume: units as volume data
      K0:  115.500           :Bulk modulus: same units as pressure data
      Kp:  4.99000           :dK/dP: dimensionless
     Kpp: -0.0507            :d2K/dP2: inverse pressure units [IMPLIED VALUE]
 
 
  Thermal Expansion
-------------------
 
   Model: Mie-Gruneisen-Debye
 
   Temperature of reference:   300.00 K
 
   ThMGD:  417.000           :Debye temperature in K
   Natom:  2.00000           :Number of atoms per formula unit [FIXED VALUE]
   Gamm0:  2.42000           :Gruneisen parameter at Tref,Pref
       q:  1.00000           :Gruneisen power law in V/V0
 
  Scale factors for data groups
---------------------------------
   Sca 1:  1.00000           :Scale factor for data group 1 [FIXED VALUE]
 

INPUT EOS>pscale

     This command allows you to label the output parameters with the pressure scale name (e.g. 'GPa')
     It does not change the parameter values or the P values in the dataset!

     No pressure scale name has been set

     Input name of pressure scale, blank for no change, or 'none':GPa

     The pressure scale name is: GPa

 
 
  EOS Information
-------------------
 
    Title: 
Eos Saved: 
 
   System: 
    Class: Volume
   Pscale: GPa
   Stoichiometry:            1.000
 
  Compressibility
-------------------
 
    Model: Birch-Murnaghan
    Order:  3
   Pressure of reference:    0.000
 
      V0:  15.4000           :Reference pressure volume: units as volume data
      K0:  115.500           :Bulk modulus: units are GPa
      Kp:  4.99000           :dK/dP: dimensionless
     Kpp: -0.0507            :d2K/dP2: units are inverse GPa [IMPLIED VALUE]
 
 
  Thermal Expansion
-------------------
 
   Model: Mie-Gruneisen-Debye
 
   Temperature of reference:   300.00 K
 
   ThMGD:  417.000           :Debye temperature in K
   Natom:  2.00000           :Number of atoms per formula unit [FIXED VALUE]
   Gamm0:  2.42000           :Gruneisen parameter at Tref,Pref
       q:  1.00000           :Gruneisen power law in V/V0
 
  Scale factors for data groups
---------------------------------
   Sca 1:  1.00000           :Scale factor for data group 1 [FIXED VALUE]
 

INPUT EOS>vscale

     This command allows you to label the output parameters with the volume scale name (e.g. 'cm3/mol')
     For linear data and Eos, use this for the name of the linear units (e.g. 'A')
     It does not change the parameter values or the values of the data!

     No volume/linear scale name has been set

     Input name of volume scale, blank for no change, or 'none':cm^3/mol

     The volume scale name is: cm^3/mol

 
 
  EOS Information
-------------------
 
    Title: 
Eos Saved: 
 
   System: 
    Class: Volume
   Pscale: GPa
   Vscale: cm^3/mol
   Stoichiometry:            1.000
 
  Compressibility
-------------------
 
    Model: Birch-Murnaghan
    Order:  3
   Pressure of reference:    0.000
 
      V0:  15.4000           :Reference pressure volume: units are cm^3/mol
      K0:  115.500           :Bulk modulus: units are GPa
      Kp:  4.99000           :dK/dP: dimensionless
     Kpp: -0.0507            :d2K/dP2: units are inverse GPa [IMPLIED VALUE]
 
 
  Thermal Expansion
-------------------
 
   Model: Mie-Gruneisen-Debye
 
   Temperature of reference:   300.00 K
 
   ThMGD:  417.000           :Debye temperature in K
   Natom:  2.00000           :Number of atoms per formula unit [FIXED VALUE]
   Gamm0:  2.42000           :Gruneisen parameter at Tref,Pref
       q:  1.00000           :Gruneisen power law in V/V0
 
  Scale factors for data groups
---------------------------------
   Sca 1:  1.00000           :Scale factor for data group 1 [FIXED VALUE]
 

INPUT EOS>x

*************************************************Exiting from INPUT ***************************************************


EOSFIT-7.6>save /Users/clemens/Programming/peritheos/docs/data/fes-eosfit7c/morard-unit/initial.eos
 
 
  EOS Information
-------------------
 
    Title: 
Eos Saved: 
 
   System: 
    Class: Volume
   Pscale: GPa
   Vscale: cm^3/mol
   Stoichiometry:            1.000
 
  Compressibility
-------------------
 
    Model: Birch-Murnaghan
    Order:  3
   Pressure of reference:    0.000
 
      V0:  15.4000           :Reference pressure volume: units are cm^3/mol
      K0:  115.500           :Bulk modulus: units are GPa
      Kp:  4.99000           :dK/dP: dimensionless
     Kpp: -0.0507            :d2K/dP2: units are inverse GPa [IMPLIED VALUE]
 
 
  Thermal Expansion
-------------------
 
   Model: Mie-Gruneisen-Debye
 
   Temperature of reference:   300.00 K
 
   ThMGD:  417.000           :Debye temperature in K
   Natom:  2.00000           :Number of atoms per formula unit [FIXED VALUE]
   Gamm0:  2.42000           :Gruneisen parameter at Tref,Pref
       q:  1.00000           :Gruneisen power law in V/V0
 
  Scale factors for data groups
---------------------------------
   Sca 1:  1.00000           :Scale factor for data group 1 [FIXED VALUE]
 

      Do you want to save this EoS to file (Y/N) <Y>?y




     Eos parameters written to file /Users/clemens/Programming/peritheos/docs/data/fes-eosfit7c/morard-unit/initial.eos


EOSFIT-7.6>list

           The title on the data file is:  FeS audit morard unchanged observations
           The calculated values are from:

  THE 146 LOADED DATA ARE AS FOLLOWS:
<-------------------------Observed Values---------------------------><----------------Calculated Values ----------------------->
  N USE         P      esdP      T(K)      esdT       V      esd(V)      Pcal    deltaP delta/esd    V  cal    deltaV   delV/esd
              GPA                                  CM^3/MOL               GPa                       cm^3/mol
  1  1    29.5964   1.29360   1450.00   150.000   13.6915   0.00301   26.9484   2.64805   2.04704   13.5161   0.17540   58.3130
  2  1    29.6173   1.38320   1530.00   150.000   13.7501   0.00330   26.7280   2.88924   2.08881   13.5549   0.19514   59.1438
  3  1    29.6810   1.47280   1610.00   150.000   13.7997   0.00363   26.6518   3.02926   2.05680   13.5916   0.20817   57.3966
  4  1    29.9049   1.58480   1710.00   150.000   13.8950   0.00426   26.1267   3.77819   2.38401   13.6285   0.26654   62.6151
  5  1    33.1277   1.09200   1270.00   150.000   13.3755   0.00163   30.4606   2.66712   2.44242   13.2193   0.15616   96.0374
  6  1    33.2312   1.18160   1350.00   150.000   13.4022   0.00199   30.6413   2.58992   2.19187   13.2488   0.15339   76.9784
  7  1    33.4179   1.31600   1470.00   150.000   13.4598   0.00519   30.6432   2.77477   2.10849   13.2921   0.16772   32.3112
  8  1    33.4179   1.31600   1470.00   150.000   13.4598   0.00519   30.6432   2.77477   2.10849   13.2921   0.16772   32.3112
  9  1    41.6518   1.03600   1220.00   150.000   12.8114   0.00274   40.5612   1.09060   1.05271   12.7595   0.05184   18.8897
 10  1    41.7693   1.15920   1330.00   150.000   12.8353   0.00263   40.9183   0.85100   0.73413   12.7943   0.04095   15.5919
 11  1    41.6736   1.26000   1420.00   150.000   12.8651   0.00241   41.0053   0.66826   0.53037   12.8325   0.03261   13.5382
 12  1    41.9291   1.36080   1510.00   150.000   12.9205   0.00185   40.5904   1.33868   0.98374   12.8541   0.06637   35.8088
 13  1    41.8033   1.43920   1580.00   150.000   12.9557   0.00343   40.4387   1.36469   0.94823   12.8871   0.06861   19.9982
 14  1    41.9176   1.50640   1640.00   150.000   12.9755   0.00226   40.5181   1.39944   0.92900   12.9046   0.07090   31.4041
 15  1    42.1986   1.62960   1750.00   150.000   13.0099   0.00374   40.7104   1.48812   0.91318   12.9336   0.07639   20.4479
 16  1    42.6556   1.78640   1890.00   150.000   13.0421   0.00396   41.1890   1.46661   0.82099   12.9658   0.07629   19.2735
 17  1    45.1681   1.06960   1250.00   150.000   12.6352   0.00424   44.5968   0.57125   0.53408   12.6098   0.02539   5.99199
 18  1    44.9994   1.17040   1340.00   150.000   12.6738   0.00406   44.4370   0.56242   0.48054   12.6484   0.02540   6.25607
 19  1    44.9909   1.24880   1410.00   150.000   12.6940   0.00419   44.5353   0.45555   0.36479   12.6733   0.02077   4.96106
 20  1    44.9010   1.38320   1530.00   150.000   12.7795   0.00235   43.6334   1.26755   0.91639   12.7201   0.05939   25.2533
 21  1    44.8590   1.52880   1660.00   150.000   12.8028   0.00322   44.1558   0.70318   0.45996   12.7693   0.03345   10.3968
 22  1    44.9072   1.64080   1760.00   150.000   12.8582   0.00294   43.7915   1.11570   0.67997   12.8041   0.05407   18.3775
 23  1    44.9390   1.74160   1850.00   150.000   12.9173   0.00362   43.3002   1.63879   0.94097   12.8364   0.08092   22.3663
 24  1    45.0022   1.84240   1940.00   150.000   12.9427   0.00392   43.5001   1.50209   0.81529   12.8676   0.07504   19.1240
 25  1    45.0678   1.90960   2000.00   150.000   12.9834   0.00433   43.1718   1.89597   0.99286   12.8875   0.09590   22.1385
 26  1    45.1985   2.02160   2100.00   150.000   13.0166   0.00520   43.3135   1.88502   0.93244   12.9199   0.09664   18.5922
 27  1    45.2392   2.12240   2190.00   150.000   13.1062   0.00466   42.3326   2.90659   1.36948   12.9534   0.15279   32.7579
 28  1    45.3343   2.23440   2290.00   150.000   13.1220   0.00493   42.8239   2.51041   1.12353   12.9886   0.13336   27.0614
 29  1    54.1843   1.03600   1220.00   150.000   12.2175   0.00381   54.5728   -0.3884   0.37494   12.2322   -0.0146   3.83398
 30  1    54.2740   1.08080   1260.00   150.000   12.2301   0.00219   54.5490   -0.2749   0.25439   12.2405   -0.0104   4.74244
 31  1    54.2970   1.17040   1340.00   150.000   12.2500   0.00200   54.6417   -0.3448   0.29456   12.2631   -0.0132   6.58822
 32  1    54.2284   1.27120   1430.00   150.000   12.2737   0.00174   54.7177   -0.4893   0.38488   12.2926   -0.0189   10.8242
 33  1    54.1407   1.32720   1480.00   150.000   12.3063   0.00205   54.2655   -0.1248   0.09403   12.3111   -0.0049   2.37444
 34  1    54.1687   1.43920   1580.00   150.000   12.3363   0.00247   54.2753   -0.1065   0.07401   12.3405   -0.0042   1.70618
 35  1    54.2215   1.55120   1680.00   150.000   12.3764   0.00333   54.0467   0.17474   0.11265   12.3694   0.00700   2.10496
 36  1    54.2202   1.62960   1750.00   150.000   12.4062   0.00459   53.8523   0.36790   0.22576   12.3913   0.01491   3.24668
 37  1    54.2211   1.69680   1810.00   150.000   12.4249   0.00480   53.8610   0.36001   0.21217   12.4102   0.01470   3.06321
 38  1    54.2430   1.77520   1880.00   150.000   12.4580   0.00387   53.6031   0.63989   0.36046   12.4316   0.02643   6.82414
 39  1    54.2302   1.84240   1940.00   150.000   12.4695   0.00403   53.7962   0.43399   0.23556   12.4514   0.01805   4.48157
 40  1    54.2358   1.93200   2020.00   150.000   12.4931   0.00415   53.8570   0.37883   0.19608   12.4772   0.01591   3.83192
 41  1    54.2892   2.04400   2120.00   150.000   12.5415   0.00433   53.5002   0.78908   0.38605   12.5078   0.03370   7.77503
 42  1    54.2243   2.13360   2200.00   150.000   12.5877   0.00492   53.0594   1.16484   0.54595   12.5372   0.05054   10.2687
 43  1    57.9981   1.12560   1300.00   150.000   12.0885   0.00309   58.7244   -0.7263   0.64525   12.1144   -0.0260   8.40331
 44  1    58.0563   1.24880   1410.00   150.000   12.1192   0.00340   58.7163   -0.6600   0.52849   12.1431   -0.0239   7.03786
 45  1    58.0852   1.30480   1460.00   150.000   12.1072   0.00322   59.4369   -1.3517   1.03594   12.1562   -0.0489   15.2112
 46  1    58.1264   1.37200   1520.00   150.000   12.1205   0.00278   59.5320   -1.4056   1.02446   12.1717   -0.0512   18.4155
 47  1    58.2363   1.49520   1630.00   150.000   12.1345   0.00286   59.9984   -1.7621   1.17850   12.1993   -0.0648   22.6217
 48  1    58.3077   1.57360   1700.00   150.000   12.1414   0.00286   60.3520   -2.0443   1.29915   12.2170   -0.0755   26.4601
 49  1    58.5404   1.65200   1770.00   150.000   12.1618   0.00263   60.3385   -1.7981   1.08845   12.2287   -0.0669   25.3978
 50  1    58.6663   1.74160   1850.00   150.000   12.2158   0.00254   59.5070   -0.8408   0.48275   12.2475   -0.0318   12.5033
<-------------------------Observed Values---------------------------><----------------Calculated Values ----------------------->
  N USE         P      esdP      T(K)      esdT       V      esd(V)      Pcal    deltaP delta/esd    V  cal    deltaV   delV/esd
              GPA                                  CM^3/MOL               GPa                       cm^3/mol
 51  1    58.8002   1.83120   1930.00   150.000   12.2296   0.00340   59.7630   -0.9628   0.52579   12.2662   -0.0366   10.7744
 52  1    58.8179   1.92080   2010.00   150.000   12.2413   0.00282   60.0772   -1.2593   0.65560   12.2896   -0.0483   17.0973
 53  1    58.9342   1.98800   2070.00   150.000   12.2520   0.00379   60.2625   -1.3283   0.66814   12.3032   -0.0512   13.5015
 54  1    59.1212   2.11120   2180.00   150.000   12.2584   0.00401   60.9525   -1.8313   0.86742   12.3295   -0.0710   17.7089
 55  1    59.2891   2.18960   2250.00   150.000   12.2828   0.00503   60.8638   -1.5747   0.71919   12.3444   -0.0616   12.2357
 56  1    59.3838   2.27920   2330.00   150.000   12.2963   0.00797   61.1415   -1.7577   0.77118   12.3655   -0.0693   8.68658
 57  1    63.7709   1.12560   1300.00   150.000   11.9339   0.00325   63.2175   0.55344   0.49169   11.9156   0.01835   5.64239
 58  1    63.6024   1.17040   1340.00   150.000   11.9447   0.00340   63.2019   0.40046   0.34216   11.9314   0.01336   3.92659
 59  1    63.4838   1.26000   1420.00   150.000   11.9513   0.00291   63.6236   -0.1398   0.11099   11.9560   -0.0047   1.61595
 60  1    63.4353   1.32720   1480.00   150.000   11.9543   0.00321   63.9987   -0.5634   0.42449   11.9733   -0.0190   5.91425
 61  1    63.4263   1.40560   1550.00   150.000   11.9587   0.00173   64.4103   -0.9840   0.70008   11.9921   -0.0334   19.3183
 62  1    63.4708   1.49520   1630.00   150.000   11.9641   0.00191   64.8731   -1.4023   0.93789   12.0119   -0.0478   24.9883
 63  1    63.4788   1.55120   1680.00   150.000   11.9715   0.00200   65.0411   -1.5623   1.00718   12.0250   -0.0535   26.7337
 64  1    63.4561   1.64080   1760.00   150.000   11.9934   0.00234   65.0183   -1.5621   0.95207   12.0474   -0.0540   23.0923
 65  1    63.4578   1.71920   1830.00   150.000   12.0151   0.00190   64.9303   -1.4725   0.85650   12.0665   -0.0513   27.0462
 66  1    63.4820   1.79760   1900.00   150.000   12.0372   0.00200   64.8376   -1.3556   0.75412   12.0849   -0.0477   23.8887
 67  1    63.4522   1.88720   1980.00   150.000   12.0589   0.00209   64.8400   -1.3878   0.73538   12.1082   -0.0493   23.5708
 68  1    63.5647   1.97680   2060.00   150.000   12.0863   0.00276   64.6886   -1.1239   0.56856   12.1266   -0.0403   14.6126
 69  1    63.7663   2.11120   2180.00   150.000   12.1088   0.00246   64.9927   -1.2264   0.58092   12.1533   -0.0444   18.0436
 70  1    63.8600   2.22320   2280.00   150.000   12.1322   0.00476   65.1253   -1.2654   0.56917   12.1785   -0.0463   9.73741
 71  1    63.9175   2.32400   2370.00   150.000   12.1588   0.00333   65.0963   -1.1789   0.50725   12.2024   -0.0436   13.0799
 72  1    64.2285   2.38000   2420.00   150.000   12.1796   0.00397   64.9234   -0.6949   0.29198   12.2054   -0.0258   6.50702
 73  1    64.2644   2.48080   2510.00   150.000   12.2196   0.00305   64.5541   -0.2897   0.11679   12.2305   -0.0109   3.57871
 74  1    64.1073   2.51440   2540.00   150.000   12.2416   0.00389   64.2038   -0.0965   0.03837   12.2453   -0.0037   0.94201
 75  1    83.7593   1.26000   1420.00   150.000   11.3323   0.00310   84.7698   -1.0104   0.80194   11.3584   -0.0261   8.41881
 76  1    83.8346   1.33840   1490.00   150.000   11.3411   0.00342   84.9687   -1.1341   0.84733   11.3705   -0.0294   8.59708
 77  1    83.9210   1.41680   1560.00   150.000   11.3796   0.00341   84.0277   -0.1067   0.07528   11.3824   -0.0028   0.82080
 78  1    84.2479   1.55120   1680.00   150.000   11.3835   0.00317   84.8111   -0.5632   0.36307   11.3983   -0.0148   4.68232
 79  1    84.3992   1.61840   1740.00   150.000   11.3960   0.00245   84.7988   -0.3995   0.24686   11.4066   -0.0106   4.30942
 80  1    84.4442   1.69680   1810.00   150.000   11.4172   0.00298   84.5454   -0.1012   0.05967   11.4199   -0.0027   0.90452
 81  1    84.4649   1.77520   1880.00   150.000   11.4407   0.00254   84.2086   0.25635   0.14440   11.4339   0.00689   2.70959
 82  1    84.4635   1.86480   1960.00   150.000   11.4700   0.00311   83.7524   0.71104   0.38130   11.4507   0.01931   6.20530
 83  1    84.4695   1.97680   2060.00   150.000   11.4938   0.00347   83.6618   0.80769   0.40858   11.4716   0.02215   6.37525
 84  1    84.3718   2.10000   2170.00   150.000   11.5203   0.00710   83.5600   0.81179   0.38657   11.4978   0.02252   3.17348
 85  1    84.3526   2.17840   2240.00   150.000   11.5095   0.00636   84.4943   -0.1417   0.06504   11.5135   -0.0039   0.61891
 86  1    84.3375   2.27920   2330.00   150.000   11.5130   0.00536   85.0716   -0.7342   0.32211   11.5335   -0.0205   3.82079
 87  1    84.6732   2.40240   2440.00   150.000   11.5496   0.00623   84.6212   0.05206   0.02167   11.5481   0.00147   0.23558
 88  1    84.6227   2.48080   2510.00   150.000   11.5596   0.00717   84.8161   -0.1934   0.07794   11.5650   -0.0055   0.76534
 89  1    92.4086   1.47280   1610.00   150.000   11.2253   0.00678   90.5059   1.90271   1.29190   11.1792   0.04611   6.79692
 90  1    92.4186   1.69680   1810.00   150.000   11.2230   0.00358   92.1533   0.26530   0.15635   11.2165   0.00648   1.81174
 91  1    92.8268   1.80880   1910.00   150.000   11.2114   0.00237   93.4035   -0.5767   0.31884   11.2255   -0.0141   5.94316
 92  1    92.8125   1.57360   1700.00   150.000   11.1689   0.00178   93.5366   -0.7241   0.46012   11.1863   -0.0174   9.74360
 93  1    92.7971   1.46160   1600.00   150.000   11.1518   0.00176   93.4824   -0.6853   0.46889   11.1681   -0.0163   9.27677
 94  1    93.0799   1.75280   1860.00   150.000   11.1819   0.00201   94.2348   -1.1549   0.65889   11.2098   -0.0279   13.8813
 95  1    93.2651   1.84240   1940.00   150.000   11.1915   0.00212   94.4577   -1.1926   0.64729   11.2205   -0.0290   13.6571
 96  1    93.4954   1.95440   2040.00   150.000   11.2112   0.00321   94.4217   -0.9263   0.47396   11.2339   -0.0227   7.06726
 97  1    93.6135   2.04400   2120.00   150.000   11.2305   0.00254   94.2570   -0.6435   0.31481   11.2463   -0.0159   6.23621
 98  1    93.7267   2.16720   2230.00   150.000   11.2545   0.00216   94.1383   -0.4115   0.18988   11.2648   -0.0102   4.73759
 99  1    94.0063   2.34640   2390.00   150.000   11.2763   0.00251   94.5143   -0.5080   0.21652   11.2890   -0.0128   5.08144
100  1    94.0082   2.44720   2480.00   150.000   11.3218   0.00372   93.4154   0.59279   0.24223   11.3067   0.01510   4.06024
<-------------------------Observed Values---------------------------><----------------Calculated Values ----------------------->
  N USE         P      esdP      T(K)      esdT       V      esd(V)      Pcal    deltaP delta/esd    V  cal    deltaV   delV/esd
              GPA                                  CM^3/MOL               GPa                       cm^3/mol
101  1    94.2592   2.52560   2550.00   150.000   11.3218   0.00436   93.9639   0.29530   0.11692   11.3142   0.00754   1.72996
102  1    108.263   1.60720   1730.00   150.000   10.7924   0.00317   110.940   -2.6772   1.66575   10.8471   -0.0547   17.2623
103  1    108.554   1.68560   1800.00   150.000   10.7941   0.00283   111.402   -2.8475   1.68933   10.8523   -0.0582   20.5580
104  1    109.100   1.87600   1970.00   150.000   10.8122   0.00211   111.824   -2.7245   1.45231   10.8684   -0.0562   26.6513
105  1    109.347   1.61840   1740.00   150.000   10.7958   0.00192   110.851   -1.5040   0.92934   10.8264   -0.0306   15.9426
106  1    109.266   1.49520   1630.00   150.000   10.7874   0.00176   110.415   -1.1495   0.76882   10.8107   -0.0233   13.2380
107  1    109.210   1.39440   1540.00   150.000   10.7763   0.00180   110.273   -1.0623   0.76181   10.7977   -0.0214   11.8748
108  1    109.146   1.28240   1440.00   150.000   10.7660   0.00176   110.017   -0.8707   0.67899   10.7834   -0.0174   9.88308
109  1    109.052   1.17040   1340.00   150.000   10.7582   0.00195   109.642   -0.5907   0.50468   10.7699   -0.0118   6.03910
110  1    109.097   1.17040   1340.00   150.000   10.7565   0.00201   109.729   -0.6314   0.53951   10.7690   -0.0126   6.23532
111  1    109.504   1.57360   1700.00   150.000   10.7856   0.00200   111.049   -1.5444   0.98145   10.8168   -0.0313   15.6663
112  1    109.609   1.68560   1800.00   150.000   10.7949   0.00190   111.358   -1.7490   1.03760   10.8305   -0.0356   18.7470
113  1    109.780   1.74160   1850.00   150.000   10.7970   0.00186   111.644   -1.8638   1.07017   10.8350   -0.0380   20.4336
114  1    109.961   1.89840   1990.00   150.000   10.8106   0.00205   112.060   -2.0996   1.10598   10.8537   -0.0431   21.0039
115  1    110.057   1.98800   2070.00   150.000   10.8249   0.00238   111.981   -1.9242   0.96793   10.8646   -0.0397   16.6806
116  1    110.219   2.08880   2160.00   150.000   10.8502   0.00258   111.452   -1.2327   0.59014   10.8758   -0.0257   9.96083
117  1    110.303   2.18960   2250.00   150.000   10.8687   0.00300   111.262   -0.9589   0.43791   10.8888   -0.0201   6.69430
118  1    110.562   2.26800   2320.00   150.000   10.8740   0.00369   111.554   -0.9918   0.43731   10.8948   -0.0209   5.65671
119  1    110.756   2.36880   2410.00   150.000   10.8899   0.00549   111.496   -0.7400   0.31239   10.9056   -0.0157   2.85313
120  1    110.707   2.49200   2520.00   150.000   10.9344   0.00455   110.264   0.44227   0.17748   10.9249   0.00949   2.08429
121  1    110.928   2.57040   2590.00   150.000   10.9509   0.00494   110.044   0.88441   0.34408   10.9319   0.01909   3.86367
122  1    115.855   1.70800   1820.00   150.000   10.6053   0.00627   121.321   -5.4659   3.20018   10.7090   -0.1036   16.5396
123  1    116.306   1.71920   1830.00   150.000   10.5870   0.00644   122.393   -6.0871   3.54068   10.7017   -0.1147   17.8243
124  1    116.740   1.90960   2000.00   150.000   10.6021   0.00547   122.889   -6.1486   3.21986   10.7189   -0.1168   21.3383
125  1    117.407   1.97680   2060.00   150.000   10.6257   0.00423   122.090   -4.6827   2.36881   10.7150   -0.0893   21.1007
126  1    117.832   2.13360   2200.00   150.000   10.6405   0.00487   122.385   -4.5524   2.13368   10.7279   -0.0874   17.9558
127  1    118.498   2.30160   2350.00   150.000   10.6947   0.00651   120.709   -2.2108   0.96056   10.7378   -0.0431   6.61864
128  1    118.847   2.39120   2430.00   150.000   10.6960   0.00459   121.264   -2.4172   1.01089   10.7432   -0.0472   10.2692
129  1    118.550   1.90960   2000.00   150.000   10.6173   0.00962   122.075   -3.5244   1.84562   10.6839   -0.0666   6.92393
130  1    118.524   1.79760   1900.00   150.000   10.6006   0.00661   122.196   -3.6716   2.04248   10.6695   -0.0689   10.4195
131  1    118.494   1.68560   1800.00   150.000   10.5952   0.00854   121.712   -3.2178   1.90902   10.6554   -0.0601   7.03734
132  1    118.350   1.57360   1700.00   150.000   10.5937   0.00797   121.022   -2.6717   1.69785   10.6435   -0.0498   6.24720
133  1    118.373   1.46160   1600.00   150.000   10.5816   0.00963   120.910   -2.5376   1.73621   10.6285   -0.0470   4.87992
134  1    118.240   1.23760   1400.00   150.000   10.5806   0.00776   119.425   -1.1845   0.95711   10.6023   -0.0218   2.80732
135  1    128.752   1.15920   1330.00   150.000   10.4041   0.00358   128.936   -0.1836   0.15839   10.4072   -0.0031   0.86465
136  1    129.081   1.33840   1490.00   150.000   10.4082   0.00403   129.916   -0.8348   0.62370   10.4224   -0.0142   3.50851
137  1    129.340   1.52880   1660.00   150.000   10.4126   0.00374   130.970   -1.6298   1.06604   10.4404   -0.0278   7.42063
138  1    129.907   1.67440   1790.00   150.000   10.4085   0.00548   132.214   -2.3070   1.37781   10.4479   -0.0394   7.18019
139  1    130.211   1.82000   1920.00   150.000   10.4056   0.00417   133.392   -3.1811   1.74787   10.4600   -0.0544   13.0294
140  1    130.971   2.02160   2100.00   150.000   10.4077   0.00481   134.666   -3.6952   1.82788   10.4711   -0.0634   13.1882
141  1    131.695   2.17840   2240.00   150.000   10.4277   0.00481   134.577   -2.8812   1.32262   10.4774   -0.0497   10.3310
142  1    132.596   2.40240   2440.00   150.000   10.4588   0.00461   134.322   -1.7263   0.71856   10.4889   -0.0301   6.52878
143  1    148.509   1.20400   1370.00   150.000   10.0719   0.00428   150.553   -2.0443   1.69796   10.1016   -0.0297   6.93481
144  1    148.906   1.42800   1570.00   150.000   10.0723   0.00384   152.063   -3.1570   2.21079   10.1183   -0.0461   11.9872
145  1    149.347   1.60720   1730.00   150.000   10.0751   0.00383   153.098   -3.7511   2.33394   10.1300   -0.0549   14.3489
146  1    149.948   1.79760   1900.00   150.000   10.0741   0.00659   154.482   -4.5337   2.52210   10.1406   -0.0665   10.0919

EOSFIT-7.6>fit
     146 data for V will be used in least-squares
 
 
  EOS Information
-------------------
 
    Title: 
Eos Saved:  3-OCT-2026 at 10:35
 
   System: 
    Class: Volume
   Pscale: GPa
   Vscale: cm^3/mol
   Stoichiometry:            1.000
 
  Compressibility
-------------------
 
    Model: Birch-Murnaghan
    Order:  3
   Pressure of reference:    0.000
 
      V0:  15.4000           :Reference pressure volume: units are cm^3/mol
      K0:  115.500           :Bulk modulus: units are GPa
      Kp:  4.99000           :dK/dP: dimensionless
     Kpp: -0.0507            :d2K/dP2: units are inverse GPa [IMPLIED VALUE]
 
 
  Thermal Expansion
-------------------
 
   Model: Mie-Gruneisen-Debye
 
   Temperature of reference:   300.00 K
 
   ThMGD:  417.000           :Debye temperature in K
   Natom:  2.00000           :Number of atoms per formula unit [FIXED VALUE]
   Gamm0:  2.42000           :Gruneisen parameter at Tref,Pref
       q:  1.00000           :Gruneisen power law in V/V0
 
  Scale factors for data groups
---------------------------------
   Sca 1:  1.00000           :Scale factor for data group 1 [FIXED VALUE]
 
    Do you want to change these EoS parameters or the EoS type? (Y/N) <N>?n

 SELECT PARAMETERS TO REFINE IN LEAST-SQUARES FIT:
           REFINE V0     (Y/N)?n
           REFINE K0     (Y/N)?n
           REFINE Kp     (Y/N)?n
     Parameters for thermal model
           REFINE ThMGD  (Y/N)?n
           REFINE Gamm0  (Y/N)?y
           REFINE q      (Y/N)?n

 SELECT WEIGHTING SCHEME:
     SIGMAS FOR P   PRESENT, USE IN WEIGHTS (Y/N)?n
     SIGMAS FOR T   PRESENT, USE IN WEIGHTS (Y/N)?n
     SIGMAS FOR V   PRESENT, USE IN WEIGHTS (Y/N)?n

     EQUATION FITTED WITH UNIT WEIGHTS FOR ALL DATA




   RESULTS FROM CYCLE  1
 PARA REF          NEW            SHIFT            E.S.D.       SHIFT/ERROR
 V0      0        15.40000  [NOT REFINED]
 K0      0       115.50000  [NOT REFINED]
 Kp      0         4.99000  [NOT REFINED]
 Kpp     0        -0.05073  [IMPLIED VALUE]
     Parameters for thermal model
 ThMGD   0       417.00000  [NOT REFINED]
 Natom   0         2.00000  [FIXED VALUE]
 Gamm0   1         2.28295         -0.13705          0.03457          -3.96
 q       0         1.00000  [NOT REFINED]
     Dataset scale factors
 Sca 1   0         1.00000  [FIXED VALUE]
  REFERENCE TEMPERATURE = 300.00
  UNIT WEIGHTS USED: NO W-CHI^2 CALCULATED


   RESULTS FROM CYCLE  2
 PARA REF          NEW            SHIFT            E.S.D.       SHIFT/ERROR
 V0      0        15.40000  [NOT REFINED]
 K0      0       115.50000  [NOT REFINED]
 Kp      0         4.99000  [NOT REFINED]
 Kpp     0        -0.05073  [IMPLIED VALUE]
     Parameters for thermal model
 ThMGD   0       417.00000  [NOT REFINED]
 Natom   0         2.00000  [FIXED VALUE]
 Gamm0   1         2.28212         -0.00083          0.03232          -0.03
 q       0         1.00000  [NOT REFINED]
     Dataset scale factors
 Sca 1   0         1.00000  [FIXED VALUE]
  REFERENCE TEMPERATURE = 300.00
  UNIT WEIGHTS USED: NO W-CHI^2 CALCULATED


   RESULTS FROM CYCLE  3
 PARA REF          NEW            SHIFT            E.S.D.       SHIFT/ERROR
 V0      0        15.40000  [NOT REFINED]
 K0      0       115.50000  [NOT REFINED]
 Kp      0         4.99000  [NOT REFINED]
 Kpp     0        -0.05073  [IMPLIED VALUE]
     Parameters for thermal model
 ThMGD   0       417.00000  [NOT REFINED]
 Natom   0         2.00000  [FIXED VALUE]
 Gamm0   1         2.28211         -0.00001          0.03231          -0.00
 q       0         1.00000  [NOT REFINED]
     Dataset scale factors
 Sca 1   0         1.00000  [FIXED VALUE]
  REFERENCE TEMPERATURE = 300.00
  UNIT WEIGHTS USED: NO W-CHI^2 CALCULATED


***********************MESSAGE FROM LEAST SQUARES***********************
Least Squares converged, indicated by small shift/esd
************************************************************************



   RESULTS AFTER FINAL REFINEMENT CYCLE
 PARA REF          NEW            SHIFT            E.S.D.       SHIFT/ERROR
 V0      0        15.40000  [NOT REFINED]
 K0      0       115.50000  [NOT REFINED]
 Kp      0         4.99000  [NOT REFINED]
 Kpp     0        -0.05073  [IMPLIED VALUE]
     Parameters for thermal model
 ThMGD   0       417.00000  [NOT REFINED]
 Natom   0         2.00000  [FIXED VALUE]
 Gamm0   1         2.28211         -0.00001          0.03231          -0.00
 q       0         1.00000  [NOT REFINED]
     Dataset scale factors
 Sca 1   0         1.00000  [FIXED VALUE]
  REFERENCE TEMPERATURE = 300.00
  UNIT WEIGHTS USED: NO W-CHI^2 CALCULATED

 INPUT <CR> TO CONTINUE

  THE 146 LOADED DATA ARE AS FOLLOWS:
<-------------------------Observed Values---------------------------><----------------Calculated Values -------------------------------->
  N USE         P      esdP      T(K)      esdT       V      esd(V)      Pcal    deltaP delta/esd    V  cal    deltaV   delV/esd       Wt
              GPA                                  CM^3/MOL               GPa                       cm^3/mol
  1  1    29.5964   1.29360   1450.00   150.000   13.6915   0.00301   26.4595   3.13696   2.42498   13.4852   0.20632   68.5917   1.0000000
  2  1    29.6173   1.38320   1530.00   150.000   13.7501   0.00330   26.2031   3.41422   2.46835   13.5212   0.22884   69.3569   1.0000000
  3  1    29.6810   1.47280   1610.00   150.000   13.7997   0.00363   26.0908   3.59025   2.43771   13.5550   0.24469   67.4673   1.0000000
  4  1    29.9049   1.58480   1710.00   150.000   13.8950   0.00426   25.5203   4.38462   2.76667   13.5885   0.30655   72.0149   1.0000000
  5  1    33.1277   1.09200   1270.00   150.000   13.3755   0.00163   30.0550   3.07276   2.81388   13.1965   0.17893   110.044   1.0000000
  6  1    33.2312   1.18160   1350.00   150.000   13.4022   0.00199   30.2001   3.03110   2.56525   13.2238   0.17846   89.5611   1.0000000
  7  1    33.4179   1.31600   1470.00   150.000   13.4598   0.00519   30.1483   3.26962   2.48451   13.2635   0.19633   37.8215   1.0000000
  8  1    33.4179   1.31600   1470.00   150.000   13.4598   0.00519   30.1483   3.26962   2.48451   13.2635   0.19633   37.8215   1.0000000
  9  1    41.6518   1.03600   1220.00   150.000   12.8114   0.00274   40.1855   1.46632   1.41536   12.7420   0.06939   25.2867   1.0000000
 10  1    41.7693   1.15920   1330.00   150.000   12.8353   0.00263   40.4941   1.27520   1.10007   12.7742   0.06106   23.2495   1.0000000
 11  1    41.6736   1.26000   1420.00   150.000   12.8651   0.00241   40.5412   1.13243   0.89875   12.8101   0.05496   22.8186   1.0000000
 12  1    41.9291   1.36080   1510.00   150.000   12.9205   0.00185   40.0858   1.84332   1.35458   12.8296   0.09086   49.0187   1.0000000
 13  1    41.8033   1.43920   1580.00   150.000   12.9557   0.00343   39.9026   1.90074   1.32069   12.8607   0.09497   27.6808   1.0000000
 14  1    41.9176   1.50640   1640.00   150.000   12.9755   0.00226   39.9553   1.96229   1.30264   12.8768   0.09877   43.7475   1.0000000
 15  1    42.1986   1.62960   1750.00   150.000   13.0099   0.00374   40.0984   2.10012   1.28874   12.9029   0.10703   28.6517   1.0000000
 16  1    42.6556   1.78640   1890.00   150.000   13.0421   0.00396   40.5146   2.14108   1.19854   12.9316   0.11050   27.9164   1.0000000
 17  1    45.1681   1.06960   1250.00   150.000   12.6352   0.00424   44.2109   0.95720   0.89491   12.5928   0.04236   9.99685   1.0000000
 18  1    44.9994   1.17040   1340.00   150.000   12.6738   0.00406   44.0110   0.98834   0.84445   12.6293   0.04443   10.9425   1.0000000
 19  1    44.9909   1.24880   1410.00   150.000   12.6940   0.00419   44.0784   0.91249   0.73069   12.6526   0.04140   9.88659   1.0000000
 20  1    44.9010   1.38320   1530.00   150.000   12.7795   0.00235   43.1223   1.77866   1.28590   12.6966   0.08287   35.2358   1.0000000
 21  1    44.8590   1.52880   1660.00   150.000   12.8028   0.00322   43.5870   1.27197   0.83200   12.7427   0.06013   18.6892   1.0000000
 22  1    44.9072   1.64080   1760.00   150.000   12.8582   0.00294   43.1776   1.72959   1.05411   12.7749   0.08324   28.2942   1.0000000
 23  1    44.9390   1.74160   1850.00   150.000   12.9173   0.00362   42.6455   2.29348   1.31688   12.8049   0.11242   31.0728   1.0000000
 24  1    45.0022   1.84240   1940.00   150.000   12.9427   0.00392   42.8051   2.19704   1.19249   12.8337   0.10891   27.7540   1.0000000
 25  1    45.0678   1.90960   2000.00   150.000   12.9834   0.00433   42.4496   2.61819   1.37107   12.8520   0.13136   30.3228   1.0000000
 26  1    45.1985   2.02160   2100.00   150.000   13.0166   0.00520   42.5464   2.65213   1.31189   12.8818   0.13479   25.9307   1.0000000
 27  1    45.2392   2.12240   2190.00   150.000   13.1062   0.00466   41.5241   3.71512   1.75043   12.9127   0.19349   41.4834   1.0000000
 28  1    45.3343   2.23440   2290.00   150.000   13.1220   0.00493   41.9707   3.36360   1.50537   12.9451   0.17693   35.9024   1.0000000
 29  1    54.1843   1.03600   1220.00   150.000   12.2175   0.00381   54.2074   -0.0230   0.02224   12.2184  -0.00086   0.22676   1.0000000
 30  1    54.2740   1.08080   1260.00   150.000   12.2301   0.00219   54.1660   0.10804   0.09996   12.2260   0.00407   1.85661   1.0000000
 31  1    54.2970   1.17040   1340.00   150.000   12.2500   0.00200   54.2236   0.07341   0.06272   12.2472   0.00279   1.39614   1.0000000
 32  1    54.2284   1.27120   1430.00   150.000   12.2737   0.00174   54.2598   -0.0313   0.02465   12.2749   -0.0012   0.68940   1.0000000
 33  1    54.1407   1.32720   1480.00   150.000   12.3063   0.00205   53.7851   0.35564   0.26796   12.2924   0.01381   6.73410   1.0000000
 34  1    54.1687   1.43920   1580.00   150.000   12.3363   0.00247   53.7504   0.41837   0.29069   12.3199   0.01644   6.66168   1.0000000
 35  1    54.2215   1.55120   1680.00   150.000   12.3764   0.00333   53.4771   0.74439   0.47988   12.3467   0.02967   8.91951   1.0000000
 36  1    54.2202   1.62960   1750.00   150.000   12.4062   0.00459   53.2513   0.96898   0.59461   12.3672   0.03903   8.50149   1.0000000
 37  1    54.2211   1.69680   1810.00   150.000   12.4249   0.00480   53.2331   0.98791   0.58222   12.3848   0.04010   8.35459   1.0000000
 38  1    54.2430   1.77520   1880.00   150.000   12.4580   0.00387   52.9437   1.29935   0.73195   12.4047   0.05333   13.7682   1.0000000
 39  1    54.2302   1.84240   1940.00   150.000   12.4695   0.00403   53.1100   1.12018   0.60800   12.4232   0.04627   11.4893   1.0000000
 40  1    54.2358   1.93200   2020.00   150.000   12.4931   0.00415   53.1350   1.10086   0.56981   12.4472   0.04592   11.0574   1.0000000
 41  1    54.2892   2.04400   2120.00   150.000   12.5415   0.00433   52.7329   1.55634   0.76142   12.4755   0.06597   15.2185   1.0000000
 42  1    54.2243   2.13360   2200.00   150.000   12.5877   0.00492   52.2558   1.96846   0.92260   12.5030   0.08473   17.2152   1.0000000
 43  1    57.9981   1.12560   1300.00   150.000   12.0885   0.00309   58.3269   -0.3288   0.29209   12.1002   -0.0117   3.79002   1.0000000
 44  1    58.0563   1.24880   1410.00   150.000   12.1192   0.00340   58.2703   -0.2140   0.17133   12.1269   -0.0077   2.27208   1.0000000
 45  1    58.0852   1.30480   1460.00   150.000   12.1072   0.00322   58.9693   -0.8841   0.67757   12.1391   -0.0319   9.90591   1.0000000
 46  1    58.1264   1.37200   1520.00   150.000   12.1205   0.00278   59.0379   -0.9114   0.66432   12.1536   -0.0331   11.8870   1.0000000
 47  1    58.2363   1.49520   1630.00   150.000   12.1345   0.00286   59.4557   -1.2195   0.81560   12.1791   -0.0446   15.5766   1.0000000
 48  1    58.3077   1.57360   1700.00   150.000   12.1414   0.00286   59.7785   -1.4708   0.93469   12.1955   -0.0541   18.9364   1.0000000
 49  1    58.5404   1.65200   1770.00   150.000   12.1618   0.00263   59.7338   -1.1934   0.72238   12.2060   -0.0442   16.7622   1.0000000
 50  1    58.6663   1.74160   1850.00   150.000   12.2158   0.00254   58.8659   -0.1996   0.11461   12.2233   -0.0075   2.95071   1.0000000
<-------------------------Observed Values---------------------------><----------------Calculated Values -------------------------------->
  N USE         P      esdP      T(K)      esdT       V      esd(V)      Pcal    deltaP delta/esd    V  cal    deltaV   delV/esd       Wt
              GPA                                  CM^3/MOL               GPa                       cm^3/mol
 51  1    58.8002   1.83120   1930.00   150.000   12.2296   0.00340   59.0863   -0.2861   0.15623   12.2404   -0.0108   3.18144   1.0000000
 52  1    58.8179   1.92080   2010.00   150.000   12.2413   0.00282   59.3649   -0.5470   0.28476   12.2621   -0.0208   7.37726   1.0000000
 53  1    58.9342   1.98800   2070.00   150.000   12.2520   0.00379   59.5234   -0.5892   0.29638   12.2746   -0.0225   5.94795   1.0000000
 54  1    59.1212   2.11120   2180.00   150.000   12.2584   0.00401   60.1647   -1.0434   0.49424   12.2986   -0.0402   10.0169   1.0000000
 55  1    59.2891   2.18960   2250.00   150.000   12.2828   0.00503   60.0444   -0.7554   0.34497   12.3121   -0.0293   5.82461   1.0000000
 56  1    59.3838   2.27920   2330.00   150.000   12.2963   0.00797   60.2863   -0.9026   0.39600   12.3315   -0.0353   4.42505   1.0000000
 57  1    63.7709   1.12560   1300.00   150.000   11.9339   0.00325   62.8232   0.94770   0.84195   11.9026   0.03132   9.62848   1.0000000
 58  1    63.6024   1.17040   1340.00   150.000   11.9447   0.00340   62.7901   0.81229   0.69403   11.9177   0.02699   7.93645   1.0000000
 59  1    63.4838   1.26000   1420.00   150.000   11.9513   0.00291   63.1769   0.30692   0.24359   11.9411   0.01026   3.53219   1.0000000
 60  1    63.4353   1.32720   1480.00   150.000   11.9543   0.00321   63.5257   -0.0904   0.06812   11.9574   -0.0030   0.94480   1.0000000
 61  1    63.4263   1.40560   1550.00   150.000   11.9587   0.00173   63.9067   -0.4804   0.34175   11.9750   -0.0162   9.38849   1.0000000
 62  1    63.4708   1.49520   1630.00   150.000   11.9641   0.00191   64.3343   -0.8635   0.57753   11.9934   -0.0293   15.3158   1.0000000
 63  1    63.4788   1.55120   1680.00   150.000   11.9715   0.00200   64.4802   -1.0014   0.64559   12.0056   -0.0341   17.0532   1.0000000
 64  1    63.4561   1.64080   1760.00   150.000   11.9934   0.00234   64.4217   -0.9656   0.58850   12.0266   -0.0332   14.1991   1.0000000
 65  1    63.4578   1.71920   1830.00   150.000   12.0151   0.00190   64.3025   -0.8447   0.49131   12.0444   -0.0293   15.4301   1.0000000
 66  1    63.4820   1.79760   1900.00   150.000   12.0372   0.00200   64.1784   -0.6965   0.38744   12.0616   -0.0243   12.2029   1.0000000
 67  1    63.4522   1.88720   1980.00   150.000   12.0589   0.00209   64.1451   -0.6929   0.36715   12.0834   -0.0244   11.6966   1.0000000
 68  1    63.5647   1.97680   2060.00   150.000   12.0863   0.00276   63.9577   -0.3930   0.19883   12.1003   -0.0140   5.07840   1.0000000
 69  1    63.7663   2.11120   2180.00   150.000   12.1088   0.00246   64.2083   -0.4420   0.20936   12.1247   -0.0159   6.45844   1.0000000
 70  1    63.8600   2.22320   2280.00   150.000   12.1322   0.00476   64.2961   -0.4362   0.19618   12.1480   -0.0158   3.33163   1.0000000
 71  1    63.9175   2.32400   2370.00   150.000   12.1588   0.00333   64.2266   -0.3092   0.13303   12.1702   -0.0113   3.40413   1.0000000
 72  1    64.2285   2.38000   2420.00   150.000   12.1796   0.00397   64.0311   0.19743   0.08295   12.1723   0.00728   1.83362   1.0000000
 73  1    64.2644   2.48080   2510.00   150.000   12.2196   0.00305   63.6210   0.64342   0.25936   12.1955   0.02405   7.88317   1.0000000
 74  1    64.1073   2.51440   2540.00   150.000   12.2416   0.00389   63.2568   0.85049   0.33825   12.2096   0.03203   8.23396   1.0000000
 75  1    83.7593   1.26000   1420.00   150.000   11.3323   0.00310   84.3383   -0.5789   0.45948   11.3472   -0.0149   4.80877   1.0000000
 76  1    83.8346   1.33840   1490.00   150.000   11.3411   0.00342   84.5067   -0.6720   0.50212   11.3585   -0.0174   5.07762   1.0000000
 77  1    83.9210   1.41680   1560.00   150.000   11.3796   0.00341   83.5342   0.38681   0.27302   11.3695   0.01011   2.96659   1.0000000
 78  1    84.2479   1.55120   1680.00   150.000   11.3835   0.00317   84.2653   -0.0173   0.01118   11.3839  -0.00045   0.14332   1.0000000
 79  1    84.3992   1.61840   1740.00   150.000   11.3960   0.00245   84.2264   0.17287   0.10682   11.3915   0.00456   1.85800   1.0000000
 80  1    84.4442   1.69680   1810.00   150.000   11.4172   0.00298   83.9418   0.50238   0.29608   11.4038   0.01334   4.47112   1.0000000
 81  1    84.4649   1.77520   1880.00   150.000   11.4407   0.00254   83.5736   0.89131   0.50209   11.4169   0.02385   9.37896   1.0000000
 82  1    84.4635   1.86480   1960.00   150.000   11.4700   0.00311   83.0815   1.38196   0.74108   11.4326   0.03735   12.0041   1.0000000
 83  1    84.4695   1.97680   2060.00   150.000   11.4938   0.00347   82.9462   1.52325   0.77056   11.4522   0.04156   11.9630   1.0000000
 84  1    84.3718   2.10000   2170.00   150.000   11.5203   0.00710   82.7952   1.57655   0.75074   11.4768   0.04350   6.13005   1.0000000
 85  1    84.3526   2.17840   2240.00   150.000   11.5095   0.00636   83.6989   0.65364   0.30006   11.4915   0.01805   2.83908   1.0000000
 86  1    84.3375   2.27920   2330.00   150.000   11.5130   0.00536   84.2365   0.10098   0.04431   11.5102   0.00280   0.52218   1.0000000
 87  1    84.6732   2.40240   2440.00   150.000   11.5496   0.00623   83.7364   0.93687   0.38997   11.5233   0.02628   4.21831   1.0000000
 88  1    84.6227   2.48080   2510.00   150.000   11.5596   0.00717   83.9000   0.72269   0.29132   11.5392   0.02039   2.84152   1.0000000
 89  1    92.4086   1.47280   1610.00   150.000   11.2253   0.00678   89.9951   2.41353   1.63873   11.1671   0.05829   8.59202   1.0000000
 90  1    92.4186   1.69680   1810.00   150.000   11.2230   0.00358   91.5554   0.86322   0.50873   11.2020   0.02100   5.87077   1.0000000
 91  1    92.8268   1.80880   1910.00   150.000   11.2114   0.00237   92.7622   0.06461   0.03572   11.2099   0.00157   0.66268   1.0000000
 92  1    92.8125   1.57360   1700.00   150.000   11.1689   0.00178   92.9883   -0.1758   0.11170   11.1731   -0.0042   2.35639   1.0000000
 93  1    92.7971   1.46160   1600.00   150.000   11.1518   0.00176   92.9781   -0.1810   0.12387   11.1561   -0.0043   2.44105   1.0000000
 94  1    93.0799   1.75280   1860.00   150.000   11.1819   0.00201   93.6163   -0.5364   0.30601   11.1948   -0.0129   6.42132   1.0000000
 95  1    93.2651   1.84240   1940.00   150.000   11.1915   0.00212   93.8038   -0.5387   0.29239   11.2046   -0.0130   6.14235   1.0000000
 96  1    93.4954   1.95440   2040.00   150.000   11.2112   0.00321   93.7234   -0.2280   0.11665   11.2168   -0.0056   1.73171   1.0000000
 97  1    93.6135   2.04400   2120.00   150.000   11.2305   0.00254   93.5229   0.09061   0.04433   11.2283   0.00222   0.87347   1.0000000
 98  1    93.7267   2.16720   2230.00   150.000   11.2545   0.00216   93.3550   0.37173   0.17152   11.2453   0.00919   4.25676   1.0000000
 99  1    94.0063   2.34640   2390.00   150.000   11.2763   0.00251   93.6599   0.34641   0.14764   11.2676   0.00866   3.44661   1.0000000
100  1    94.0082   2.44720   2480.00   150.000   11.3218   0.00372   92.5198   1.48842   0.60821   11.2841   0.03770   10.1359   1.0000000
<-------------------------Observed Values---------------------------><----------------Calculated Values -------------------------------->
  N USE         P      esdP      T(K)      esdT       V      esd(V)      Pcal    deltaP delta/esd    V  cal    deltaV   delV/esd       Wt
              GPA                                  CM^3/MOL               GPa                       cm^3/mol
101  1    94.2592   2.52560   2550.00   150.000   11.3218   0.00436   93.0373   1.22186   0.48379   11.2908   0.03099   7.11445   1.0000000
102  1    108.263   1.60720   1730.00   150.000   10.7924   0.00317   110.391   -2.1280   1.32403   10.8357   -0.0433   13.6773   1.0000000
103  1    108.554   1.68560   1800.00   150.000   10.7941   0.00283   110.822   -2.2678   1.34542   10.8403   -0.0462   16.3177   1.0000000
104  1    109.100   1.87600   1970.00   150.000   10.8122   0.00211   111.170   -2.0701   1.10346   10.8547   -0.0425   20.1729   1.0000000
105  1    109.347   1.61840   1740.00   150.000   10.7958   0.00192   110.297   -0.9504   0.58723   10.8150   -0.0193   10.0414   1.0000000
106  1    109.266   1.49520   1630.00   150.000   10.7874   0.00176   109.910   -0.6438   0.43060   10.8004   -0.0130   7.39247   1.0000000
107  1    109.210   1.39440   1540.00   150.000   10.7763   0.00180   109.806   -0.5958   0.42726   10.7883   -0.0119   6.63987   1.0000000
108  1    109.146   1.28240   1440.00   150.000   10.7660   0.00176   109.594   -0.4475   0.34899   10.7750   -0.0089   5.06790   1.0000000
109  1    109.052   1.17040   1340.00   150.000   10.7582   0.00195   109.262   -0.2104   0.17980   10.7624   -0.0042   2.14597   1.0000000
110  1    109.097   1.17040   1340.00   150.000   10.7565   0.00201   109.348   -0.2513   0.21468   10.7615   -0.0050   2.47566   1.0000000
111  1    109.504   1.57360   1700.00   150.000   10.7856   0.00200   110.513   -1.0084   0.64085   10.8059   -0.0204   10.1964   1.0000000
112  1    109.609   1.68560   1800.00   150.000   10.7949   0.00190   110.778   -1.1693   0.69367   10.8187   -0.0237   12.4910   1.0000000
113  1    109.780   1.74160   1850.00   150.000   10.7970   0.00186   111.042   -1.2623   0.72477   10.8226   -0.0256   13.7899   1.0000000
114  1    109.961   1.89840   1990.00   150.000   10.8106   0.00205   111.397   -1.4365   0.75667   10.8400   -0.0294   14.3144   1.0000000
115  1    110.057   1.98800   2070.00   150.000   10.8249   0.00238   111.282   -1.2256   0.61650   10.8501   -0.0252   10.5813   1.0000000
116  1    110.219   2.08880   2160.00   150.000   10.8502   0.00258   110.713   -0.4937   0.23636   10.8604   -0.0102   3.97264   1.0000000
117  1    110.303   2.18960   2250.00   150.000   10.8687   0.00300   110.482   -0.1797   0.08207   10.8724   -0.0038   1.24923   1.0000000
118  1    110.562   2.26800   2320.00   150.000   10.8740   0.00369   110.744   -0.1817   0.08012   10.8778   -0.0038   1.03192   1.0000000
119  1    110.756   2.36880   2410.00   150.000   10.8899   0.00549   110.646   0.11031   0.04657   10.8876   0.00232   0.42281   1.0000000
120  1    110.707   2.49200   2520.00   150.000   10.9344   0.00455   109.364   1.34263   0.53878   10.9057   0.02868   6.29538   1.0000000
121  1    110.928   2.57040   2590.00   150.000   10.9509   0.00494   109.112   1.81624   0.70660   10.9120   0.03899   7.89279   1.0000000
122  1    115.855   1.70800   1820.00   150.000   10.6053   0.00627   120.739   -4.8842   2.85963   10.6976   -0.0923   14.7313   1.0000000
123  1    116.306   1.71920   1830.00   150.000   10.5870   0.00644   121.808   -5.5018   3.20022   10.6904   -0.1034   16.0578   1.0000000
124  1    116.740   1.90960   2000.00   150.000   10.6021   0.00547   122.229   -5.4887   2.87428   10.7060   -0.1039   18.9791   1.0000000
125  1    117.407   1.97680   2060.00   150.000   10.6257   0.00423   121.403   -3.9957   2.02128   10.7016   -0.0759   17.9375   1.0000000
126  1    117.832   2.13360   2200.00   150.000   10.6405   0.00487   121.636   -3.8036   1.78271   10.7133   -0.0727   14.9416   1.0000000
127  1    118.498   2.30160   2350.00   150.000   10.6947   0.00651   119.892   -1.3941   0.60571   10.7218   -0.0270   4.15528   1.0000000
128  1    118.847   2.39120   2430.00   150.000   10.6960   0.00459   120.412   -1.5653   0.65461   10.7264   -0.0304   6.61964   1.0000000
129  1    118.550   1.90960   2000.00   150.000   10.6173   0.00962   121.414   -2.8639   1.49975   10.6712   -0.0540   5.60630   1.0000000
130  1    118.524   1.79760   1900.00   150.000   10.6006   0.00661   121.579   -3.0553   1.69965   10.6578   -0.0572   8.64120   1.0000000
131  1    118.494   1.68560   1800.00   150.000   10.5952   0.00854   121.139   -2.6452   1.56932   10.6445   -0.0493   5.76682   1.0000000
132  1    118.350   1.57360   1700.00   150.000   10.5937   0.00797   120.493   -2.1425   1.36154   10.6335   -0.0398   4.99525   1.0000000
133  1    118.373   1.46160   1600.00   150.000   10.5816   0.00963   120.425   -2.0520   1.40395   10.6194   -0.0379   3.93520   1.0000000
134  1    118.240   1.23760   1400.00   150.000   10.5806   0.00776   119.025   -0.7846   0.63397   10.5950   -0.0144   1.85537   1.0000000
135  1    128.752   1.15920   1330.00   150.000   10.4041   0.00358   128.572   0.18053   0.15573   10.4010   0.00304   0.84841   1.0000000
136  1    129.081   1.33840   1490.00   150.000   10.4082   0.00403   129.483   -0.4026   0.30079   10.4151   -0.0068   1.68855   1.0000000
137  1    129.340   1.52880   1660.00   150.000   10.4126   0.00374   130.465   -1.1245   0.73555   10.4317   -0.0191   5.10655   1.0000000
138  1    129.907   1.67440   1790.00   150.000   10.4085   0.00548   131.653   -1.7458   1.04264   10.4382   -0.0297   5.41763   1.0000000
139  1    130.211   1.82000   1920.00   150.000   10.4056   0.00417   132.774   -2.5636   1.40860   10.4493   -0.0437   10.4672   1.0000000
140  1    130.971   2.02160   2100.00   150.000   10.4077   0.00481   133.970   -2.9993   1.48361   10.4590   -0.0513   10.6670   1.0000000
141  1    131.695   2.17840   2240.00   150.000   10.4277   0.00481   133.819   -2.1232   0.97466   10.4642   -0.0365   7.58422   1.0000000
142  1    132.596   2.40240   2440.00   150.000   10.4588   0.00461   133.475   -0.8793   0.36600   10.4741   -0.0153   3.31156   1.0000000
143  1    148.509   1.20400   1370.00   150.000   10.0719   0.00428   150.184   -1.6757   1.39178   10.0962   -0.0243   5.67426   1.0000000
144  1    148.906   1.42800   1570.00   150.000   10.0723   0.00384   151.610   -2.7038   1.89339   10.1116   -0.0394   10.2438   1.0000000
145  1    149.347   1.60720   1730.00   150.000   10.0751   0.00383   152.577   -3.2293   2.00926   10.1223   -0.0472   12.3227   1.0000000
146  1    149.948   1.79760   1900.00   150.000   10.0741   0.00659   153.887   -3.9386   2.19106   10.1318   -0.0576   8.74370   1.0000000

  FITTING STATISTICS FOR 1 PARAMETERS FITTED TO 146 DATA:
      MAXIMUM DELTA-PRESSURE=-5.502


CORRELATION COEFFICIENTS (IN %)
  VARIABLE      Gamm0
    Gamm0:     100.0


  VARIANCE-COVARIANCE MATRIX RESCALED
  VARIABLE     Gamm0
    Gamm0:   0.00104

 UPDATE EOS PARAMETERS (Y/N)?y
                                       FURTHER CALCULATIONS (Y/N)?n

EOSFIT-7.6>save /Users/clemens/Programming/peritheos/docs/data/fes-eosfit7c/morard-unit/fitted.eos
 
 
  EOS Information
-------------------
 
    Title: 
Eos Saved:  3-OCT-2026 at 10:35
 
   System: 
    Class: Volume
   Pscale: GPa
   Vscale: cm^3/mol
   Stoichiometry:            1.000
 
  Compressibility
-------------------
 
    Model: Birch-Murnaghan
    Order:  3
   Pressure of reference:    0.000
 
      V0:  15.4000           :Reference pressure volume: units are cm^3/mol
      K0:  115.500           :Bulk modulus: units are GPa
      Kp:  4.99000           :dK/dP: dimensionless
     Kpp: -0.0507            :d2K/dP2: units are inverse GPa [IMPLIED VALUE]
 
 
  Thermal Expansion
-------------------
 
   Model: Mie-Gruneisen-Debye
 
   Temperature of reference:   300.00 K
 
   ThMGD:  417.000           :Debye temperature in K
   Natom:  2.00000           :Number of atoms per formula unit [FIXED VALUE]
   Gamm0:  2.28(3)           :Gruneisen parameter at Tref,Pref
       q:  1.00000           :Gruneisen power law in V/V0
 
  Scale factors for data groups
---------------------------------
   Sca 1:  1.00000           :Scale factor for data group 1 [FIXED VALUE]
 

      Do you want to save this EoS to file (Y/N) <Y>?y




     Eos parameters written to file /Users/clemens/Programming/peritheos/docs/data/fes-eosfit7c/morard-unit/fitted.eos


***** Macro completed
EOSFIT-7.6>

EOSFIT-7.6>exit
