

***********************************************************************************************************************
*                                                                                                                     *
*                                                     EOSFIT7c                                                        *
*                                                                                                                     *
*             Authors: RJ ANGEL, J GONZALEZ-PLATAS, M ALVARO, ML MAZZUCCHELLI                                         *
*        Version date: 13-May-2021                                                                                    *
*             Version:  7.60                                                                                          *
*                                                                                                                     *
*                                                                                                                     *
*        INCLUDING LEAST SQUARES BY I.G. WOOD & J. PIPER AND USING THE CrysFML EOS MODULE.                            *
*                                                                                                                     *
*        EosFit7c: Angel, Gonzalez-Platas, Alvaro (2014) Zeitschrift fuer Kristallographie, 229:405-419.              *
*        Phase Transitions: Angel et al (2017) Contribs Min Pet, DOI:10.1007/s00410-017-1349-x                        *
*        Fitting Moduli: Milani et al. (2017) Amer Min, DOI:10.2138/am-2017-5855                                      *
*                                                                                                                     *
*        Development currently supported by ERC grant 714936, TrueDepths to M. Alvaro, and                            *
*                          Agencia Estatal de Investigacion under                                                     *
*        National Program of Sciences and Technological Materials (PID2019-106383GB-C44) to J. Gonzalez-Platas        *
*        For more information see the help system                                                                     *
*                                                                                                                     *
*                                                                                                                     *
*        Current date and time:  3-OCT-2026 14:09                                                                     *
*                                                                                                                     *
***********************************************************************************************************************

EOSFIT-7.6>read /Users/clemens/Programming/peritheos/docs/data/miozzi-2020-eosfit-n2-author-volume/speziale_variable_q_debye-unit-theta_fixed/cold.dat





        The title on the file is: Miozzi author-described staged reconstruction
             The data in the file is for:T  ,P  ,V
               with esds in the file for:P  ,V

Only data available is for V: This will be selected

           The title on the data file is:  Miozzi author-described staged reconstruction

  THE  36 LOADED DATA ARE AS FOLLOWS:
<-------------------Observed Values--------------------->
  N USE         P      esdP      T(K)       V      esd(V)
              GPA                        CM^3/MOL
  1  1    10.7000   0.20000   298.000   6.41749   0.00030
  2  1    11.4000   0.20000   298.000   6.39220   0.00060
  3  1    12.0000   0.20000   298.000   6.37624   0.00030
  4  1    14.3000   0.20000   298.000   6.31120   0.00030
  5  1    16.0000   0.20000   298.000   6.25971   0.00030
  6  1    17.4000   0.20000   298.000   6.22057   0.00030
  7  1    18.9000   0.20000   298.000   6.18654   0.00060
  8  1    20.5000   0.20000   298.000   6.14258   0.00030
  9  1    21.7000   0.20000   298.000   6.10976   0.00030
 10  1    22.8000   0.20000   298.000   6.08236   0.00030
 11  1    24.3000   0.20000   298.000   6.04533   0.00060
 12  1    25.7000   0.20000   298.000   6.00648   0.00030
 13  1    28.1000   0.20000   298.000   5.95048   0.00241
 14  1    29.4000   0.20000   298.000   5.92850   0.00060
 15  1    30.8000   0.20000   298.000   5.89658   0.00060
 16  1    40.2150   0.00000   300.000   5.73699   0.00060
 17  1    40.4073   0.00000   300.000   5.74091   0.00120
 18  1    44.6724   0.00000   300.000   5.68520   0.00030
 19  1    46.5960   0.00000   300.000   5.64907   0.00090
 20  1    72.2300   0.00000   300.000   5.31665   0.00000
 21  1    83.3107   0.00000   300.000   5.20463   0.00151
 22  1    109.254   0.00000   300.000   4.98422   0.00060
 23  1    109.477   0.00000   300.000   4.98934   0.00060
 24  1    112.333   0.00000   300.000   4.97308   0.00090
 25  1    112.302   0.00000   300.000   4.97188   0.00060
 26  1    75.8024   0.00000   300.000   5.27750   0.00120
 27  1    77.0708   0.00000   300.000   5.27509   0.00090
 28  1    82.2444   0.00000   300.000   5.23113   0.00090
 29  1    84.1094   0.00000   300.000   5.19349   0.00181
 30  1    86.7596   0.00000   300.000   5.16940   0.00120
 31  1    84.5603   0.00000   300.000   5.18687   0.00120
 32  1    89.5790   0.00000   300.000   5.14592   0.00060
 33  1    99.9535   0.00000   300.000   5.07245   0.00060
 34  1    101.860   0.00000   300.000   5.06462   0.00060
 35  1    106.644   0.00000   300.000   5.01072   0.00090
 36  1    107.122   0.00000   300.000   5.00410   0.00060

      Esds available for some data points for:  P, V

EOSFIT-7.6>input

*************************************Commands to input or change EoS parameters ***************************************


   Type HELP for a list of commands to change EoS types or parameters


INPUT EOS>pr

     Available equations of state are:
     1=Murnaghan, 2=Birch-Murnaghan, 3=Vinet, 4=Natural Strain, 5=Tait, 6=APL, 7=Kumar,

     Input choice (0 for none, space for no change):2

INPUT ORDER OF EOS (2,3,4):3


INPUT EOS PARAMETERS, <CR> FOR NO CHANGE:
          VALUE OF V0    (     1.000):6.8682515367799999
          VALUE OF K0    (    10.000):129
          VALUE OF Kp    (     4.000):6.24
 
 
  EOS Information
-------------------
 
    Title: 
Eos Saved: 
 
   System: 
    Class: Volume
   Stoichiometry:            1.000
 
  Compressibility
-------------------
 
    Model: Birch-Murnaghan
    Order:  3
   Pressure of reference:    0.000
 
      V0:  6.86825           :Reference pressure volume: units as volume data
      K0:  129.000           :Bulk modulus: same units as pressure data
      Kp:  6.24000           :dK/dP: dimensionless
     Kpp: -0.0864            :d2K/dP2: inverse pressure units [IMPLIED VALUE]
 
 
  Scale factors for data groups
---------------------------------
   Sca 1:  1.00000           :Scale factor for data group 1 [FIXED VALUE]
 

INPUT EOS>pscale

     This command allows you to label the output parameters with the pressure scale name (e.g. 'GPa')
     It does not change the parameter values or the P values in the dataset!

     No pressure scale name has been set

     Input name of pressure scale, blank for no change, or 'none':GPa

     The pressure scale name is: GPa

 
 
  EOS Information
-------------------
 
    Title: 
Eos Saved: 
 
   System: 
    Class: Volume
   Pscale: GPa
   Stoichiometry:            1.000
 
  Compressibility
-------------------
 
    Model: Birch-Murnaghan
    Order:  3
   Pressure of reference:    0.000
 
      V0:  6.86825           :Reference pressure volume: units as volume data
      K0:  129.000           :Bulk modulus: units are GPa
      Kp:  6.24000           :dK/dP: dimensionless
     Kpp: -0.0864            :d2K/dP2: units are inverse GPa [IMPLIED VALUE]
 
 
  Scale factors for data groups
---------------------------------
   Sca 1:  1.00000           :Scale factor for data group 1 [FIXED VALUE]
 

INPUT EOS>vscale

     This command allows you to label the output parameters with the volume scale name (e.g. 'cm3/mol')
     For linear data and Eos, use this for the name of the linear units (e.g. 'A')
     It does not change the parameter values or the values of the data!

     No volume/linear scale name has been set

     Input name of volume scale, blank for no change, or 'none':cm^3/mol

     The volume scale name is: cm^3/mol

 
 
  EOS Information
-------------------
 
    Title: 
Eos Saved: 
 
   System: 
    Class: Volume
   Pscale: GPa
   Vscale: cm^3/mol
   Stoichiometry:            1.000
 
  Compressibility
-------------------
 
    Model: Birch-Murnaghan
    Order:  3
   Pressure of reference:    0.000
 
      V0:  6.86825           :Reference pressure volume: units are cm^3/mol
      K0:  129.000           :Bulk modulus: units are GPa
      Kp:  6.24000           :dK/dP: dimensionless
     Kpp: -0.0864            :d2K/dP2: units are inverse GPa [IMPLIED VALUE]
 
 
  Scale factors for data groups
---------------------------------
   Sca 1:  1.00000           :Scale factor for data group 1 [FIXED VALUE]
 

INPUT EOS>x

*************************************************Exiting from INPUT ***************************************************


EOSFIT-7.6>fit
      36 data for V will be used in least-squares
 
 
  EOS Information
-------------------
 
    Title: 
Eos Saved: 
 
   System: 
    Class: Volume
   Pscale: GPa
   Vscale: cm^3/mol
   Stoichiometry:            1.000
 
  Compressibility
-------------------
 
    Model: Birch-Murnaghan
    Order:  3
   Pressure of reference:    0.000
 
      V0:  6.86825           :Reference pressure volume: units are cm^3/mol
      K0:  129.000           :Bulk modulus: units are GPa
      Kp:  6.24000           :dK/dP: dimensionless
     Kpp: -0.0864            :d2K/dP2: units are inverse GPa [IMPLIED VALUE]
 
 
  Scale factors for data groups
---------------------------------
   Sca 1:  1.00000           :Scale factor for data group 1 [FIXED VALUE]
 
    Do you want to change these EoS parameters or the EoS type? (Y/N) <N>?n

 SELECT PARAMETERS TO REFINE IN LEAST-SQUARES FIT:
           REFINE V0     (Y/N)?y
           REFINE K0     (Y/N)?y
           REFINE Kp     (Y/N)?y

 SELECT WEIGHTING SCHEME:
     SIGMAS FOR P   PRESENT, USE IN WEIGHTS (Y/N)?n
     SIGMAS FOR V   PRESENT, USE IN WEIGHTS (Y/N)?n

     EQUATION FITTED WITH UNIT WEIGHTS FOR ALL DATA




   RESULTS FROM CYCLE  1
 PARA REF          NEW            SHIFT            E.S.D.       SHIFT/ERROR
 V0      1         6.86714         -0.00112          0.02952          -0.04
 K0      1       128.50812         -0.49189          8.15022          -0.06
 Kp      1         6.28670          0.04670          0.30438           0.15
 Kpp     0        -0.08875  [IMPLIED VALUE]
     Dataset scale factors
 Sca 1   0         1.00000  [FIXED VALUE]
  UNIT WEIGHTS USED: NO W-CHI^2 CALCULATED


   RESULTS FROM CYCLE  2
 PARA REF          NEW            SHIFT            E.S.D.       SHIFT/ERROR
 V0      1         6.86713         -0.00000          0.02939          -0.00
 K0      1       128.50888          0.00077          8.11734           0.00
 Kp      1         6.28689          0.00019          0.30638           0.00
 Kpp     0        -0.08875  [IMPLIED VALUE]
     Dataset scale factors
 Sca 1   0         1.00000  [FIXED VALUE]
  UNIT WEIGHTS USED: NO W-CHI^2 CALCULATED


***********************MESSAGE FROM LEAST SQUARES***********************
Least Squares converged, indicated by small shift/esd
************************************************************************



   RESULTS AFTER FINAL REFINEMENT CYCLE
 PARA REF          NEW            SHIFT            E.S.D.       SHIFT/ERROR
 V0      1         6.86713         -0.00000          0.02939          -0.00
 K0      1       128.50888          0.00077          8.11734           0.00
 Kp      1         6.28689          0.00019          0.30638           0.00
 Kpp     0        -0.08875  [IMPLIED VALUE]
     Dataset scale factors
 Sca 1   0         1.00000  [FIXED VALUE]
  UNIT WEIGHTS USED: NO W-CHI^2 CALCULATED

 INPUT <CR> TO CONTINUE

  THE  36 LOADED DATA ARE AS FOLLOWS:
<--------------------Observed Values----------------------><----------------Calculated Values -------------------------------->
  N USE         P      esdP      T(K)       V      esd(V)      Pcal    deltaP delta/esd    V  cal    deltaV   delV/esd       Wt
              GPA                        CM^3/MOL               GPa                       cm^3/mol
  1  1    10.7000   0.20000   298.000   6.41749   0.00030   10.7548   -0.0548   0.27424   6.41933   -0.0018   6.08424   1.0000000
  2  1    11.4000   0.20000   298.000   6.39220   0.00060   11.5227   -0.1227   0.61336   6.39620   -0.0040   6.63772   1.0000000
  3  1    12.0000   0.20000   298.000   6.37624   0.00030   12.0176   -0.0176   0.08801   6.37681  -0.00056   1.87025   1.0000000
  4  1    14.3000   0.20000   298.000   6.31120   0.00030   14.1215   0.17853   0.89266   6.30588   0.00532   17.6810   1.0000000
  5  1    16.0000   0.20000   298.000   6.25971   0.00030   15.8904   0.10957   0.54785   6.25661   0.00310   10.2998   1.0000000
  6  1    17.4000   0.20000   298.000   6.22057   0.00030   17.2997   0.10026   0.50129   6.21784   0.00273   9.05035   1.0000000
  7  1    18.9000   0.20000   298.000   6.18654   0.00060   18.5720   0.32800   1.64001   6.17796   0.00858   14.2494   1.0000000
  8  1    20.5000   0.20000   298.000   6.14258   0.00030   20.2835   0.21648   1.08238   6.13716   0.00542   17.9994   1.0000000
  9  1    21.7000   0.20000   298.000   6.10976   0.00030   21.6131   0.08694   0.43471   6.10765   0.00211   7.00115   1.0000000
 10  1    22.8000   0.20000   298.000   6.08236   0.00030   22.7582   0.04181   0.20904   6.08137   0.00099   3.27808   1.0000000
 11  1    24.3000   0.20000   298.000   6.04533   0.00060   24.3584   -0.0584   0.29209   6.04665   -0.0013   2.20518   1.0000000
 12  1    25.7000   0.20000   298.000   6.00648   0.00030   26.1041   -0.4041   2.02059   6.01534   -0.0089   29.4014   1.0000000
 13  1    28.1000   0.20000   298.000   5.95048   0.00241   28.7481   -0.6481   3.24048   5.96391   -0.0134   5.57551   1.0000000
 14  1    29.4000   0.20000   298.000   5.92850   0.00060   29.8285   -0.4285   2.14262   5.93716   -0.0087   14.3776   1.0000000
 15  1    30.8000   0.20000   298.000   5.89658   0.00060   31.4419   -0.6419   3.20960   5.90915   -0.0126   20.8776   1.0000000
 16  1    40.2150   0.00000   300.000   5.73699   0.00060   40.3641   -0.1491       INF   5.73945   -0.0025   4.08335   1.0000000
 17  1    40.4073   0.00000   300.000   5.74091   0.00120   40.1271   0.28028       INF   5.73628   0.00463   3.84066   1.0000000
 18  1    44.6724   0.00000   300.000   5.68520   0.00030   43.5940   1.07837       INF   5.66852   0.01668   55.4075   1.0000000
 19  1    46.5960   0.00000   300.000   5.64907   0.00090   45.9535   0.64245       INF   5.63946   0.00961   10.6340   1.0000000
 20  1    72.2300   0.00000   300.000   5.31665   0.00000   72.4559   -0.2259       INF   5.31904   -0.0024       INF   1.0000000
 21  1    83.3107   0.00000   300.000   5.20463   0.00151   83.7228   -0.4121       INF   5.20850   -0.0039   2.56862   1.0000000
 22  1    109.254   0.00000   300.000   4.98422   0.00060   110.323   -1.0687       INF   4.99213   -0.0079   13.1202   1.0000000
 23  1    109.477   0.00000   300.000   4.98934   0.00060   109.629   -0.1521       INF   4.99047   -0.0011   1.86946   1.0000000
 24  1    112.333   0.00000   300.000   4.97308   0.00090   111.846   0.48724       INF   4.96955   0.00354   3.91522   1.0000000
 25  1    112.302   0.00000   300.000   4.97188   0.00060   112.011   0.29050       INF   4.96977   0.00211   3.49820   1.0000000
 26  1    75.8024   0.00000   300.000   5.27750   0.00120   76.2398   -0.4375       INF   5.28195   -0.0044   3.68863   1.0000000
 27  1    77.0708   0.00000   300.000   5.27509   0.00090   76.4780   0.59284       INF   5.26912   0.00597   6.60947   1.0000000
 28  1    82.2444   0.00000   300.000   5.23113   0.00090   80.9335   1.31087       INF   5.21859   0.01255   13.8904   1.0000000
 29  1    84.1094   0.00000   300.000   5.19349   0.00181   84.9196   -0.8102       INF   5.20102   -0.0075   4.16701   1.0000000
 30  1    86.7596   0.00000   300.000   5.16940   0.00120   87.5574   -0.7978       INF   5.17663   -0.0072   5.99477   1.0000000
 31  1    84.5603   0.00000   300.000   5.18687   0.00120   85.6381   -1.0778       INF   5.19683   -0.0100   8.26567   1.0000000
 32  1    89.5790   0.00000   300.000   5.14592   0.00060   90.1964   -0.6174       INF   5.15136   -0.0054   9.03372   1.0000000
 33  1    99.9535   0.00000   300.000   5.07245   0.00060   98.9009   1.05254       INF   5.06395   0.00850   14.1108   1.0000000
 34  1    101.860   0.00000   300.000   5.06462   0.00060   99.8703   1.98924       INF   5.04876   0.01586   26.3307   1.0000000
 35  1    106.644   0.00000   300.000   5.01072   0.00090   106.775   -0.1309       INF   5.01172  -0.00099   1.09956   1.0000000
 36  1    107.122   0.00000   300.000   5.00410   0.00060   107.652   -0.5303       INF   5.00810   -0.0040   6.64009   1.0000000

  FITTING STATISTICS FOR 3 PARAMETERS FITTED TO  36 DATA:
      MAXIMUM DELTA-PRESSURE= 1.989


CORRELATION COEFFICIENTS (IN %)
  VARIABLE      V0        K0        Kp
    V0   :     100.0     -98.2      94.2
    K0   :     -98.2     100.0     -98.8
    Kp   :      94.2     -98.8     100.0


  VARIANCE-COVARIANCE MATRIX NOT RESCALED
  VARIABLE     V0        K0        Kp
    V0   :   0.00086  -0.23424   0.00848
    K0   :  -0.23424  65.89113  -2.45736
    Kp   :   0.00848  -2.45736   0.09387

 UPDATE EOS PARAMETERS (Y/N)?y
                                       FURTHER CALCULATIONS (Y/N)?n

EOSFIT-7.6>save /Users/clemens/Programming/peritheos/docs/data/miozzi-2020-eosfit-n2-author-volume/speziale_variable_q_debye-unit-theta_fixed/stage1.eos
 
 
  EOS Information
-------------------
 
    Title: 
Eos Saved: 
 
   System: 
    Class: Volume
   Pscale: GPa
   Vscale: cm^3/mol
   Stoichiometry:            1.000
 
  Compressibility
-------------------
 
    Model: Birch-Murnaghan
    Order:  3
   Pressure of reference:    0.000
 
      V0:  6.87(3)           :Reference pressure volume: units are cm^3/mol
      K0:  129(8)            :Bulk modulus: units are GPa
      Kp:  6.3(3)            :dK/dP: dimensionless
     Kpp: -0.0888            :d2K/dP2: units are inverse GPa [IMPLIED VALUE]
 
 
  Scale factors for data groups
---------------------------------
   Sca 1:  1.00000           :Scale factor for data group 1 [FIXED VALUE]
 

      Do you want to save this EoS to file (Y/N) <Y>?y




     Eos parameters written to file /Users/clemens/Programming/peritheos/docs/data/miozzi-2020-eosfit-n2-author-volume/speziale_variable_q_debye-unit-theta_fixed/stage1.eos


EOSFIT-7.6>clear

*****WARNING: This command will delete all of your data loaded in EosFit

Are you sure you want to clear all data? (Y/N) <N>?y
     All data has been cleared from EosFit
     The datafiles have not been changed

EOSFIT-7.6>read /Users/clemens/Programming/peritheos/docs/data/miozzi-2020-eosfit-n2-author-volume/speziale_variable_q_debye-unit-theta_fixed/all.dat





        The title on the file is: Miozzi author-described staged reconstruction
             The data in the file is for:T  ,P  ,V
               with esds in the file for:T  ,P  ,V

Only data available is for V: This will be selected

           The title on the data file is:  Miozzi author-described staged reconstruction
           The calculated values are from:

  THE 131 LOADED DATA ARE AS FOLLOWS:
<-------------------------Observed Values---------------------------><----------------Calculated Values ----------------------->
  N USE         P      esdP      T(K)      esdT       V      esd(V)      Pcal    deltaP delta/esd    V  cal    deltaV   delV/esd
              GPA                                  CM^3/MOL               GPa                       cm^3/mol
  1  1    10.7000   0.20000   298.000   1.00000   6.41749   0.00030   10.7548   -0.0548   0.27424   6.41933   -0.0018   6.08424
  2  1    11.4000   0.20000   298.000   1.00000   6.39220   0.00060   11.5227   -0.1227   0.61336   6.39620   -0.0040   6.63772
  3  1    12.0000   0.20000   298.000   1.00000   6.37624   0.00030   12.0176   -0.0176   0.08801   6.37681  -0.00056   1.87025
  4  1    14.3000   0.20000   298.000   1.00000   6.31120   0.00030   14.1215   0.17853   0.89266   6.30588   0.00532   17.6810
  5  1    16.0000   0.20000   298.000   1.00000   6.25971   0.00030   15.8904   0.10957   0.54785   6.25661   0.00310   10.2998
  6  1    17.4000   0.20000   298.000   1.00000   6.22057   0.00030   17.2997   0.10026   0.50129   6.21784   0.00273   9.05035
  7  1    18.9000   0.20000   298.000   1.00000   6.18654   0.00060   18.5720   0.32800   1.64001   6.17796   0.00858   14.2494
  8  1    20.5000   0.20000   298.000   1.00000   6.14258   0.00030   20.2835   0.21648   1.08238   6.13716   0.00542   17.9994
  9  1    21.7000   0.20000   298.000   1.00000   6.10976   0.00030   21.6131   0.08694   0.43471   6.10765   0.00211   7.00115
 10  1    22.8000   0.20000   298.000   1.00000   6.08236   0.00030   22.7582   0.04181   0.20904   6.08137   0.00099   3.27808
 11  1    24.3000   0.20000   298.000   1.00000   6.04533   0.00060   24.3584   -0.0584   0.29209   6.04665   -0.0013   2.20518
 12  1    25.7000   0.20000   298.000   1.00000   6.00648   0.00030   26.1041   -0.4041   2.02059   6.01534   -0.0089   29.4014
 13  1    28.1000   0.20000   298.000   1.00000   5.95048   0.00241   28.7481   -0.6481   3.24048   5.96391   -0.0134   5.57551
 14  1    29.4000   0.20000   298.000   1.00000   5.92850   0.00060   29.8285   -0.4285   2.14262   5.93716   -0.0087   14.3776
 15  1    30.8000   0.20000   298.000   1.00000   5.89658   0.00060   31.4419   -0.6419   3.20960   5.90915   -0.0126   20.8776
 16  1    40.2150   0.00000   300.000   1.00000   5.73699   0.00060   40.3641   -0.1491       INF   5.73945   -0.0025   4.08335
 17  1    46.9819   0.17530   1759.00   47.1000   5.80203   0.00181   36.5479   10.4340   59.5208   5.63374   0.16829   93.1524
 18  1    40.4073   0.00000   300.000   1.00000   5.74091   0.00120   40.1271   0.28028       INF   5.73628   0.00463   3.84066
 19  1    51.9173   0.00000   2038.00   51.9700   5.77373   0.00120   38.1769   13.7404       INF   5.56342   0.21031   174.610
 20  1    52.4192   0.00000   2117.00   80.2700   5.79782   0.00090   36.7875   15.6317       INF   5.55655   0.24126   267.084
 21  1    44.6724   0.00000   300.000   1.00000   5.68520   0.00030   43.5940   1.07837       INF   5.66852   0.01668   55.4075
 22  1    51.6111   0.19390   1818.00   45.4000   5.74934   0.00181   39.6197   11.9914   61.8431   5.56764   0.18170   100.574
 23  1    50.7362   0.19780   1485.00   65.4000   5.75988   0.00120   38.9918   11.7445   59.3756   5.57978   0.18010   149.528
 24  1    52.4196   0.02980   1519.00   56.8000   5.71772   0.00060   41.5455   10.8740   364.900   5.55655   0.16117   267.634
 25  1    54.1433   0.08050   1632.00   167.600   5.71381   0.00090   41.7885   12.3548   153.476   5.53334   0.18047   199.787
 26  1    54.0046   0.20950   1752.00   134.400   5.72194   0.00090   41.2851   12.7195   60.7137   5.53518   0.18676   206.744
 27  1    54.7496   0.21000   1922.00   99.9000   5.70086   0.00060   42.5990   12.1506   57.8600   5.52530   0.17556   291.519
 28  1    55.1827   0.24590   2205.00   94.9000   5.70538   0.00090   42.3149   12.8678   52.3294   5.51961   0.18577   205.652
 29  1    46.5960   0.00000   300.000   1.00000   5.64907   0.00090   45.9535   0.64245       INF   5.63946   0.00961   10.6340
 30  1    58.9232   1.79250   2503.00   117.300   5.73699   0.00060   40.3641   18.5591   10.3538   5.47179   0.26520   440.378
 31  1    55.5138   0.00000   2338.00   141.400   5.73970   0.00090   40.1999   15.3139       INF   5.51528   0.22443   248.446
 32  1    56.5671   0.00000   2012.00   106.200   5.69604   0.00181   42.9034   13.6637       INF   5.50163   0.19442   107.612
 33  1    59.7066   0.61530   2575.00   137.400   5.71742   0.00120   41.5641   18.1424   29.4855   5.46208   0.25534   212.004
 34  1    63.4429   0.29990   3188.00   198.400   5.71832   0.00090   41.5083   21.9346   73.1399   5.41707   0.30125   333.491
 35  1    65.6069   2.61630   3399.00   220.600   5.71320   0.00120   41.8259   23.7810   9.08956   5.39196   0.32124   266.718
 36  1    59.9079   0.22430   2486.00   117.200   5.68189   0.00090   43.8066   16.1013   71.7847   5.45960   0.22229   246.085
 37  1    58.8963   0.36830   2375.00   116.100   5.67286   0.00060   44.3901   14.5062   39.3869   5.47213   0.20073   333.319
 38  1    54.4464   0.23860   1892.00   115.100   5.68731   0.00090   43.4591   10.9873   46.0490   5.52931   0.15800   174.909
 39  1    52.9478   0.06230   1578.00   102.100   5.69393   0.00090   43.0371   9.91071   159.080   5.54937   0.14456   160.031
 40  1    52.8985   0.07230   1450.00   132.200   5.68339   0.00120   43.7099   9.18855   127.089   5.55004   0.13335   110.719
 41  1    51.9738   0.05400   1324.00   323.000   5.67707   0.00181   44.1171   7.85666   145.494   5.56265   0.11443   63.3364
 42  1    72.2300   0.00000   300.000   1.00000   5.31665   0.00000   72.4559   -0.2259       INF   5.31904   -0.0024       INF
 43  1    78.8339   0.05200   1441.00   63.3000   5.37566   0.00120   67.0427   11.7912   226.754   5.25159   0.12407   103.015
 44  1    84.1469   0.20700   2104.00   58.2000   5.34134   0.00211   70.1496   13.9973   67.6196   5.20067   0.14067   66.7373
 45  1    85.4841   0.35210   2347.00   89.0000   5.34525   0.00271   69.7895   15.6946   44.5742   5.18829   0.15697   57.9219
 46  1    86.6027   0.15740   2496.00   103.800   5.34254   0.00151   70.0386   16.5641   105.236   5.17805   0.16449   109.258
 47  1    82.3967   0.09710   1797.00   68.8000   5.33712   0.00151   70.5391   11.8577   122.118   5.21714   0.11999   79.6960
 48  1    81.7079   0.06020   1696.00   96.2000   5.33351   0.00181   70.8743   10.8336   179.960   5.22370   0.10981   60.7815
 49  1    79.7560   0.08840   1448.00   134.500   5.34465   0.00151   69.8448   9.91124   112.118   5.24255   0.10210   67.8167
 50  1    82.6819   0.29980   1934.00   69.9000   5.34766   0.00151   69.5687   13.1132   43.7399   5.21443   0.13323   88.4914
<-------------------------Observed Values---------------------------><----------------Calculated Values ----------------------->
  N USE         P      esdP      T(K)      esdT       V      esd(V)      Pcal    deltaP delta/esd    V  cal    deltaV   delV/esd
              GPA                                  CM^3/MOL               GPa                       cm^3/mol
 51  1    83.2801   0.09740   2013.00   70.3000   5.34616   0.00211   69.7066   13.5735   139.358   5.20879   0.13737   65.1718
 52  1    83.5977   0.10540   2084.00   66.4000   5.34917   0.00181   69.4309   14.1668   134.410   5.20581   0.14336   79.3514
 53  1    83.8714   0.15820   2153.00   65.0000   5.35308   0.00181   69.0738   14.7976   93.5374   5.20324   0.14984   82.9367
 54  1    85.4040   0.28690   2409.00   76.8000   5.35880   0.00151   68.5546   16.8494   58.7293   5.18902   0.16978   112.770
 55  1    85.4641   0.25650   2468.00   78.5000   5.36121   0.00241   68.3369   17.1272   66.7726   5.18847   0.17274   71.7106
 56  1    85.8086   0.33350   2596.00   95.6000   5.39343   0.00271   65.4789   20.3298   60.9589   5.18531   0.20812   76.7996
 57  1    85.5275   0.32540   2558.00   111.200   5.37265   0.00271   67.3106   18.2169   55.9830   5.18789   0.18477   68.1800
 58  1    83.3107   0.00000   300.000   1.00000   5.20463   0.00151   83.7228   -0.4121       INF   5.20850   -0.0039   2.56862
 59  1    95.5948   0.09650   2064.00   104.800   5.23535   0.00181   80.4970   15.0978   156.454   5.09967   0.13568   75.1023
 60  1    94.2038   0.14490   1857.00   11.0000   5.23053   0.00120   80.9960   13.2078   91.1513   5.11136   0.11917   98.9418
 61  1    93.4916   0.05390   1766.00   87.0000   5.21849   0.00151   82.2547   11.2369   208.477   5.11741   0.10108   67.1373
 62  1    92.2040   0.02230   1568.00   119.200   5.21758   0.00120   82.3498   9.85419   441.892   5.12844   0.08914   74.0094
 63  1    98.4802   0.13650   2345.00   66.3000   5.21999   0.00120   82.0966   16.3837   120.027   5.07587   0.14412   119.661
 64  1    100.718   0.27910   2657.00   81.6000   5.22360   0.00151   81.7178   19.0003   68.0771   5.05783   0.16578   110.111
 65  1    97.5460   0.19860   2206.00   110.700   5.22601   0.00120   81.4662   16.0798   80.9656   5.08351   0.14251   118.320
 66  1    97.1912   0.47720   2371.00   69.5000   5.22541   0.00120   81.5290   15.6622   32.8210   5.08642   0.13899   115.398
 67  1    98.2704   0.17530   2555.00   62.2000   5.22752   0.00120   81.3092   16.9612   96.7552   5.07758   0.14994   124.491
 68  1    97.8092   0.16180   2426.00   56.3000   5.22933   0.00090   81.1212   16.6880   103.139   5.08135   0.14798   163.815
 69  1    101.331   0.40420   2746.00   106.700   5.24017   0.00151   80.0007   21.3302   52.7713   5.05295   0.18721   124.351
 70  1    102.535   0.25690   2889.00   141.600   5.22601   0.00120   81.4662   21.0684   82.0100   5.04344   0.18257   151.581
 71  1    103.666   0.28360   3028.00   130.200   5.22752   0.00151   81.3092   22.3570   78.8328   5.03460   0.19292   128.142
 72  1    104.055   0.35290   3054.00   114.200   5.21758   0.00120   82.3498   21.7056   61.5064   5.03157   0.18601   154.438
 73  1    104.941   0.38770   3227.00   98.9000   5.23806   0.00181   80.2175   24.7231   63.7685   5.02473   0.21332   118.077
 74  1    117.121   0.18290   1640.00   68.8000   5.02307   0.00120   105.157   11.9634   65.4096   4.93552   0.08755   72.6894
 75  1    116.611   0.16270   1564.00   131.600   5.01554   0.00120   106.141   10.4701   64.3519   4.93908   0.07646   63.4823
 76  1    119.974   0.39270   2044.00   69.8000   5.01976   0.00120   105.589   14.3843   36.6292   4.91584   0.10392   86.2800
 77  1    118.674   0.32560   1865.00   66.1000   5.01042   0.00090   106.815   11.8591   36.4224   4.92475   0.08567   94.8410
 78  1    117.367   0.07640   1702.00   76.3000   5.01193   0.00090   106.616   10.7511   140.721   4.93380   0.07813   86.4880
 79  1    109.254   0.00000   300.000   1.00000   4.98422   0.00060   110.323   -1.0687       INF   4.99213   -0.0079   13.1202
 80  1    122.532   0.47160   2272.00   94.1000   5.00621   0.00090   107.373   15.1599   32.1457   4.89854   0.10766   119.186
 81  1    124.211   0.58910   2590.00   85.5000   5.00590   0.00090   107.412   16.7982   28.5151   4.88738   0.11853   131.212
 82  1    126.471   1.47550   2976.00   112.000   5.02337   0.00120   105.118   21.3531   14.4718   4.87256   0.15081   125.215
 83  1    123.123   0.58340   2539.00   116.200   5.02156   0.00120   105.353   17.7695   30.4585   4.89460   0.12696   105.414
 84  1    109.477   0.00000   300.000   1.00000   4.98934   0.00060   109.629   -0.1521       INF   4.99047   -0.0011   1.86946
 85  1    122.964   0.13940   1999.00   93.7000   4.99266   0.00090   109.183   13.7817   98.8646   4.89565   0.09700   107.382
 86  1    124.821   0.24780   2240.00   83.8000   5.00079   0.00090   108.093   16.7274   67.5038   4.88335   0.11743   130.001
 87  1    112.333   0.00000   300.000   1.00000   4.97308   0.00090   111.846   0.48724       INF   4.96955   0.00354   3.91522
 88  1    112.302   0.00000   300.000   1.00000   4.97188   0.00060   112.011   0.29050       INF   4.96977   0.00211   3.49820
 89  1    75.8024   0.00000   300.000   1.00000   5.27750   0.00120   76.2398   -0.4375       INF   5.28195   -0.0044   3.68863
 90  1    77.0708   0.00000   300.000   1.00000   5.27509   0.00090   76.4780   0.59284       INF   5.26912   0.00597   6.60947
 91  1    82.6005   0.00000   1495.00   0.00000   5.33863   0.00090   70.3998   12.2008       INF   5.21521   0.12342   136.632
 92  1    93.5146   0.07130   1988.00   89.5000   5.24890   0.00090   79.1074   14.4072   202.065   5.11721   0.13168   145.778
 93  1    93.9439   0.18090   2034.00   69.8000   5.24799   0.00120   79.1996   14.7443   81.5052   5.11357   0.13443   111.612
 94  1    91.1763   0.10920   1577.00   124.000   5.23836   0.00090   80.1865   10.9898   100.640   5.13735   0.10101   111.823
 95  1    90.6823   0.06760   1424.00   104.700   5.22902   0.00090   81.1524   9.52982   140.974   5.14166   0.08737   96.7155
 96  1    92.5009   0.12590   1677.00   111.900   5.23685   0.00120   80.3416   12.1594   96.5796   5.12589   0.11097   92.1315
 97  1    92.6279   0.12640   1848.00   95.1000   5.24559   0.00090   79.4454   13.1825   104.292   5.12480   0.12079   133.716
 98  1    94.2369   0.25380   2117.00   83.3000   5.25251   0.00090   78.7405   15.4964   61.0577   5.11108   0.14143   156.566
 99  1    94.9683   0.20250   2247.00   101.400   5.25221   0.00090   78.7710   16.1974   79.9869   5.10492   0.14729   163.059
100  1    94.5121   0.19460   2254.00   80.6000   5.25853   0.00090   78.1317   16.3804   84.1747   5.10876   0.14978   165.806
<-------------------------Observed Values---------------------------><----------------Calculated Values ----------------------->
  N USE         P      esdP      T(K)      esdT       V      esd(V)      Pcal    deltaP delta/esd    V  cal    deltaV   delV/esd
              GPA                                  CM^3/MOL               GPa                       cm^3/mol
101  1    93.5461   0.16150   2315.00   73.2000   5.26275   0.00090   77.7080   15.8381   98.0686   5.11695   0.14580   161.408
102  1    93.4820   0.29150   2421.00   65.9000   5.26606   0.00120   77.3764   16.1055   55.2505   5.11749   0.14857   123.352
103  1    93.5658   0.23060   2522.00   72.3000   5.27449   0.00120   76.5377   17.0281   73.8427   5.11678   0.15771   130.946
104  1    97.4689   0.29890   2812.00   141.400   5.26907   0.00120   77.0760   20.3929   68.2266   5.08414   0.18493   153.544
105  1    82.2444   0.00000   300.000   1.00000   5.23113   0.00090   80.9335   1.31087       INF   5.21859   0.01255   13.8904
106  1    84.1094   0.00000   300.000   1.00000   5.19349   0.00181   84.9196   -0.8102       INF   5.20102   -0.0075   4.16701
107  1    86.7596   0.00000   300.000   1.00000   5.16940   0.00120   87.5574   -0.7978       INF   5.17663   -0.0072   5.99477
108  1    94.4048   0.11910   1570.00   112.400   5.18687   0.00120   85.6381   8.76671   73.6080   5.10966   0.07721   64.1027
109  1    95.6399   0.08420   1774.00   73.6000   5.18898   0.00151   85.4090   10.2309   121.507   5.09929   0.08969   59.5727
110  1    94.5493   0.00000   1942.00   81.2000   5.23505   0.00120   80.5281   14.0212       INF   5.10844   0.12660   105.116
111  1    93.4085   0.21520   2032.00   86.6000   5.24589   0.00120   79.4145   13.9941   65.0283   5.11812   0.12777   106.084
112  1    97.0501   0.21240   1937.00   87.5000   5.20614   0.00151   83.5621   13.4879   63.5025   5.08759   0.11856   78.7461
113  1    94.8120   0.33470   2187.00   104.500   5.25010   0.00120   78.9850   15.8270   47.2871   5.10623   0.14387   119.453
114  1    84.5603   0.00000   300.000   1.00000   5.18687   0.00120   85.6381   -1.0778       INF   5.19683   -0.0100   8.26567
115  1    98.4422   0.00000   2486.00   125.000   5.20343   0.00241   83.8515   14.5906       INF   5.07618   0.12725   52.8266
116  1    98.3588   0.00000   2262.00   107.000   5.22391   0.00151   81.6863   16.6725       INF   5.07686   0.14705   97.6722
117  1    97.9624   0.23310   2238.00   137.000   5.21909   0.00181   82.1915   15.7709   67.6573   5.08009   0.13900   76.9356
118  1    89.5790   0.00000   300.000   1.00000   5.14592   0.00060   90.1964   -0.6174       INF   5.15136   -0.0054   9.03372
119  1    99.9535   0.00000   300.000   1.00000   5.07245   0.00060   98.9009   1.05254       INF   5.06395   0.00850   14.1108
120  1    101.860   0.00000   300.000   1.00000   5.06462   0.00060   99.8703   1.98924       INF   5.04876   0.01586   26.3307
121  1    110.079   0.22800   1735.00   69.4000   5.07456   0.00060   98.6413   11.4377   50.1655   4.98602   0.08854   147.020
122  1    111.624   0.15890   1975.00   102.400   5.08479   0.00090   97.3892   14.2348   89.5833   4.97470   0.11010   121.882
123  1    110.372   0.20610   1860.00   85.2000   5.08389   0.00120   97.4991   12.8733   62.4616   4.98386   0.10003   83.0538
124  1    116.550   0.33830   1810.00   81.0000   5.02728   0.00090   104.610   11.9404   35.2952   4.93951   0.08778   97.1710
125  1    106.644   0.00000   300.000   1.00000   5.01072   0.00090   106.775   -0.1309       INF   5.01172  -0.00099   1.09956
126  1    120.399   1.02570   2326.00   1.00000   5.04324   0.00090   102.560   17.8389   17.3919   4.91294   0.13031   144.252
127  1    118.493   0.38600   2273.00   64.8000   5.05077   0.00060   101.606   16.8873   43.7496   4.92599   0.12477   207.194
128  1    119.244   0.60390   2445.00   83.8000   5.05559   0.00120   100.999   18.2450   30.2119   4.92083   0.13476   111.887
129  1    119.073   0.80370   2430.00   92.8000   5.05258   0.00090   101.378   17.6952   22.0171   4.92200   0.13057   144.549
130  1    107.122   0.00000   300.000   1.00000   5.00410   0.00060   107.652   -0.5303       INF   5.00810   -0.0040   6.64009
131  1    123.453   0.10270   2386.00   97.8000   5.01885   0.00090   105.707   17.7460   172.794   4.89240   0.12645   139.987

      Esds available for some data points for:  P, T, V

EOSFIT-7.6>input

*************************************Commands to input or change EoS parameters ***************************************


   Type HELP for a list of commands to change EoS types or parameters

 
 
  EOS Information
-------------------
 
    Title: 
Eos Saved:  3-OCT-2026 at 14:09
 
   System: 
    Class: Volume
   Pscale: GPa
   Vscale: cm^3/mol
   Stoichiometry:            1.000
 
  Compressibility
-------------------
 
    Model: Birch-Murnaghan
    Order:  3
   Pressure of reference:    0.000
 
      V0:  6.87(3)           :Reference pressure volume: units are cm^3/mol
      K0:  129(8)            :Bulk modulus: units are GPa
      Kp:  6.3(3)            :dK/dP: dimensionless
     Kpp: -0.0888            :d2K/dP2: units are inverse GPa [IMPLIED VALUE]
 
 
  Scale factors for data groups
---------------------------------
   Sca 1:  1.00000           :Scale factor for data group 1 [FIXED VALUE]
 

INPUT EOS>th

     Available thermal expansion equations are:
       1=Berman 1988,  2=Fei 1995,  3=Modified HP1998,  4=Kroll,  5=Salje low-T,
     Available thermal-pressure EoS are:
       6=HP Thermal Pressure,  7=Mie-Gruneisen-Debye,  8=Einstein Oscillator,

     Input choice (0 for none, space for no change):7

INPUT THERMAL PARAMETERS FOR Mie-Gruneisen-Debye <CR> FOR NO CHANGE:

    Reference temperature ( 298.0K):300

     Do you want to use q-compromise version (Y/N) <N>?n

    Reference pressure volume: units are cm^3/mol:
                    VALUE OF V0    (     6.867):
    Debye temperature in K:
                    VALUE OF ThMGD (   298.000):420
    Number of atoms per formula unit:
                    VALUE OF Natom (     1.000):2

*****INFORMATION*****

    Gamma0 and q are  refineable parameters in the thermal-pressure model

    Gruneisen parameter at Tref,Pref:
                    VALUE OF Gamm0 (     1.000):1.11
    Gruneisen power law in V/V0:
                    VALUE OF q     (     0.000):0.3

*****The results of the thermal pressure model depend on the EoS parameters
 
 
  EOS Information
-------------------
 
    Title: 
Eos Saved:  3-OCT-2026 at 14:09
 
   System: 
    Class: Volume
   Pscale: GPa
   Vscale: cm^3/mol
   Stoichiometry:            1.000
 
  Compressibility
-------------------
 
    Model: Birch-Murnaghan
    Order:  3
   Pressure of reference:    0.000
 
      V0:  6.86713           :Reference pressure volume: units are cm^3/mol
      K0:  128.509           :Bulk modulus: units are GPa
      Kp:  6.28689           :dK/dP: dimensionless
     Kpp: -0.0888            :d2K/dP2: units are inverse GPa [IMPLIED VALUE]
 
 
  Thermal Expansion
-------------------
 
   Model: Mie-Gruneisen-Debye
 
   Temperature of reference:   300.00 K
 
   ThMGD:  420.000           :Debye temperature in K
   Natom:  2.00000           :Number of atoms per formula unit [FIXED VALUE]
   Gamm0:  1.11000           :Gruneisen parameter at Tref,Pref
       q:  0.30000           :Gruneisen power law in V/V0
 
  Scale factors for data groups
---------------------------------
   Sca 1:  1.00000           :Scale factor for data group 1 [FIXED VALUE]
 

INPUT EOS>x

*************************************************Exiting from INPUT ***************************************************


EOSFIT-7.6>fit
     131 data for V will be used in least-squares
 
 
  EOS Information
-------------------
 
    Title: 
Eos Saved:  3-OCT-2026 at 14:09
 
   System: 
    Class: Volume
   Pscale: GPa
   Vscale: cm^3/mol
   Stoichiometry:            1.000
 
  Compressibility
-------------------
 
    Model: Birch-Murnaghan
    Order:  3
   Pressure of reference:    0.000
 
      V0:  6.86713           :Reference pressure volume: units are cm^3/mol
      K0:  128.509           :Bulk modulus: units are GPa
      Kp:  6.28689           :dK/dP: dimensionless
     Kpp: -0.0888            :d2K/dP2: units are inverse GPa [IMPLIED VALUE]
 
 
  Thermal Expansion
-------------------
 
   Model: Mie-Gruneisen-Debye
 
   Temperature of reference:   300.00 K
 
   ThMGD:  420.000           :Debye temperature in K
   Natom:  2.00000           :Number of atoms per formula unit [FIXED VALUE]
   Gamm0:  1.11000           :Gruneisen parameter at Tref,Pref
       q:  0.30000           :Gruneisen power law in V/V0
 
  Scale factors for data groups
---------------------------------
   Sca 1:  1.00000           :Scale factor for data group 1 [FIXED VALUE]
 
    Do you want to change these EoS parameters or the EoS type? (Y/N) <N>?n

 SELECT PARAMETERS TO REFINE IN LEAST-SQUARES FIT:
           REFINE V0     (Y/N)?n
           REFINE K0     (Y/N)?n
           REFINE Kp     (Y/N)?n
     Parameters for thermal model
           REFINE ThMGD  (Y/N)?n
           REFINE Gamm0  (Y/N)?y
           REFINE q      (Y/N)?y

 SELECT WEIGHTING SCHEME:
     SIGMAS FOR P   PRESENT, USE IN WEIGHTS (Y/N)?n
     SIGMAS FOR T   PRESENT, USE IN WEIGHTS (Y/N)?n
     SIGMAS FOR V   PRESENT, USE IN WEIGHTS (Y/N)?n

     EQUATION FITTED WITH UNIT WEIGHTS FOR ALL DATA




   RESULTS FROM CYCLE  1
 PARA REF          NEW            SHIFT            E.S.D.       SHIFT/ERROR
 V0      0         6.86713  [NOT REFINED]
 K0      0       128.50888  [NOT REFINED]
 Kp      0         6.28689  [NOT REFINED]
 Kpp     0        -0.08875  [IMPLIED VALUE]
     Parameters for thermal model
 ThMGD   0       420.00000  [NOT REFINED]
 Natom   0         2.00000  [FIXED VALUE]
 Gamm0   1         1.02997         -0.08003          0.09675          -0.83
 q       1         0.60205          0.30205          0.32985           0.92
     Dataset scale factors
 Sca 1   0         1.00000  [FIXED VALUE]
  REFERENCE TEMPERATURE = 300.00
  UNIT WEIGHTS USED: NO W-CHI^2 CALCULATED


   RESULTS FROM CYCLE  2
 PARA REF          NEW            SHIFT            E.S.D.       SHIFT/ERROR
 V0      0         6.86713  [NOT REFINED]
 K0      0       128.50888  [NOT REFINED]
 Kp      0         6.28689  [NOT REFINED]
 Kpp     0        -0.08875  [IMPLIED VALUE]
     Parameters for thermal model
 ThMGD   0       420.00000  [NOT REFINED]
 Natom   0         2.00000  [FIXED VALUE]
 Gamm0   1         1.03285          0.00288          0.03945           0.07
 q       1         0.64998          0.04793          0.14565           0.33
     Dataset scale factors
 Sca 1   0         1.00000  [FIXED VALUE]
  REFERENCE TEMPERATURE = 300.00
  UNIT WEIGHTS USED: NO W-CHI^2 CALCULATED


   RESULTS FROM CYCLE  3
 PARA REF          NEW            SHIFT            E.S.D.       SHIFT/ERROR
 V0      0         6.86713  [NOT REFINED]
 K0      0       128.50888  [NOT REFINED]
 Kp      0         6.28689  [NOT REFINED]
 Kpp     0        -0.08875  [IMPLIED VALUE]
     Parameters for thermal model
 ThMGD   0       420.00000  [NOT REFINED]
 Natom   0         2.00000  [FIXED VALUE]
 Gamm0   1         1.03288          0.00002          0.03949           0.00
 q       1         0.65024          0.00026          0.14548           0.00
     Dataset scale factors
 Sca 1   0         1.00000  [FIXED VALUE]
  REFERENCE TEMPERATURE = 300.00
  UNIT WEIGHTS USED: NO W-CHI^2 CALCULATED


***********************MESSAGE FROM LEAST SQUARES***********************
Least Squares converged, indicated by small shift/esd
************************************************************************



   RESULTS AFTER FINAL REFINEMENT CYCLE
 PARA REF          NEW            SHIFT            E.S.D.       SHIFT/ERROR
 V0      0         6.86713  [NOT REFINED]
 K0      0       128.50888  [NOT REFINED]
 Kp      0         6.28689  [NOT REFINED]
 Kpp     0        -0.08875  [IMPLIED VALUE]
     Parameters for thermal model
 ThMGD   0       420.00000  [NOT REFINED]
 Natom   0         2.00000  [FIXED VALUE]
 Gamm0   1         1.03288          0.00002          0.03949           0.00
 q       1         0.65024          0.00026          0.14548           0.00
     Dataset scale factors
 Sca 1   0         1.00000  [FIXED VALUE]
  REFERENCE TEMPERATURE = 300.00
  UNIT WEIGHTS USED: NO W-CHI^2 CALCULATED

 INPUT <CR> TO CONTINUE

  THE 131 LOADED DATA ARE AS FOLLOWS:
<-------------------------Observed Values---------------------------><----------------Calculated Values -------------------------------->
  N USE         P      esdP      T(K)      esdT       V      esd(V)      Pcal    deltaP delta/esd    V  cal    deltaV   delV/esd       Wt
              GPA                                  CM^3/MOL               GPa                       cm^3/mol
  1  1    10.7000   0.20000   298.000   1.00000   6.41749   0.00030   10.7411   -0.0411   0.20545   6.41887   -0.0014   4.56081   1.0000000
  2  1    11.4000   0.20000   298.000   1.00000   6.39220   0.00060   11.5089   -0.1089   0.54453   6.39575   -0.0035   5.89263   1.0000000
  3  1    12.0000   0.20000   298.000   1.00000   6.37624   0.00030   12.0038   -0.0038   0.01915   6.37637  -0.00012   0.41016   1.0000000
  4  1    14.3000   0.20000   298.000   1.00000   6.31120   0.00030   14.1077   0.19232   0.96161   6.30547   0.00573   19.0414   1.0000000
  5  1    16.0000   0.20000   298.000   1.00000   6.25971   0.00030   15.8766   0.12337   0.61687   6.25622   0.00349   11.5936   1.0000000
  6  1    17.4000   0.20000   298.000   1.00000   6.22057   0.00030   17.2859   0.11407   0.57036   6.21747   0.00310   10.2967   1.0000000
  7  1    18.9000   0.20000   298.000   1.00000   6.18654   0.00060   18.5582   0.34183   1.70914   6.17760   0.00894   14.8472   1.0000000
  8  1    20.5000   0.20000   298.000   1.00000   6.14258   0.00030   20.2697   0.23031   1.15157   6.13682   0.00577   19.1475   1.0000000
  9  1    21.7000   0.20000   298.000   1.00000   6.10976   0.00030   21.5992   0.10079   0.50395   6.10732   0.00244   8.11602   1.0000000
 10  1    22.8000   0.20000   298.000   1.00000   6.08236   0.00030   22.7443   0.05566   0.27831   6.08105   0.00131   4.35810   1.0000000
 11  1    24.3000   0.20000   298.000   1.00000   6.04533   0.00060   24.3446   -0.0446   0.22277   6.04634   -0.0010   1.68180   1.0000000
 12  1    25.7000   0.20000   298.000   1.00000   6.00648   0.00030   26.0902   -0.3902   1.95121   6.01503   -0.0085   28.3910   1.0000000
 13  1    28.1000   0.20000   298.000   1.00000   5.95048   0.00241   28.7342   -0.6342   3.17102   5.96362   -0.0131   5.45476   1.0000000
 14  1    29.4000   0.20000   298.000   1.00000   5.92850   0.00060   29.8146   -0.4146   2.07314   5.93687   -0.0084   13.9105   1.0000000
 15  1    30.8000   0.20000   298.000   1.00000   5.89658   0.00060   31.4280   -0.6280   3.14008   5.90888   -0.0123   20.4231   1.0000000
 16  1    40.2150   0.00000   300.000   1.00000   5.73699   0.00060   40.3641   -0.1491       INF   5.73945   -0.0025   4.08335   1.0000000
 17  1    46.9819   0.17530   1759.00   47.1000   5.80203   0.00181   47.8996   -0.9177   5.23493   5.81818   -0.0161   8.93686   1.0000000
 18  1    40.4073   0.00000   300.000   1.00000   5.74091   0.00120   40.1271   0.28028       INF   5.73628   0.00463   3.84066   1.0000000
 19  1    51.9173   0.00000   2038.00   51.9700   5.77373   0.00120   51.7623   0.15500       INF   5.77111   0.00262   2.17272   1.0000000
 20  1    52.4192   0.00000   2117.00   80.2700   5.79782   0.00090   50.9822   1.43695       INF   5.77324   0.02458   27.2075   1.0000000
 21  1    44.6724   0.00000   300.000   1.00000   5.68520   0.00030   43.5940   1.07837       INF   5.66852   0.01668   55.4075   1.0000000
 22  1    51.6111   0.19390   1818.00   45.4000   5.74934   0.00181   51.4727   0.13846   0.71407   5.74705   0.00229   1.26478   1.0000000
 23  1    50.7362   0.19780   1485.00   65.4000   5.75988   0.00120   48.1932   2.54307   12.8568   5.71822   0.04166   34.5861   1.0000000
 24  1    52.4196   0.02980   1519.00   56.8000   5.71772   0.00060   51.0378   1.38179   46.3688   5.69584   0.02188   36.3392   1.0000000
 25  1    54.1433   0.08050   1632.00   167.600   5.71381   0.00090   52.1823   1.96102   24.3605   5.68305   0.03076   34.0540   1.0000000
 26  1    54.0046   0.20950   1752.00   134.400   5.72194   0.00090   52.6299   1.37478   6.56221   5.70011   0.02183   24.1681   1.0000000
 27  1    54.7496   0.21000   1922.00   99.9000   5.70086   0.00060   55.3128   -0.5632   2.68206   5.70974   -0.0089   14.7442   1.0000000
 28  1    55.1827   0.24590   2205.00   94.9000   5.70538   0.00090   57.2845   -2.1017   8.54700   5.73902   -0.0336   37.2455   1.0000000
 29  1    46.5960   0.00000   300.000   1.00000   5.64907   0.00090   45.9535   0.64245       INF   5.63946   0.00961   10.6340   1.0000000
 30  1    58.9232   1.79250   2503.00   117.300   5.73699   0.00060   57.6831   1.24017   0.69187   5.71709   0.01991   33.0556   1.0000000
 31  1    55.5138   0.00000   2338.00   141.400   5.73970   0.00090   56.2009   -0.6871       INF   5.75096   -0.0113   12.4593   1.0000000
 32  1    56.5671   0.00000   2012.00   106.200   5.69604   0.00181   56.3392   0.22794       INF   5.69249   0.00355   1.96553   1.0000000
 33  1    59.7066   0.61530   2575.00   137.400   5.71742   0.00120   59.4769   0.22964   0.37322   5.71378   0.00364   3.02233   1.0000000
 34  1    63.4429   0.29990   3188.00   198.400   5.71832   0.00090   64.3161   -0.8732   2.91164   5.73224   -0.0139   15.4075   1.0000000
 35  1    65.6069   2.61630   3399.00   220.600   5.71320   0.00120   66.3268   -0.7199   0.27515   5.72459   -0.0114   9.44942   1.0000000
 36  1    59.9079   0.22430   2486.00   117.200   5.68189   0.00090   61.0432   -1.1353   5.06163   5.69944   -0.0176   19.4330   1.0000000
 37  1    58.8963   0.36830   2375.00   116.100   5.67286   0.00060   60.7470   -1.8507   5.02512   5.70139   -0.0285   47.3833   1.0000000
 38  1    54.4464   0.23860   1892.00   115.100   5.68731   0.00090   55.9428   -1.4964   6.27158   5.71075   -0.0234   25.9517   1.0000000
 39  1    52.9478   0.06230   1578.00   102.100   5.69393   0.00090   53.0115   -0.0636   1.02133   5.69493  -0.00099   1.10114   1.0000000
 40  1    52.8985   0.07230   1450.00   132.200   5.68339   0.00120   52.6695   0.22900   3.16736   5.67986   0.00354   2.93523   1.0000000
 41  1    51.9738   0.05400   1324.00   323.000   5.67707   0.00181   52.0759   -0.1021   1.89096   5.67864   -0.0016   0.86967   1.0000000
 42  1    72.2300   0.00000   300.000   1.00000   5.31665   0.00000   72.4559   -0.2259       INF   5.31904   -0.0024       INF   1.0000000
 43  1    78.8339   0.05200   1441.00   63.3000   5.37566   0.00120   76.0787   2.75513   52.9834   5.34533   0.03034   25.1882   1.0000000
 44  1    84.1469   0.20700   2104.00   58.2000   5.34134   0.00211   84.6089   -0.4620   2.23180   5.34632   -0.0050   2.36252   1.0000000
 45  1    85.4841   0.35210   2347.00   89.0000   5.34525   0.00271   86.2299   -0.7458   2.11822   5.35333   -0.0081   2.97930   1.0000000
 46  1    86.6027   0.15740   2496.00   103.800   5.34254   0.00151   87.6993   -1.0965   6.96655   5.35439   -0.0118   7.87087   1.0000000
 47  1    82.3967   0.09710   1797.00   68.8000   5.33712   0.00151   82.4956   -0.0989   1.01838   5.33818   -0.0011   0.70376   1.0000000
 48  1    81.7079   0.06020   1696.00   96.2000   5.33351   0.00181   82.0093   -0.3014   5.00739   5.33674   -0.0032   1.78552   1.0000000
 49  1    79.7560   0.08840   1448.00   134.500   5.34465   0.00151   78.9532   0.80275   9.08088   5.33600   0.00865   5.74662   1.0000000
 50  1    82.6819   0.29980   1934.00   69.9000   5.34766   0.00151   82.6353   0.04659   0.15541   5.34716   0.00050   0.33541   1.0000000
<-------------------------Observed Values---------------------------><----------------Calculated Values -------------------------------->
  N USE         P      esdP      T(K)      esdT       V      esd(V)      Pcal    deltaP delta/esd    V  cal    deltaV   delV/esd       Wt
              GPA                                  CM^3/MOL               GPa                       cm^3/mol
 51  1    83.2801   0.09740   2013.00   70.3000   5.34616   0.00211   83.4190   -0.1389   1.42640   5.34766   -0.0015   0.71285   1.0000000
 52  1    83.5977   0.10540   2084.00   66.4000   5.34917   0.00181   83.7203   -0.1226   1.16301   5.35050   -0.0013   0.73612   1.0000000
 53  1    83.8714   0.15820   2153.00   65.0000   5.35308   0.00181   83.9230   -0.0516   0.32586   5.35364  -0.00056   0.31065   1.0000000
 54  1    85.4040   0.28690   2409.00   76.8000   5.35880   0.00151   85.4879   -0.0839   0.29233   5.35972  -0.00092   0.60937   1.0000000
 55  1    85.4641   0.25650   2468.00   78.5000   5.36121   0.00241   85.7494   -0.2853   1.11232   5.36434   -0.0031   1.29995   1.0000000
 56  1    85.8086   0.33350   2596.00   95.6000   5.39343   0.00271   83.9009   1.90772   5.72031   5.37206   0.02136   7.88376   1.0000000
 57  1    85.5275   0.32540   2558.00   111.200   5.37265   0.00271   85.4454   0.08204   0.25212   5.37174   0.00091   0.33520   1.0000000
 58  1    83.3107   0.00000   300.000   1.00000   5.20463   0.00151   83.7228   -0.4121       INF   5.20850   -0.0039   2.56862   1.0000000
 59  1    95.5948   0.09650   2064.00   104.800   5.23535   0.00181   94.7181   0.87671   9.08507   5.22697   0.00838   4.63867   1.0000000
 60  1    94.2038   0.14490   1857.00   11.0000   5.23053   0.00120   93.5194   0.68434   4.72285   5.22401   0.00652   5.41517   1.0000000
 61  1    93.4916   0.05390   1766.00   87.0000   5.21849   0.00151   94.0389   -0.5472   10.1526   5.22367   -0.0052   3.44214   1.0000000
 62  1    92.2040   0.02230   1568.00   119.200   5.21758   0.00120   92.5079   -0.3039   13.6272   5.22046   -0.0029   2.38690   1.0000000
 63  1    98.4802   0.13650   2345.00   66.3000   5.21999   0.00120   98.6442   -0.1639   1.20108   5.22154   -0.0015   1.28550   1.0000000
 64  1    100.718   0.27910   2657.00   81.6000   5.22360   0.00151   100.832   -0.1136   0.40695   5.22468   -0.0011   0.71358   1.0000000
 65  1    97.5460   0.19860   2206.00   110.700   5.22601   0.00120   96.8637   0.68233   3.43572   5.21955   0.00646   5.36370   1.0000000
 66  1    97.1912   0.47720   2371.00   69.5000   5.22541   0.00120   98.2853   -1.0941   2.29274   5.23585   -0.0104   8.66474   1.0000000
 67  1    98.2704   0.17530   2555.00   62.2000   5.22752   0.00120   99.5784   -1.3080   7.46162   5.24003   -0.0125   10.3834   1.0000000
 68  1    97.8092   0.16180   2426.00   56.3000   5.22933   0.00090   98.3263   -0.5171   3.19600   5.23426   -0.0049   5.46505   1.0000000
 69  1    101.331   0.40420   2746.00   106.700   5.24017   0.00151   99.8278   1.50311   3.71872   5.22582   0.01435   9.52860   1.0000000
 70  1    102.535   0.25690   2889.00   141.600   5.22601   0.00120   102.489   0.04583   0.17840   5.22558   0.00043   0.36027   1.0000000
 71  1    103.666   0.28360   3028.00   130.200   5.22752   0.00151   103.475   0.19097   0.67338   5.22571   0.00181   1.20070   1.0000000
 72  1    104.055   0.35290   3054.00   114.200   5.21758   0.00120   104.744   -0.6884   1.95076   5.22406   -0.0065   5.37558   1.0000000
 73  1    104.941   0.38770   3227.00   98.9000   5.23806   0.00181   104.008   0.93254   2.40532   5.22917   0.00888   4.91738   1.0000000
 74  1    117.121   0.18290   1640.00   68.8000   5.02307   0.00120   116.030   1.09088   5.96436   5.01477   0.00830   6.89307   1.0000000
 75  1    116.611   0.16270   1564.00   131.600   5.01554   0.00120   116.386   0.22519   1.38408   5.01383   0.00171   1.41654   1.0000000
 76  1    119.974   0.39270   2044.00   69.8000   5.01976   0.00120   119.830   0.14320   0.36466   5.01867   0.00109   0.90424   1.0000000
 77  1    118.674   0.32560   1865.00   66.1000   5.01042   0.00090   119.571   -0.8968   2.75434   5.01720   -0.0068   7.50527   1.0000000
 78  1    117.367   0.07640   1702.00   76.3000   5.01193   0.00090   118.012   -0.6451   8.44396   5.01681   -0.0049   5.40698   1.0000000
 79  1    109.254   0.00000   300.000   1.00000   4.98422   0.00060   110.323   -1.0687       INF   4.99213   -0.0079   13.1202   1.0000000
 80  1    122.532   0.47160   2272.00   94.1000   5.00621   0.00090   123.530   -0.9972   2.11454   5.01370   -0.0075   8.29655   1.0000000
 81  1    124.211   0.58910   2590.00   85.5000   5.00590   0.00090   126.228   -2.0169   3.42367   5.02110   -0.0152   16.8217   1.0000000
 82  1    126.471   1.47550   2976.00   112.000   5.02337   0.00120   127.137   -0.6654   0.45096   5.02844   -0.0051   4.21202   1.0000000
 83  1    123.123   0.58340   2539.00   116.200   5.02156   0.00120   123.724   -0.6011   1.03035   5.02614   -0.0046   3.80344   1.0000000
 84  1    109.477   0.00000   300.000   1.00000   4.98934   0.00060   109.629   -0.1521       INF   4.99047   -0.0011   1.86946   1.0000000
 85  1    122.964   0.13940   1999.00   93.7000   4.99266   0.00090   123.072   -0.1072   0.76918   4.99345  -0.00079   0.87679   1.0000000
 86  1    124.821   0.24780   2240.00   83.8000   5.00079   0.00090   123.988   0.83228   3.35866   4.99461   0.00617   6.83224   1.0000000
 87  1    112.333   0.00000   300.000   1.00000   4.97308   0.00090   111.846   0.48724       INF   4.96955   0.00354   3.91522   1.0000000
 88  1    112.302   0.00000   300.000   1.00000   4.97188   0.00060   112.011   0.29050       INF   4.96977   0.00211   3.49820   1.0000000
 89  1    75.8024   0.00000   300.000   1.00000   5.27750   0.00120   76.2398   -0.4375       INF   5.28195   -0.0044   3.68863   1.0000000
 90  1    77.0708   0.00000   300.000   1.00000   5.27509   0.00090   76.4780   0.59284       INF   5.26912   0.00597   6.60947   1.0000000
 91  1    82.6005   0.00000   1495.00   0.00000   5.33863   0.00090   79.8939   2.70667       INF   5.30996   0.02867   31.7367   1.0000000
 92  1    93.5146   0.07130   1988.00   89.5000   5.24890   0.00090   92.6929   0.82170   11.5246   5.24092   0.00797   8.82759   1.0000000
 93  1    93.9439   0.18090   2034.00   69.8000   5.24799   0.00120   93.1636   0.78027   4.31324   5.24043   0.00756   6.28061   1.0000000
 94  1    91.1763   0.10920   1577.00   124.000   5.23836   0.00090   90.4063   0.77002   7.05146   5.23095   0.00741   8.19942   1.0000000
 95  1    90.6823   0.06760   1424.00   104.700   5.22902   0.00090   90.1232   0.55904   8.26988   5.22369   0.00533   5.90477   1.0000000
 96  1    92.5009   0.12590   1677.00   111.900   5.23685   0.00120   91.3826   1.11835   8.88282   5.22614   0.01072   8.89714   1.0000000
 97  1    92.6279   0.12640   1848.00   95.1000   5.24559   0.00090   91.8839   0.74395   5.88568   5.23838   0.00720   7.97402   1.0000000
 98  1    94.2369   0.25380   2117.00   83.3000   5.25251   0.00090   93.3824   0.85451   3.36685   5.24419   0.00832   9.20818   1.0000000
 99  1    94.9683   0.20250   2247.00   101.400   5.25221   0.00090   94.4812   0.48718   2.40584   5.24746   0.00475   5.25443   1.0000000
100  1    94.5121   0.19460   2254.00   80.6000   5.25853   0.00090   93.8934   0.61866   3.17914   5.25247   0.00606   6.71294   1.0000000
<-------------------------Observed Values---------------------------><----------------Calculated Values -------------------------------->
  N USE         P      esdP      T(K)      esdT       V      esd(V)      Pcal    deltaP delta/esd    V  cal    deltaV   delV/esd       Wt
              GPA                                  CM^3/MOL               GPa                       cm^3/mol
101  1    93.5461   0.16150   2315.00   73.2000   5.26275   0.00090   93.9667   -0.4206   2.60434   5.26691   -0.0042   4.60831   1.0000000
102  1    93.4820   0.29150   2421.00   65.9000   5.26606   0.00120   94.5023   -1.0203   3.50034   5.27622   -0.0102   8.43512   1.0000000
103  1    93.5658   0.23060   2522.00   72.3000   5.27449   0.00120   94.4840   -0.9182   3.98161   5.28371   -0.0092   7.65083   1.0000000
104  1    97.4689   0.29890   2812.00   141.400   5.26907   0.00120   97.4103   0.05857   0.19595   5.26849   0.00058   0.48181   1.0000000
105  1    82.2444   0.00000   300.000   1.00000   5.23113   0.00090   80.9335   1.31087       INF   5.21859   0.01255   13.8904   1.0000000
106  1    84.1094   0.00000   300.000   1.00000   5.19349   0.00181   84.9196   -0.8102       INF   5.20102   -0.0075   4.16701   1.0000000
107  1    86.7596   0.00000   300.000   1.00000   5.16940   0.00120   87.5574   -0.7978       INF   5.17663   -0.0072   5.99477   1.0000000
108  1    94.4048   0.11910   1570.00   112.400   5.18687   0.00120   95.8306   -1.4257   11.9708   5.19999   -0.0131   10.8929   1.0000000
109  1    95.6399   0.08420   1774.00   73.6000   5.18898   0.00151   97.2794   -1.6395   19.4717   5.20410   -0.0151   10.0449   1.0000000
110  1    94.5493   0.00000   1942.00   81.2000   5.23505   0.00120   93.7466   0.80262       INF   5.22737   0.00768   6.37444   1.0000000
111  1    93.4085   0.21520   2032.00   86.6000   5.24589   0.00120   93.3638   0.04475   0.20793   5.24545   0.00043   0.35988   1.0000000
112  1    97.0501   0.21240   1937.00   87.5000   5.20614   0.00151   96.7621   0.28793   1.35562   5.20346   0.00268   1.77808   1.0000000
113  1    94.8120   0.33470   2187.00   104.500   5.25010   0.00120   94.2041   0.60786   1.81612   5.24419   0.00591   4.90485   1.0000000
114  1    84.5603   0.00000   300.000   1.00000   5.18687   0.00120   85.6381   -1.0778       INF   5.19683   -0.0100   8.26567   1.0000000
115  1    98.4422   0.00000   2486.00   125.000   5.20343   0.00241   101.579   -3.1363       INF   5.23293   -0.0295   12.2471   1.0000000
116  1    98.3588   0.00000   2262.00   107.000   5.22391   0.00151   97.5467   0.81214       INF   5.21624   0.00766   5.09037   1.0000000
117  1    97.9624   0.23310   2238.00   137.000   5.21909   0.00181   97.8588   0.10359   0.44441   5.21811   0.00098   0.54028   1.0000000
118  1    89.5790   0.00000   300.000   1.00000   5.14592   0.00060   90.1964   -0.6174       INF   5.15136   -0.0054   9.03372   1.0000000
119  1    99.9535   0.00000   300.000   1.00000   5.07245   0.00060   98.9009   1.05254       INF   5.06395   0.00850   14.1108   1.0000000
120  1    101.860   0.00000   300.000   1.00000   5.06462   0.00060   99.8703   1.98924       INF   5.04876   0.01586   26.3307   1.0000000
121  1    110.079   0.22800   1735.00   69.4000   5.07456   0.00060   110.269   -0.1897   0.83197   5.07609   -0.0015   2.54962   1.0000000
122  1    111.624   0.15890   1975.00   102.400   5.08479   0.00090   111.001   0.62317   3.92177   5.07972   0.00508   5.61866   1.0000000
123  1    110.372   0.20610   1860.00   85.2000   5.08389   0.00120   110.157   0.21548   1.04553   5.08213   0.00176   1.45811   1.0000000
124  1    116.550   0.33830   1810.00   81.0000   5.02728   0.00090   116.895   -0.3444   1.01805   5.02993   -0.0026   2.93127   1.0000000
125  1    106.644   0.00000   300.000   1.00000   5.01072   0.00090   106.775   -0.1309       INF   5.01172  -0.00099   1.09956   1.0000000
126  1    120.399   1.02570   2326.00   1.00000   5.04324   0.00090   119.130   1.26905   1.23725   5.03341   0.00984   10.8879   1.0000000
127  1    118.493   0.38600   2273.00   64.8000   5.05077   0.00060   117.727   0.76671   1.98629   5.04476   0.00601   9.97281   1.0000000
128  1    119.244   0.60390   2445.00   83.8000   5.05559   0.00120   118.548   0.69675   1.15375   5.05010   0.00548   4.55328   1.0000000
129  1    119.073   0.80370   2430.00   92.8000   5.05258   0.00090   118.805   0.26863   0.33424   5.05047   0.00211   2.33741   1.0000000
130  1    107.122   0.00000   300.000   1.00000   5.00410   0.00060   107.652   -0.5303       INF   5.00810   -0.0040   6.64009   1.0000000
131  1    123.453   0.10270   2386.00   97.8000   5.01885   0.00090   122.803   0.64991   6.32824   5.01394   0.00492   5.44182   1.0000000

  FITTING STATISTICS FOR 2 PARAMETERS FITTED TO 131 DATA:
      MAXIMUM DELTA-PRESSURE=-3.136


CORRELATION COEFFICIENTS (IN %)
  VARIABLE      Gamm0     q
    Gamm0:     100.0      98.6
    q    :      98.6     100.0


  VARIANCE-COVARIANCE MATRIX NOT RESCALED
  VARIABLE     Gamm0     q
    Gamm0:   0.00156   0.00566
    q    :   0.00566   0.02117

 UPDATE EOS PARAMETERS (Y/N)?y
                                       FURTHER CALCULATIONS (Y/N)?n

EOSFIT-7.6>save /Users/clemens/Programming/peritheos/docs/data/miozzi-2020-eosfit-n2-author-volume/speziale_variable_q_debye-unit-theta_fixed/stage2.eos
 
 
  EOS Information
-------------------
 
    Title: 
Eos Saved:  3-OCT-2026 at 14:09
 
   System: 
    Class: Volume
   Pscale: GPa
   Vscale: cm^3/mol
   Stoichiometry:            1.000
 
  Compressibility
-------------------
 
    Model: Birch-Murnaghan
    Order:  3
   Pressure of reference:    0.000
 
      V0:  6.86713           :Reference pressure volume: units are cm^3/mol
      K0:  128.509           :Bulk modulus: units are GPa
      Kp:  6.28689           :dK/dP: dimensionless
     Kpp: -0.0888            :d2K/dP2: units are inverse GPa [IMPLIED VALUE]
 
 
  Thermal Expansion
-------------------
 
   Model: Mie-Gruneisen-Debye
 
   Temperature of reference:   300.00 K
 
   ThMGD:  420.000           :Debye temperature in K
   Natom:  2.00000           :Number of atoms per formula unit [FIXED VALUE]
   Gamm0:  1.03(4)           :Gruneisen parameter at Tref,Pref
       q:  0.65(15)          :Gruneisen power law in V/V0
 
  Scale factors for data groups
---------------------------------
   Sca 1:  1.00000           :Scale factor for data group 1 [FIXED VALUE]
 

      Do you want to save this EoS to file (Y/N) <Y>?y




     Eos parameters written to file /Users/clemens/Programming/peritheos/docs/data/miozzi-2020-eosfit-n2-author-volume/speziale_variable_q_debye-unit-theta_fixed/stage2.eos


EOSFIT-7.6>fit
     131 data for V will be used in least-squares
 
 
  EOS Information
-------------------
 
    Title: 
Eos Saved:  3-OCT-2026 at 14:09
 
   System: 
    Class: Volume
   Pscale: GPa
   Vscale: cm^3/mol
   Stoichiometry:            1.000
 
  Compressibility
-------------------
 
    Model: Birch-Murnaghan
    Order:  3
   Pressure of reference:    0.000
 
      V0:  6.86713           :Reference pressure volume: units are cm^3/mol
      K0:  128.509           :Bulk modulus: units are GPa
      Kp:  6.28689           :dK/dP: dimensionless
     Kpp: -0.0888            :d2K/dP2: units are inverse GPa [IMPLIED VALUE]
 
 
  Thermal Expansion
-------------------
 
   Model: Mie-Gruneisen-Debye
 
   Temperature of reference:   300.00 K
 
   ThMGD:  420.000           :Debye temperature in K
   Natom:  2.00000           :Number of atoms per formula unit [FIXED VALUE]
   Gamm0:  1.03(4)           :Gruneisen parameter at Tref,Pref
       q:  0.65(15)          :Gruneisen power law in V/V0
 
  Scale factors for data groups
---------------------------------
   Sca 1:  1.00000           :Scale factor for data group 1 [FIXED VALUE]
 
    Do you want to change these EoS parameters or the EoS type? (Y/N) <N>?n

 SELECT PARAMETERS TO REFINE IN LEAST-SQUARES FIT:
           REFINE V0     (Y/N)?y
           REFINE K0     (Y/N)?y
           REFINE Kp     (Y/N)?y
     Parameters for thermal model
           REFINE ThMGD  (Y/N)?n
           REFINE Gamm0  (Y/N)?y
           REFINE q      (Y/N)?y

 SELECT WEIGHTING SCHEME:
     SIGMAS FOR P   PRESENT, USE IN WEIGHTS (Y/N)?n
     SIGMAS FOR T   PRESENT, USE IN WEIGHTS (Y/N)?n
     SIGMAS FOR V   PRESENT, USE IN WEIGHTS (Y/N)?n

     EQUATION FITTED WITH UNIT WEIGHTS FOR ALL DATA




   RESULTS FROM CYCLE  1
 PARA REF          NEW            SHIFT            E.S.D.       SHIFT/ERROR
 V0      1         6.83604         -0.03110          0.03367          -0.92
 K0      1       138.94643         10.43754          8.83276           1.18
 Kp      1         5.86302         -0.42387          0.32368          -1.31
 Kpp     0        -0.06638  [IMPLIED VALUE]
     Parameters for thermal model
 ThMGD   0       420.00000  [NOT REFINED]
 Natom   0         2.00000  [FIXED VALUE]
 Gamm0   1         0.97279         -0.06008          0.06133          -0.98
 q       1         0.50568         -0.14456          0.21989          -0.66
     Dataset scale factors
 Sca 1   0         1.00000  [FIXED VALUE]
  REFERENCE TEMPERATURE = 300.00
  UNIT WEIGHTS USED: NO W-CHI^2 CALCULATED


   RESULTS FROM CYCLE  2
 PARA REF          NEW            SHIFT            E.S.D.       SHIFT/ERROR
 V0      1         6.83808          0.00204          0.03132           0.07
 K0      1       138.71681         -0.22961          8.81623          -0.03
 Kp      1         5.89336          0.03034          0.28939           0.10
 Kpp     0        -0.06753  [IMPLIED VALUE]
     Parameters for thermal model
 ThMGD   0       420.00000  [NOT REFINED]
 Natom   0         2.00000  [FIXED VALUE]
 Gamm0   1         0.97443          0.00164          0.06081           0.03
 q       1         0.50272         -0.00296          0.23598          -0.01
     Dataset scale factors
 Sca 1   0         1.00000  [FIXED VALUE]
  REFERENCE TEMPERATURE = 300.00
  UNIT WEIGHTS USED: NO W-CHI^2 CALCULATED


   RESULTS FROM CYCLE  3
 PARA REF          NEW            SHIFT            E.S.D.       SHIFT/ERROR
 V0      1         6.83808         -0.00000          0.02975          -0.00
 K0      1       138.71637         -0.00045          8.36654          -0.00
 Kp      1         5.89337          0.00001          0.27576           0.00
 Kpp     0        -0.06753  [IMPLIED VALUE]
     Parameters for thermal model
 ThMGD   0       420.00000  [NOT REFINED]
 Natom   0         2.00000  [FIXED VALUE]
 Gamm0   1         0.97443         -0.00000          0.05756          -0.00
 q       1         0.50272         -0.00000          0.22274          -0.00
     Dataset scale factors
 Sca 1   0         1.00000  [FIXED VALUE]
  REFERENCE TEMPERATURE = 300.00
  UNIT WEIGHTS USED: NO W-CHI^2 CALCULATED


***********************MESSAGE FROM LEAST SQUARES***********************
Least Squares converged, indicated by small shift/esd
************************************************************************



   RESULTS AFTER FINAL REFINEMENT CYCLE
 PARA REF          NEW            SHIFT            E.S.D.       SHIFT/ERROR
 V0      1         6.83808         -0.00000          0.02975          -0.00
 K0      1       138.71637         -0.00045          8.36654          -0.00
 Kp      1         5.89337          0.00001          0.27576           0.00
 Kpp     0        -0.06753  [IMPLIED VALUE]
     Parameters for thermal model
 ThMGD   0       420.00000  [NOT REFINED]
 Natom   0         2.00000  [FIXED VALUE]
 Gamm0   1         0.97443         -0.00000          0.05756          -0.00
 q       1         0.50272         -0.00000          0.22274          -0.00
     Dataset scale factors
 Sca 1   0         1.00000  [FIXED VALUE]
  REFERENCE TEMPERATURE = 300.00
  UNIT WEIGHTS USED: NO W-CHI^2 CALCULATED

 INPUT <CR> TO CONTINUE

  THE 131 LOADED DATA ARE AS FOLLOWS:
<-------------------------Observed Values---------------------------><----------------Calculated Values -------------------------------->
  N USE         P      esdP      T(K)      esdT       V      esd(V)      Pcal    deltaP delta/esd    V  cal    deltaV   delV/esd       Wt
              GPA                                  CM^3/MOL               GPa                       cm^3/mol
  1  1    10.7000   0.20000   298.000   1.00000   6.41749   0.00030   10.5988   0.10116   0.50582   6.41423   0.00327   10.8573   1.0000000
  2  1    11.4000   0.20000   298.000   1.00000   6.39220   0.00060   11.3903   0.00973   0.04863   6.39190   0.00031   0.50834   1.0000000
  3  1    12.0000   0.20000   298.000   1.00000   6.37624   0.00030   11.9000   0.09997   0.49987   6.37314   0.00310   10.2982   1.0000000
  4  1    14.3000   0.20000   298.000   1.00000   6.31120   0.00030   14.0633   0.23667   1.18337   6.30434   0.00687   22.8072   1.0000000
  5  1    16.0000   0.20000   298.000   1.00000   6.25971   0.00030   15.8782   0.12182   0.60908   6.25635   0.00336   11.1676   1.0000000
  6  1    17.4000   0.20000   298.000   1.00000   6.22057   0.00030   17.3216   0.07841   0.39203   6.21849   0.00208   6.92039   1.0000000
  7  1    18.9000   0.20000   298.000   1.00000   6.18654   0.00060   18.6228   0.27719   1.38595   6.17944   0.00710   11.7908   1.0000000
  8  1    20.5000   0.20000   298.000   1.00000   6.14258   0.00030   20.3708   0.12918   0.64590   6.13941   0.00317   10.5374   1.0000000
  9  1    21.7000   0.20000   298.000   1.00000   6.10976   0.00030   21.7268   -0.0268   0.13408   6.11040  -0.00064   2.11887   1.0000000
 10  1    22.8000   0.20000   298.000   1.00000   6.08236   0.00030   22.8935   -0.0935   0.46728   6.08453   -0.0022   7.19752   1.0000000
 11  1    24.3000   0.20000   298.000   1.00000   6.04533   0.00060   24.5219   -0.2219   1.10973   6.05029   -0.0050   8.24825   1.0000000
 12  1    25.7000   0.20000   298.000   1.00000   6.00648   0.00030   26.2960   -0.5960   2.98023   6.01937   -0.0129   42.7845   1.0000000
 13  1    28.1000   0.20000   298.000   1.00000   5.95048   0.00241   28.9787   -0.8787   4.39372   5.96848   -0.0180   7.47307   1.0000000
 14  1    29.4000   0.20000   298.000   1.00000   5.92850   0.00060   30.0736   -0.6736   3.36782   5.94196   -0.0135   22.3606   1.0000000
 15  1    30.8000   0.20000   298.000   1.00000   5.89658   0.00060   31.7069   -0.9069   4.53469   5.91418   -0.0176   29.2177   1.0000000
 16  1    40.2150   0.00000   300.000   1.00000   5.73699   0.00060   40.7246   -0.5096       INF   5.74537   -0.0084   13.9097   1.0000000
 17  1    46.9819   0.17530   1759.00   47.1000   5.80203   0.00181   47.8867   -0.9048   5.16140   5.81773   -0.0157   8.69140   1.0000000
 18  1    40.4073   0.00000   300.000   1.00000   5.74091   0.00120   40.4860   -0.0787       INF   5.74220   -0.0013   1.07369   1.0000000
 19  1    51.9173   0.00000   2038.00   51.9700   5.77373   0.00120   51.7040   0.21325       INF   5.77017   0.00355   2.94948   1.0000000
 20  1    52.4192   0.00000   2117.00   80.2700   5.79782   0.00090   50.8856   1.53355       INF   5.77196   0.02586   28.6228   1.0000000
 21  1    44.6724   0.00000   300.000   1.00000   5.68520   0.00030   43.9735   0.69885       INF   5.67441   0.01079   35.8419   1.0000000
 22  1    51.6111   0.19390   1818.00   45.4000   5.74934   0.00181   51.4844   0.12672   0.65352   5.74727   0.00207   1.14363   1.0000000
 23  1    50.7362   0.19780   1485.00   65.4000   5.75988   0.00120   48.2758   2.46048   12.4392   5.71995   0.03993   33.1510   1.0000000
 24  1    52.4196   0.02980   1519.00   56.8000   5.71772   0.00060   51.1392   1.28036   42.9650   5.69761   0.02011   33.3921   1.0000000
 25  1    54.1433   0.08050   1632.00   167.600   5.71381   0.00090   52.2604   1.88290   23.3901   5.68452   0.02928   32.4187   1.0000000
 26  1    54.0046   0.20950   1752.00   134.400   5.72194   0.00090   52.6754   1.32919   6.34458   5.70103   0.02090   23.1419   1.0000000
 27  1    54.7496   0.21000   1922.00   99.9000   5.70086   0.00060   55.3337   -0.5841   2.78162   5.70998   -0.0091   15.1370   1.0000000
 28  1    55.1827   0.24590   2205.00   94.9000   5.70538   0.00090   57.2385   -2.0558   8.36018   5.73788   -0.0325   35.9839   1.0000000
 29  1    46.5960   0.00000   300.000   1.00000   5.64907   0.00090   46.3437   0.25230       INF   5.64530   0.00377   4.17229   1.0000000
 30  1    58.9232   1.79250   2503.00   117.300   5.73699   0.00060   57.5445   1.37870   0.76915   5.71516   0.02183   36.2473   1.0000000
 31  1    55.5138   0.00000   2338.00   141.400   5.73970   0.00090   56.0986   -0.5849       INF   5.74915   -0.0094   10.4582   1.0000000
 32  1    56.5671   0.00000   2012.00   106.200   5.69604   0.00181   56.3431   0.22403       INF   5.69259   0.00345   1.91169   1.0000000
 33  1    59.7066   0.61530   2575.00   137.400   5.71742   0.00120   59.3378   0.36882   0.59941   5.71165   0.00577   4.79043   1.0000000
 34  1    63.4429   0.29990   3188.00   198.400   5.71832   0.00090   64.0359   -0.5929   1.97708   5.72761   -0.0093   10.2850   1.0000000
 35  1    65.6069   2.61630   3399.00   220.600   5.71320   0.00120   66.0031   -0.3961   0.15142   5.71936   -0.0062   5.10913   1.0000000
 36  1    59.9079   0.22430   2486.00   117.200   5.68189   0.00090   60.9513   -1.0434   4.65165   5.69783   -0.0159   17.6409   1.0000000
 37  1    58.8963   0.36830   2375.00   116.100   5.67286   0.00060   60.6861   -1.7898   4.85967   5.70013   -0.0273   45.2913   1.0000000
 38  1    54.4464   0.23860   1892.00   115.100   5.68731   0.00090   55.9792   -1.5328   6.42401   5.71108   -0.0238   26.3191   1.0000000
 39  1    52.9478   0.06230   1578.00   102.100   5.69393   0.00090   53.1137   -0.1659   2.66214   5.69650   -0.0026   2.84575   1.0000000
 40  1    52.8985   0.07230   1450.00   132.200   5.68339   0.00120   52.8059   0.09251   1.27959   5.68198   0.00142   1.17702   1.0000000
 41  1    51.9738   0.05400   1324.00   323.000   5.67707   0.00181   52.2434   -0.2696   4.99287   5.68119   -0.0041   2.28199   1.0000000
 42  1    72.2300   0.00000   300.000   1.00000   5.31665   0.00000   72.8136   -0.5836       INF   5.32287   -0.0062       INF   1.0000000
 43  1    78.8339   0.05200   1441.00   63.3000   5.37566   0.00120   76.2909   2.54298   48.9034   5.34758   0.02809   23.3187   1.0000000
 44  1    84.1469   0.20700   2104.00   58.2000   5.34134   0.00211   84.7137   -0.5668   2.73818   5.34746   -0.0061   2.90231   1.0000000
 45  1    85.4841   0.35210   2347.00   89.0000   5.34525   0.00271   86.2976   -0.8135   2.31040   5.35406   -0.0088   3.25098   1.0000000
 46  1    86.6027   0.15740   2496.00   103.800   5.34254   0.00151   87.7440   -1.1412   7.25049   5.35487   -0.0123   8.19140   1.0000000
 47  1    82.3967   0.09710   1797.00   68.8000   5.33712   0.00151   82.6469   -0.2501   2.57616   5.33981   -0.0027   1.78695   1.0000000
 48  1    81.7079   0.06020   1696.00   96.2000   5.33351   0.00181   82.1752   -0.4674   7.76361   5.33853   -0.0050   2.77713   1.0000000
 49  1    79.7560   0.08840   1448.00   134.500   5.34465   0.00151   79.1592   0.59682   6.75141   5.33819   0.00646   4.28779   1.0000000
 50  1    82.6819   0.29980   1934.00   69.9000   5.34766   0.00151   82.7669   -0.0850   0.28362   5.34858  -0.00092   0.61286   1.0000000
<-------------------------Observed Values---------------------------><----------------Calculated Values -------------------------------->
  N USE         P      esdP      T(K)      esdT       V      esd(V)      Pcal    deltaP delta/esd    V  cal    deltaV   delV/esd       Wt
              GPA                                  CM^3/MOL               GPa                       cm^3/mol
 51  1    83.2801   0.09740   2013.00   70.3000   5.34616   0.00211   83.5383   -0.2582   2.65086   5.34895   -0.0028   1.32752   1.0000000
 52  1    83.5977   0.10540   2084.00   66.4000   5.34917   0.00181   83.8288   -0.2310   2.19211   5.35168   -0.0025   1.38909   1.0000000
 53  1    83.8714   0.15820   2153.00   65.0000   5.35308   0.00181   84.0209   -0.1495   0.94499   5.35471   -0.0016   0.90213   1.0000000
 54  1    85.4040   0.28690   2409.00   76.8000   5.35880   0.00151   85.5457   -0.1417   0.49404   5.36035   -0.0016   1.02967   1.0000000
 55  1    85.4641   0.25650   2468.00   78.5000   5.36121   0.00241   85.7979   -0.3338   1.30122   5.36487   -0.0037   1.52027   1.0000000
 56  1    85.8086   0.33350   2596.00   95.6000   5.39343   0.00271   83.9252   1.88345   5.64754   5.37237   0.02106   7.77273   1.0000000
 57  1    85.5275   0.32540   2558.00   111.200   5.37265   0.00271   85.4787   0.04874   0.14980   5.37211   0.00054   0.19918   1.0000000
 58  1    83.3107   0.00000   300.000   1.00000   5.20463   0.00151   83.9989   -0.6882       INF   5.21116   -0.0065   4.33277   1.0000000
 59  1    95.5948   0.09650   2064.00   104.800   5.23535   0.00181   94.8021   0.79274   8.21492   5.22773   0.00761   4.21426   1.0000000
 60  1    94.2038   0.14490   1857.00   11.0000   5.23053   0.00120   93.6281   0.57568   3.97292   5.22501   0.00552   4.57981   1.0000000
 61  1    93.4916   0.05390   1766.00   87.0000   5.21849   0.00151   94.1529   -0.6613   12.2683   5.22478   -0.0063   4.18327   1.0000000
 62  1    92.2040   0.02230   1568.00   119.200   5.21758   0.00120   92.6463   -0.4423   19.8330   5.22179   -0.0042   3.49622   1.0000000
 63  1    98.4802   0.13650   2345.00   66.3000   5.21999   0.00120   98.6854   -0.2052   1.50330   5.22194   -0.0019   1.61529   1.0000000
 64  1    100.718   0.27910   2657.00   81.6000   5.22360   0.00151   100.834   -0.1163   0.41660   5.22471   -0.0011   0.73321   1.0000000
 65  1    97.5460   0.19860   2206.00   110.700   5.22601   0.00120   96.9252   0.62083   3.12605   5.22011   0.00590   4.90128   1.0000000
 66  1    97.1912   0.47720   2371.00   69.5000   5.22541   0.00120   98.3253   -1.1341   2.37666   5.23627   -0.0109   9.01670   1.0000000
 67  1    98.2704   0.17530   2555.00   62.2000   5.22752   0.00120   99.5956   -1.3252   7.55963   5.24023   -0.0127   10.5544   1.0000000
 68  1    97.8092   0.16180   2426.00   56.3000   5.22933   0.00090   98.3607   -0.5516   3.40913   5.23461   -0.0053   5.85145   1.0000000
 69  1    101.331   0.40420   2746.00   106.700   5.24017   0.00151   99.8238   1.50713   3.72866   5.22574   0.01442   9.57959   1.0000000
 70  1    102.535   0.25690   2889.00   141.600   5.22601   0.00120   102.462   0.07236   0.28168   5.22533   0.00069   0.56970   1.0000000
 71  1    103.666   0.28360   3028.00   130.200   5.22752   0.00151   103.431   0.23499   0.82858   5.22529   0.00223   1.48131   1.0000000
 72  1    104.055   0.35290   3054.00   114.200   5.21758   0.00120   104.694   -0.6384   1.80911   5.22360   -0.0060   4.99709   1.0000000
 73  1    104.941   0.38770   3227.00   98.9000   5.23806   0.00181   103.940   1.00039   2.58032   5.22852   0.00954   5.28214   1.0000000
 74  1    117.121   0.18290   1640.00   68.8000   5.02307   0.00120   115.967   1.15417   6.31041   5.01419   0.00888   7.37291   1.0000000
 75  1    116.611   0.16270   1564.00   131.600   5.01554   0.00120   116.318   0.29337   1.80315   5.01329   0.00225   1.86668   1.0000000
 76  1    119.974   0.39270   2044.00   69.8000   5.01976   0.00120   119.729   0.24405   0.62146   5.01788   0.00187   1.55550   1.0000000
 77  1    118.674   0.32560   1865.00   66.1000   5.01042   0.00090   119.471   -0.7971   2.44822   5.01651   -0.0061   6.74303   1.0000000
 78  1    117.367   0.07640   1702.00   76.3000   5.01193   0.00090   117.928   -0.5605   7.33660   5.01622   -0.0043   4.74926   1.0000000
 79  1    109.254   0.00000   300.000   1.00000   4.98422   0.00060   110.286   -1.0324       INF   4.99197   -0.0077   12.8597   1.0000000
 80  1    122.532   0.47160   2272.00   94.1000   5.00621   0.00090   123.392   -0.8596   1.82277   5.01273   -0.0065   7.22233   1.0000000
 81  1    124.211   0.58910   2590.00   85.5000   5.00590   0.00090   126.065   -1.8540   3.14713   5.02000   -0.0141   15.6023   1.0000000
 82  1    126.471   1.47550   2976.00   112.000   5.02337   0.00120   126.964   -0.4926   0.33386   5.02715   -0.0038   3.14308   1.0000000
 83  1    123.123   0.58340   2539.00   116.200   5.02156   0.00120   123.585   -0.4621   0.79213   5.02512   -0.0036   2.94988   1.0000000
 84  1    109.477   0.00000   300.000   1.00000   4.98934   0.00060   109.603   -0.1257       INF   4.99029  -0.00095   1.57015   1.0000000
 85  1    122.964   0.13940   1999.00   93.7000   4.99266   0.00090   122.935   0.02893   0.20754   4.99244   0.00022   0.23965   1.0000000
 86  1    124.821   0.24780   2240.00   83.8000   5.00079   0.00090   123.846   0.97479   3.93379   4.99348   0.00730   8.08487   1.0000000
 87  1    112.333   0.00000   300.000   1.00000   4.97308   0.00090   111.787   0.54585       INF   4.96907   0.00402   4.44890   1.0000000
 88  1    112.302   0.00000   300.000   1.00000   4.97188   0.00060   111.950   0.35143       INF   4.96929   0.00259   4.29476   1.0000000
 89  1    75.8024   0.00000   300.000   1.00000   5.27750   0.00120   76.5741   -0.7717       INF   5.28541   -0.0079   6.56170   1.0000000
 90  1    77.0708   0.00000   300.000   1.00000   5.27509   0.00090   76.8105   0.26025       INF   5.27245   0.00265   2.92810   1.0000000
 91  1    82.6005   0.00000   1495.00   0.00000   5.33863   0.00090   80.0913   2.50919       INF   5.31195   0.02668   29.5339   1.0000000
 92  1    93.5146   0.07130   1988.00   89.5000   5.24890   0.00090   92.7927   0.72195   10.1255   5.24186   0.00704   7.79138   1.0000000
 93  1    93.9439   0.18090   2034.00   69.8000   5.24799   0.00120   93.2568   0.68710   3.79825   5.24130   0.00669   5.55532   1.0000000
 94  1    91.1763   0.10920   1577.00   124.000   5.23836   0.00090   90.5553   0.62103   5.68704   5.23235   0.00601   6.65118   1.0000000
 95  1    90.6823   0.06760   1424.00   104.700   5.22902   0.00090   90.2868   0.39549   5.85048   5.22523   0.00380   4.20502   1.0000000
 96  1    92.5009   0.12590   1677.00   111.900   5.23685   0.00120   91.5179   0.98304   7.80810   5.22738   0.00947   7.86541   1.0000000
 97  1    92.6279   0.12640   1848.00   95.1000   5.24559   0.00090   92.0008   0.62709   4.96116   5.23948   0.00610   6.75411   1.0000000
 98  1    94.2369   0.25380   2117.00   83.3000   5.25251   0.00090   93.4662   0.77074   3.03682   5.24498   0.00753   8.33931   1.0000000
 99  1    94.9683   0.20250   2247.00   101.400   5.25221   0.00090   94.5473   0.42102   2.07911   5.24809   0.00412   4.55711   1.0000000
100  1    94.5121   0.19460   2254.00   80.6000   5.25853   0.00090   93.9607   0.55141   2.83354   5.25311   0.00542   6.00348   1.0000000
<-------------------------Observed Values---------------------------><----------------Calculated Values -------------------------------->
  N USE         P      esdP      T(K)      esdT       V      esd(V)      Pcal    deltaP delta/esd    V  cal    deltaV   delV/esd       Wt
              GPA                                  CM^3/MOL               GPa                       cm^3/mol
101  1    93.5461   0.16150   2315.00   73.2000   5.26275   0.00090   94.0269   -0.4808   2.97712   5.26752   -0.0048   5.28293   1.0000000
102  1    93.4820   0.29150   2421.00   65.9000   5.26606   0.00120   94.5488   -1.0668   3.65986   5.27671   -0.0107   8.84250   1.0000000
103  1    93.5658   0.23060   2522.00   72.3000   5.27449   0.00120   94.5183   -0.9525   4.13049   5.28407   -0.0096   7.95449   1.0000000
104  1    97.4689   0.29890   2812.00   141.400   5.26907   0.00120   97.4036   0.06534   0.21860   5.26842   0.00065   0.53922   1.0000000
105  1    82.2444   0.00000   300.000   1.00000   5.23113   0.00090   81.2328   1.01160       INF   5.22136   0.00978   10.8224   1.0000000
106  1    84.1094   0.00000   300.000   1.00000   5.19349   0.00181   85.1851   -1.0757       INF   5.20359   -0.0101   5.58884   1.0000000
107  1    86.7596   0.00000   300.000   1.00000   5.16940   0.00120   87.7981   -1.0385       INF   5.17891   -0.0095   7.88837   1.0000000
108  1    94.4048   0.11910   1570.00   112.400   5.18687   0.00120   95.9484   -1.5436   12.9606   5.20117   -0.0143   11.8767   1.0000000
109  1    95.6399   0.08420   1774.00   73.6000   5.18898   0.00151   97.3743   -1.7344   20.5989   5.20508   -0.0161   10.6945   1.0000000
110  1    94.5493   0.00000   1942.00   81.2000   5.23505   0.00120   93.8464   0.70287       INF   5.22829   0.00676   5.60955   1.0000000
111  1    93.4085   0.21520   2032.00   86.6000   5.24589   0.00120   93.4565   -0.0479   0.22264   5.24635  -0.00047   0.38759   1.0000000
112  1    97.0501   0.21240   1937.00   87.5000   5.20614   0.00151   96.8478   0.20224   0.95217   5.20425   0.00189   1.25644   1.0000000
113  1    94.8120   0.33470   2187.00   104.500   5.25010   0.00120   94.2776   0.53442   1.59672   5.24489   0.00521   4.32802   1.0000000
114  1    84.5603   0.00000   300.000   1.00000   5.18687   0.00120   85.8970   -1.3367       INF   5.19935   -0.0125   10.3584   1.0000000
115  1    98.4422   0.00000   2486.00   125.000   5.20343   0.00241   101.595   -3.1526       INF   5.23320   -0.0298   12.3587   1.0000000
116  1    98.3588   0.00000   2262.00   107.000   5.22391   0.00151   97.6002   0.75857       INF   5.21671   0.00719   4.77618   1.0000000
117  1    97.9624   0.23310   2238.00   137.000   5.21909   0.00181   97.9132   0.04926   0.21131   5.21862   0.00047   0.25787   1.0000000
118  1    89.5790   0.00000   300.000   1.00000   5.14592   0.00060   90.4107   -0.8317       INF   5.15333   -0.0074   12.3118   1.0000000
119  1    99.9535   0.00000   300.000   1.00000   5.07245   0.00060   99.0174   0.93610       INF   5.06479   0.00766   12.7132   1.0000000
120  1    101.860   0.00000   300.000   1.00000   5.06462   0.00060   99.9747   1.88481       INF   5.04940   0.01522   25.2768   1.0000000
121  1    110.079   0.22800   1735.00   69.4000   5.07456   0.00060   110.264   -0.1851   0.81183   5.07607   -0.0015   2.50924   1.0000000
122  1    111.624   0.15890   1975.00   102.400   5.08479   0.00090   110.985   0.63932   4.02341   5.07954   0.00525   5.81397   1.0000000
123  1    110.372   0.20610   1860.00   85.2000   5.08389   0.00120   110.151   0.22158   1.07511   5.08207   0.00182   1.51354   1.0000000
124  1    116.550   0.33830   1810.00   81.0000   5.02728   0.00090   116.823   -0.2732   0.80755   5.02940   -0.0021   2.34797   1.0000000
125  1    106.644   0.00000   300.000   1.00000   5.01072   0.00090   106.789   -0.1448       INF   5.01184   -0.0011   1.23311   1.0000000
126  1    120.399   1.02570   2326.00   1.00000   5.04324   0.00090   119.036   1.36380   1.32963   5.03258   0.01066   11.8058   1.0000000
127  1    118.493   0.38600   2273.00   64.8000   5.05077   0.00060   117.645   0.84806   2.19705   5.04407   0.00670   11.1281   1.0000000
128  1    119.244   0.60390   2445.00   83.8000   5.05559   0.00120   118.456   0.78819   1.30517   5.04933   0.00626   5.19346   1.0000000
129  1    119.073   0.80370   2430.00   92.8000   5.05258   0.00090   118.711   0.36196   0.45037   5.04971   0.00287   3.17567   1.0000000
130  1    107.122   0.00000   300.000   1.00000   5.00410   0.00060   107.654   -0.5319       INF   5.00817   -0.0041   6.75569   1.0000000
131  1    123.453   0.10270   2386.00   97.8000   5.01885   0.00090   122.673   0.77969   7.59188   5.01290   0.00595   6.59047   1.0000000

  FITTING STATISTICS FOR 5 PARAMETERS FITTED TO 131 DATA:
      MAXIMUM DELTA-PRESSURE=-3.153


CORRELATION COEFFICIENTS (IN %)
  VARIABLE      V0        K0        Kp        Gamm0     q
    V0   :     100.0     -97.3      90.7      27.2      16.9
    K0   :     -97.3     100.0     -97.9     -42.3     -30.8
    Kp   :      90.7     -97.9     100.0      54.2      43.5
    Gamm0:      27.2     -42.3      54.2     100.0      97.0
    q    :      16.9     -30.8      43.5      97.0     100.0


  VARIANCE-COVARIANCE MATRIX NOT RESCALED
  VARIABLE     V0        K0        Kp        Gamm0     q
    V0   :   0.00088  -0.24207   0.00744   0.00047   0.00112
    K0   :  -0.24207  69.99899  -2.25868  -0.20368  -0.57452
    Kp   :   0.00744  -2.25868   0.07604   0.00861   0.02671
    Gamm0:   0.00047  -0.20368   0.00861   0.00331   0.01244
    q    :   0.00112  -0.57452   0.02671   0.01244   0.04961

 UPDATE EOS PARAMETERS (Y/N)?y
                                       FURTHER CALCULATIONS (Y/N)?n

EOSFIT-7.6>save /Users/clemens/Programming/peritheos/docs/data/miozzi-2020-eosfit-n2-author-volume/speziale_variable_q_debye-unit-theta_fixed/stage3.eos
 
 
  EOS Information
-------------------
 
    Title: 
Eos Saved:  3-OCT-2026 at 14:09
 
   System: 
    Class: Volume
   Pscale: GPa
   Vscale: cm^3/mol
   Stoichiometry:            1.000
 
  Compressibility
-------------------
 
    Model: Birch-Murnaghan
    Order:  3
   Pressure of reference:    0.000
 
      V0:  6.84(3)           :Reference pressure volume: units are cm^3/mol
      K0:  139(8)            :Bulk modulus: units are GPa
      Kp:  5.9(3)            :dK/dP: dimensionless
     Kpp: -0.0675            :d2K/dP2: units are inverse GPa [IMPLIED VALUE]
 
 
  Thermal Expansion
-------------------
 
   Model: Mie-Gruneisen-Debye
 
   Temperature of reference:   300.00 K
 
   ThMGD:  420.000           :Debye temperature in K
   Natom:  2.00000           :Number of atoms per formula unit [FIXED VALUE]
   Gamm0:  0.97(6)           :Gruneisen parameter at Tref,Pref
       q:  0.5(2)            :Gruneisen power law in V/V0
 
  Scale factors for data groups
---------------------------------
   Sca 1:  1.00000           :Scale factor for data group 1 [FIXED VALUE]
 

      Do you want to save this EoS to file (Y/N) <Y>?y




     Eos parameters written to file /Users/clemens/Programming/peritheos/docs/data/miozzi-2020-eosfit-n2-author-volume/speziale_variable_q_debye-unit-theta_fixed/stage3.eos


***** Macro completed
EOSFIT-7.6>

EOSFIT-7.6>exit
